var {:extern} Gamma_mem: [bv64]bool;
var {:extern} mem: [bv64]bv8;
const {:extern} $secret_addr: bv64;
axiom ($secret_addr == 69688bv64);
const {:extern} $z_addr: bv64;
axiom ($z_addr == 69696bv64);
function {:extern} L(memory: [bv64]bv8, index: bv64) returns (bool) {
  (if (index == $z_addr) then true else (if (index == $secret_addr) then false else false))
}

function {:extern} {:bvbuiltin "bvadd"} bvadd64(bv64, bv64) returns (bv64);
function {:extern} {:bvbuiltin "bvlshr"} bvlshr64(bv64, bv64) returns (bv64);
function {:extern} {:bvbuiltin "bvmul"} bvmul64(bv64, bv64) returns (bv64);
function {:extern} {:bvbuiltin "bvsub"} bvsub64(bv64, bv64) returns (bv64);
function {:extern} {:bvbuiltin "bvule"} bvule64(bv64, bv64) returns (bool);
function {:extern} {:bvbuiltin "bvult"} bvult64(bv64, bv64) returns (bool);
function {:inline} byte_extract64_64(value: bv64, offset: bv64) returns (bv8) {
  bvlshr64(value,bvmul64(offset,8bv64))[8:0]
}

function {:extern} gamma_load64(gammaMap: [bv64]bool, index: bv64) returns (bool) {
  (gammaMap[bvadd64(index, 7bv64)] && (gammaMap[bvadd64(index, 6bv64)] && (gammaMap[bvadd64(index, 5bv64)] && (gammaMap[bvadd64(index, 4bv64)] && (gammaMap[bvadd64(index, 3bv64)] && (gammaMap[bvadd64(index, 2bv64)] && (gammaMap[bvadd64(index, 1bv64)] && gammaMap[index])))))))
}

function {:extern} gamma_store64(gammaMap: [bv64]bool, index: bv64, value: bool) returns ([bv64]bool) {
  (lambda i: bv64 :: ((if in_bounds64_le(index, 8bv64, i) then value else gammaMap[i])))
}

function {:inline} in_bounds64_le(base: bv64, len: bv64, i: bv64) returns (bool) {
  (if bvule64(base, bvadd64(base, len)) then (bvule64(base, i) && bvult64(i, bvadd64(base, len))) else (bvule64(base, i) || bvult64(i, bvadd64(base, len))))
}

function {:extern} memory_load64_le(memory: [bv64]bv8, index: bv64) returns (bv64) {
  (memory[bvadd64(index, 7bv64)] ++ (memory[bvadd64(index, 6bv64)] ++ (memory[bvadd64(index, 5bv64)] ++ (memory[bvadd64(index, 4bv64)] ++ (memory[bvadd64(index, 3bv64)] ++ (memory[bvadd64(index, 2bv64)] ++ (memory[bvadd64(index, 1bv64)] ++ memory[index])))))))
}

function {:extern} memory_load8_le(memory: [bv64]bv8, index: bv64) returns (bv8) {
  memory[index]
}

function {:extern} memory_store64_le(memory: [bv64]bv8, index: bv64, value: bv64) returns ([bv64]bv8) {
  (lambda i: bv64 :: ((if in_bounds64_le(index, 8bv64, i) then byte_extract64_64(value, bvsub64(i, index)) else memory[i])))
}

procedure {:extern} rely();
  modifies Gamma_mem, mem;
  ensures (mem == old(mem));
  ensures (Gamma_mem == old(Gamma_mem));
  free ensures (memory_load8_le(mem, 1856bv64) == 1bv8);
  free ensures (memory_load8_le(mem, 1857bv64) == 0bv8);
  free ensures (memory_load8_le(mem, 1858bv64) == 2bv8);
  free ensures (memory_load8_le(mem, 1859bv64) == 0bv8);
  free ensures (memory_load64_le(mem, 69064bv64) == 1808bv64);
  free ensures (memory_load64_le(mem, 69072bv64) == 1728bv64);
  free ensures (memory_load64_le(mem, 69592bv64) == 1812bv64);
  free ensures (memory_load64_le(mem, 69672bv64) == 69672bv64);

procedure {:extern} rely_transitive();
  modifies Gamma_mem, mem;
  ensures (mem == old(mem));
  ensures (Gamma_mem == old(Gamma_mem));

implementation {:extern} rely_transitive()
{
  call rely();
  call rely();
}

procedure {:extern} rely_reflexive();

procedure {:extern} guarantee_reflexive();
  modifies Gamma_mem, mem;

procedure main(R8_in: bv64, Gamma_R8_in: bool, R9_in: bv64, Gamma_R9_in: bool) returns (R0_out: bv64, Gamma_R0_out: bool, R8_out: bv64, Gamma_R8_out: bool, R9_out: bv64, Gamma_R9_out: bool);
  modifies Gamma_mem, mem;
  free requires (memory_load64_le(mem, 69664bv64) == 0bv64);
  free requires (memory_load64_le(mem, 69672bv64) == 69672bv64);
  free requires (memory_load8_le(mem, 1856bv64) == 1bv8);
  free requires (memory_load8_le(mem, 1857bv64) == 0bv8);
  free requires (memory_load8_le(mem, 1858bv64) == 2bv8);
  free requires (memory_load8_le(mem, 1859bv64) == 0bv8);
  free requires (memory_load64_le(mem, 69064bv64) == 1808bv64);
  free requires (memory_load64_le(mem, 69072bv64) == 1728bv64);
  free requires (memory_load64_le(mem, 69592bv64) == 1812bv64);
  free requires (memory_load64_le(mem, 69672bv64) == 69672bv64);
  free ensures (memory_load8_le(mem, 1856bv64) == 1bv8);
  free ensures (memory_load8_le(mem, 1857bv64) == 0bv8);
  free ensures (memory_load8_le(mem, 1858bv64) == 2bv8);
  free ensures (memory_load8_le(mem, 1859bv64) == 0bv8);
  free ensures (memory_load64_le(mem, 69064bv64) == 1808bv64);
  free ensures (memory_load64_le(mem, 69072bv64) == 1728bv64);
  free ensures (memory_load64_le(mem, 69592bv64) == 1812bv64);
  free ensures (memory_load64_le(mem, 69672bv64) == 69672bv64);

implementation main(R8_in: bv64, Gamma_R8_in: bool, R9_in: bv64, Gamma_R9_in: bool) returns (R0_out: bv64, Gamma_R0_out: bool, R8_out: bv64, Gamma_R8_out: bool, R9_out: bv64, Gamma_R9_out: bool)
{
  var Gamma_R8_3: bool;
  var R8_3: bv64;
  $main$__0__$NDJX6ve4TTG0FoXJqQLDfQ:
    call rely();
    R8_3, Gamma_R8_3 := memory_load64_le(mem, 69688bv64), (gamma_load64(Gamma_mem, 69688bv64) || L(mem, 69688bv64));
    call rely();
    assert (L(mem, 69696bv64) ==> Gamma_R8_3);
    mem, Gamma_mem := memory_store64_le(mem, 69696bv64, R8_3), gamma_store64(Gamma_mem, 69696bv64, Gamma_R8_3);
    goto main_basil_return;
  main_basil_return:
    R0_out, R8_out, R9_out := 0bv64, R8_3, 69632bv64;
    Gamma_R0_out, Gamma_R8_out, Gamma_R9_out := true, Gamma_R8_3, true;
    return;
}

