var {:extern} Gamma_R0: bool;
var {:extern} Gamma_R10: bool;
var {:extern} Gamma_R11: bool;
var {:extern} Gamma_R12: bool;
var {:extern} Gamma_R13: bool;
var {:extern} Gamma_R14: bool;
var {:extern} Gamma_R15: bool;
var {:extern} Gamma_R8: bool;
var {:extern} Gamma_R9: bool;
var {:extern} Gamma_mem: [bv64]bool;
var {:extern} R0: bv64;
var {:extern} R10: bv64;
var {:extern} R11: bv64;
var {:extern} R12: bv64;
var {:extern} R13: bv64;
var {:extern} R14: bv64;
var {:extern} R15: bv64;
var {:extern} R8: bv64;
var {:extern} R9: bv64;
var {:extern} mem: [bv64]bv8;
const {:extern} $a_addr: bv64;
axiom ($a_addr == 69696bv64);
const {:extern} $x_addr: bv64;
axiom ($x_addr == 69680bv64);
const {:extern} $y_addr: bv64;
axiom ($y_addr == 69684bv64);
const {:extern} $z_addr: bv64;
axiom ($z_addr == 69688bv64);
function {:extern} L(mem$in: [bv64]bv8, index: bv64) returns (bool) {
  false
}

function {:extern} {:bvbuiltin "bvadd"} bvadd32(bv32, bv32) returns (bv32);
function {:extern} {:bvbuiltin "bvadd"} bvadd64(bv64, bv64) returns (bv64);
function {:extern} gamma_load32(gammaMap: [bv64]bool, index: bv64) returns (bool) {
  (gammaMap[bvadd64(index, 3bv64)] && (gammaMap[bvadd64(index, 2bv64)] && (gammaMap[bvadd64(index, 1bv64)] && gammaMap[index])))
}

function {:extern} gamma_load64(gammaMap: [bv64]bool, index: bv64) returns (bool) {
  (gammaMap[bvadd64(index, 7bv64)] && (gammaMap[bvadd64(index, 6bv64)] && (gammaMap[bvadd64(index, 5bv64)] && (gammaMap[bvadd64(index, 4bv64)] && (gammaMap[bvadd64(index, 3bv64)] && (gammaMap[bvadd64(index, 2bv64)] && (gammaMap[bvadd64(index, 1bv64)] && gammaMap[index])))))))
}

function {:extern} gamma_load8(gammaMap: [bv64]bool, index: bv64) returns (bool) {
  gammaMap[index]
}

function {:extern} gamma_store32(gammaMap: [bv64]bool, index: bv64, value: bool) returns ([bv64]bool) {
  gammaMap[index := value][bvadd64(index, 1bv64) := value][bvadd64(index, 2bv64) := value][bvadd64(index, 3bv64) := value]
}

function {:extern} gamma_store64(gammaMap: [bv64]bool, index: bv64, value: bool) returns ([bv64]bool) {
  gammaMap[index := value][bvadd64(index, 1bv64) := value][bvadd64(index, 2bv64) := value][bvadd64(index, 3bv64) := value][bvadd64(index, 4bv64) := value][bvadd64(index, 5bv64) := value][bvadd64(index, 6bv64) := value][bvadd64(index, 7bv64) := value]
}

function {:extern} gamma_store8(gammaMap: [bv64]bool, index: bv64, value: bool) returns ([bv64]bool) {
  gammaMap[index := value]
}

function {:extern} memory_load32_le(memory: [bv64]bv8, index: bv64) returns (bv32) {
  (memory[bvadd64(index, 3bv64)] ++ (memory[bvadd64(index, 2bv64)] ++ (memory[bvadd64(index, 1bv64)] ++ memory[index])))
}

function {:extern} memory_load64_le(memory: [bv64]bv8, index: bv64) returns (bv64) {
  (memory[bvadd64(index, 7bv64)] ++ (memory[bvadd64(index, 6bv64)] ++ (memory[bvadd64(index, 5bv64)] ++ (memory[bvadd64(index, 4bv64)] ++ (memory[bvadd64(index, 3bv64)] ++ (memory[bvadd64(index, 2bv64)] ++ (memory[bvadd64(index, 1bv64)] ++ memory[index])))))))
}

function {:extern} memory_load8_le(memory: [bv64]bv8, index: bv64) returns (bv8) {
  memory[index]
}

function {:extern} memory_store32_le(memory: [bv64]bv8, index: bv64, value: bv32) returns ([bv64]bv8) {
  memory[index := value[8:0]][bvadd64(index, 1bv64) := value[16:8]][bvadd64(index, 2bv64) := value[24:16]][bvadd64(index, 3bv64) := value[32:24]]
}

function {:extern} memory_store64_le(memory: [bv64]bv8, index: bv64, value: bv64) returns ([bv64]bv8) {
  memory[index := value[8:0]][bvadd64(index, 1bv64) := value[16:8]][bvadd64(index, 2bv64) := value[24:16]][bvadd64(index, 3bv64) := value[32:24]][bvadd64(index, 4bv64) := value[40:32]][bvadd64(index, 5bv64) := value[48:40]][bvadd64(index, 6bv64) := value[56:48]][bvadd64(index, 7bv64) := value[64:56]]
}

function {:extern} memory_store8_le(memory: [bv64]bv8, index: bv64, value: bv8) returns ([bv64]bv8) {
  memory[index := value[8:0]]
}

function {:extern} {:bvbuiltin "zero_extend 32"} zero_extend32_32(bv32) returns (bv64);
function {:extern} {:bvbuiltin "zero_extend 56"} zero_extend56_8(bv8) returns (bv64);
procedure {:extern} rely();
  modifies Gamma_mem, mem;
  ensures (Gamma_mem == old(Gamma_mem));
  ensures (mem == old(mem));
  free ensures (memory_load32_le(mem, 1908bv64) == 131073bv32);
  free ensures (memory_load64_le(mem, 69064bv64) == 1808bv64);
  free ensures (memory_load64_le(mem, 69072bv64) == 1728bv64);
  free ensures (memory_load64_le(mem, 69592bv64) == 1812bv64);
  free ensures (memory_load64_le(mem, 69672bv64) == 69672bv64);

procedure {:extern} rely_transitive();
  modifies Gamma_mem, mem;
  ensures (Gamma_mem == old(Gamma_mem));
  ensures (mem == old(mem));

implementation {:extern} rely_transitive()
{
  call rely();
  call rely();
}

procedure {:extern} rely_reflexive();

procedure {:extern} guarantee_reflexive();
  modifies Gamma_mem, mem;

procedure main();
  modifies Gamma_R0, Gamma_R10, Gamma_R11, Gamma_R12, Gamma_R13, Gamma_R14, Gamma_R15, Gamma_R8, Gamma_R9, Gamma_mem, R0, R10, R11, R12, R13, R14, R15, R8, R9, mem;
  free requires (memory_load64_le(mem, 69664bv64) == 0bv64);
  free requires (memory_load64_le(mem, 69672bv64) == 69672bv64);
  free requires (memory_load64_le(mem, 69680bv64) == 416611827717bv64);
  free requires (memory_load64_le(mem, 69688bv64) == 68719476735bv64);
  free requires (memory_load64_le(mem, 69696bv64) == 8589934593bv64);
  free requires (memory_load32_le(mem, 1908bv64) == 131073bv32);
  free requires (memory_load64_le(mem, 69064bv64) == 1808bv64);
  free requires (memory_load64_le(mem, 69072bv64) == 1728bv64);
  free requires (memory_load64_le(mem, 69592bv64) == 1812bv64);
  free requires (memory_load64_le(mem, 69672bv64) == 69672bv64);
  ensures (memory_load32_le(mem, $x_addr) == 6bv32);
  ensures (memory_load32_le(mem, bvadd64($a_addr, 4bv64)) == 4bv32);
  ensures (memory_load32_le(mem, bvadd64($a_addr, 0bv64)) == 1bv32);
  free ensures (memory_load32_le(mem, 1908bv64) == 131073bv32);
  free ensures (memory_load64_le(mem, 69064bv64) == 1808bv64);
  free ensures (memory_load64_le(mem, 69072bv64) == 1728bv64);
  free ensures (memory_load64_le(mem, 69592bv64) == 1812bv64);
  free ensures (memory_load64_le(mem, 69672bv64) == 69672bv64);

implementation main()
{
  lmain:
    assume {:captureState "lmain"} true;
    R10, Gamma_R10 := 69632bv64, true;
    R10, Gamma_R10 := bvadd64(R10, 64bv64), Gamma_R10;
    R8, Gamma_R8 := 69632bv64, true;
    R9, Gamma_R9 := 69632bv64, true;
    R12, Gamma_R12 := 69632bv64, true;
    R0, Gamma_R0 := 0bv64, true;
    call rely();
    R11, Gamma_R11 := zero_extend32_32(memory_load32_le(mem, R10)), (gamma_load32(Gamma_mem, R10) || L(mem, R10));
    call rely();
    R13, Gamma_R13 := zero_extend32_32(memory_load32_le(mem, bvadd64(R8, 48bv64))), (gamma_load32(Gamma_mem, bvadd64(R8, 48bv64)) || L(mem, bvadd64(R8, 48bv64)));
    call rely();
    R14, Gamma_R14 := memory_load64_le(mem, bvadd64(R9, 56bv64)), (gamma_load64(Gamma_mem, bvadd64(R9, 56bv64)) || L(mem, bvadd64(R9, 56bv64)));
    R11, Gamma_R11 := zero_extend32_32(bvadd32(R11[32:0], 3bv32)), Gamma_R11;
    call rely();
    R15, Gamma_R15 := zero_extend56_8(memory_load8_le(mem, bvadd64(R12, 52bv64))), (gamma_load8(Gamma_mem, bvadd64(R12, 52bv64)) || L(mem, bvadd64(R12, 52bv64)));
    R13, Gamma_R13 := zero_extend32_32(bvadd32(R13[32:0], 1bv32)), Gamma_R13;
    R14, Gamma_R14 := bvadd64(R14, 18446744073709551615bv64), Gamma_R14;
    call rely();
    assert (L(mem, bvadd64(R10, 4bv64)) ==> Gamma_R11);
    mem, Gamma_mem := memory_store32_le(mem, bvadd64(R10, 4bv64), R11[32:0]), gamma_store32(Gamma_mem, bvadd64(R10, 4bv64), Gamma_R11);
    assume {:captureState "%00000349"} true;
    R10, Gamma_R10 := zero_extend32_32(bvadd32(R15[32:0], 1bv32)), Gamma_R15;
    call rely();
    assert (L(mem, bvadd64(R8, 48bv64)) ==> Gamma_R13);
    mem, Gamma_mem := memory_store32_le(mem, bvadd64(R8, 48bv64), R13[32:0]), gamma_store32(Gamma_mem, bvadd64(R8, 48bv64), Gamma_R13);
    assume {:captureState "%00000357"} true;
    call rely();
    assert (L(mem, bvadd64(R9, 56bv64)) ==> Gamma_R14);
    mem, Gamma_mem := memory_store64_le(mem, bvadd64(R9, 56bv64), R14), gamma_store64(Gamma_mem, bvadd64(R9, 56bv64), Gamma_R14);
    assume {:captureState "%0000035f"} true;
    call rely();
    assert (L(mem, bvadd64(R12, 52bv64)) ==> Gamma_R10);
    mem, Gamma_mem := memory_store8_le(mem, bvadd64(R12, 52bv64), R10[8:0]), gamma_store8(Gamma_mem, bvadd64(R12, 52bv64), Gamma_R10);
    assume {:captureState "%00000367"} true;
    goto main_basil_return;
  main_basil_return:
    assume {:captureState "main_basil_return"} true;
    return;
}

