var Gamma_R0: bool;
var Gamma_R1: bool;
var Gamma_R29: bool;
var Gamma_R30: bool;
var Gamma_R31: bool;
var Gamma_R8: bool;
var Gamma_R9: bool;
var Gamma_mem: [bv64]bool;
var Gamma_stack: [bv64]bool;
var R0: bv64;
var R1: bv64;
var R29: bv64;
var R30: bv64;
var R31: bv64;
var R8: bv64;
var R9: bv64;
var mem: [bv64]bv8;
var stack: [bv64]bv8;
const $_IO_stdin_used_addr: bv64;
axiom ($_IO_stdin_used_addr == 2124bv64);
const $jump_table_addr: bv64;
axiom ($jump_table_addr == 69688bv64);
const $x_addr: bv64;
axiom ($x_addr == 69680bv64);
function L(memory: [bv64]bv8, index: bv64) returns (bool) {
  false
}

function {:bvbuiltin "bvadd"} bvadd64(bv64, bv64) returns (bv64);
function gamma_load32(gammaMap: [bv64]bool, index: bv64) returns (bool) {
  (gammaMap[bvadd64(index, 3bv64)] && (gammaMap[bvadd64(index, 2bv64)] && (gammaMap[bvadd64(index, 1bv64)] && gammaMap[index])))
}

function gamma_load64(gammaMap: [bv64]bool, index: bv64) returns (bool) {
  (gammaMap[bvadd64(index, 7bv64)] && (gammaMap[bvadd64(index, 6bv64)] && (gammaMap[bvadd64(index, 5bv64)] && (gammaMap[bvadd64(index, 4bv64)] && (gammaMap[bvadd64(index, 3bv64)] && (gammaMap[bvadd64(index, 2bv64)] && (gammaMap[bvadd64(index, 1bv64)] && gammaMap[index])))))))
}

function gamma_store32(gammaMap: [bv64]bool, index: bv64, value: bool) returns ([bv64]bool) {
  gammaMap[index := value][bvadd64(index, 1bv64) := value][bvadd64(index, 2bv64) := value][bvadd64(index, 3bv64) := value]
}

function gamma_store64(gammaMap: [bv64]bool, index: bv64, value: bool) returns ([bv64]bool) {
  gammaMap[index := value][bvadd64(index, 1bv64) := value][bvadd64(index, 2bv64) := value][bvadd64(index, 3bv64) := value][bvadd64(index, 4bv64) := value][bvadd64(index, 5bv64) := value][bvadd64(index, 6bv64) := value][bvadd64(index, 7bv64) := value]
}

function memory_load32_le(memory: [bv64]bv8, index: bv64) returns (bv32) {
  (memory[bvadd64(index, 3bv64)] ++ (memory[bvadd64(index, 2bv64)] ++ (memory[bvadd64(index, 1bv64)] ++ memory[index])))
}

function memory_load64_le(memory: [bv64]bv8, index: bv64) returns (bv64) {
  (memory[bvadd64(index, 7bv64)] ++ (memory[bvadd64(index, 6bv64)] ++ (memory[bvadd64(index, 5bv64)] ++ (memory[bvadd64(index, 4bv64)] ++ (memory[bvadd64(index, 3bv64)] ++ (memory[bvadd64(index, 2bv64)] ++ (memory[bvadd64(index, 1bv64)] ++ memory[index])))))))
}

function memory_load8_le(memory: [bv64]bv8, index: bv64) returns (bv8) {
  memory[index]
}

function memory_store32_le(memory: [bv64]bv8, index: bv64, value: bv32) returns ([bv64]bv8) {
  memory[index := value[8:0]][bvadd64(index, 1bv64) := value[16:8]][bvadd64(index, 2bv64) := value[24:16]][bvadd64(index, 3bv64) := value[32:24]]
}

function memory_store64_le(memory: [bv64]bv8, index: bv64, value: bv64) returns ([bv64]bv8) {
  memory[index := value[8:0]][bvadd64(index, 1bv64) := value[16:8]][bvadd64(index, 2bv64) := value[24:16]][bvadd64(index, 3bv64) := value[32:24]][bvadd64(index, 4bv64) := value[40:32]][bvadd64(index, 5bv64) := value[48:40]][bvadd64(index, 6bv64) := value[56:48]][bvadd64(index, 7bv64) := value[64:56]]
}

function {:bvbuiltin "zero_extend 32"} zero_extend32_32(bv32) returns (bv64);
procedure rely();
  modifies mem, Gamma_mem;
  ensures (mem == old(mem));
  ensures (Gamma_mem == old(Gamma_mem));
  free ensures (memory_load8_le(mem, 2124bv64) == 1bv8);
  free ensures (memory_load8_le(mem, 2125bv64) == 0bv8);
  free ensures (memory_load8_le(mem, 2126bv64) == 2bv8);
  free ensures (memory_load8_le(mem, 2127bv64) == 0bv8);
  free ensures (memory_load8_le(mem, 69584bv64) == 220bv8);
  free ensures (memory_load8_le(mem, 69585bv64) == 7bv8);
  free ensures (memory_load8_le(mem, 69586bv64) == 0bv8);
  free ensures (memory_load8_le(mem, 69587bv64) == 0bv8);
  free ensures (memory_load8_le(mem, 69588bv64) == 0bv8);
  free ensures (memory_load8_le(mem, 69589bv64) == 0bv8);
  free ensures (memory_load8_le(mem, 69590bv64) == 0bv8);
  free ensures (memory_load8_le(mem, 69591bv64) == 0bv8);
  free ensures (memory_load8_le(mem, 69688bv64) == 148bv8);
  free ensures (memory_load8_le(mem, 69689bv64) == 7bv8);
  free ensures (memory_load8_le(mem, 69690bv64) == 0bv8);
  free ensures (memory_load8_le(mem, 69691bv64) == 0bv8);
  free ensures (memory_load8_le(mem, 69692bv64) == 0bv8);
  free ensures (memory_load8_le(mem, 69693bv64) == 0bv8);
  free ensures (memory_load8_le(mem, 69694bv64) == 0bv8);
  free ensures (memory_load8_le(mem, 69695bv64) == 0bv8);
  free ensures (memory_load8_le(mem, 69048bv64) == 144bv8);
  free ensures (memory_load8_le(mem, 69049bv64) == 7bv8);
  free ensures (memory_load8_le(mem, 69050bv64) == 0bv8);
  free ensures (memory_load8_le(mem, 69051bv64) == 0bv8);
  free ensures (memory_load8_le(mem, 69052bv64) == 0bv8);
  free ensures (memory_load8_le(mem, 69053bv64) == 0bv8);
  free ensures (memory_load8_le(mem, 69054bv64) == 0bv8);
  free ensures (memory_load8_le(mem, 69055bv64) == 0bv8);
  free ensures (memory_load8_le(mem, 69568bv64) == 48bv8);
  free ensures (memory_load8_le(mem, 69569bv64) == 16bv8);
  free ensures (memory_load8_le(mem, 69570bv64) == 1bv8);
  free ensures (memory_load8_le(mem, 69571bv64) == 0bv8);
  free ensures (memory_load8_le(mem, 69572bv64) == 0bv8);
  free ensures (memory_load8_le(mem, 69573bv64) == 0bv8);
  free ensures (memory_load8_le(mem, 69574bv64) == 0bv8);
  free ensures (memory_load8_le(mem, 69575bv64) == 0bv8);
  free ensures (memory_load8_le(mem, 69056bv64) == 64bv8);
  free ensures (memory_load8_le(mem, 69057bv64) == 7bv8);
  free ensures (memory_load8_le(mem, 69058bv64) == 0bv8);
  free ensures (memory_load8_le(mem, 69059bv64) == 0bv8);
  free ensures (memory_load8_le(mem, 69060bv64) == 0bv8);
  free ensures (memory_load8_le(mem, 69061bv64) == 0bv8);
  free ensures (memory_load8_le(mem, 69062bv64) == 0bv8);
  free ensures (memory_load8_le(mem, 69063bv64) == 0bv8);
  free ensures (memory_load8_le(mem, 69672bv64) == 40bv8);
  free ensures (memory_load8_le(mem, 69673bv64) == 16bv8);
  free ensures (memory_load8_le(mem, 69674bv64) == 1bv8);
  free ensures (memory_load8_le(mem, 69675bv64) == 0bv8);
  free ensures (memory_load8_le(mem, 69676bv64) == 0bv8);
  free ensures (memory_load8_le(mem, 69677bv64) == 0bv8);
  free ensures (memory_load8_le(mem, 69678bv64) == 0bv8);
  free ensures (memory_load8_le(mem, 69679bv64) == 0bv8);
  free ensures (memory_load8_le(mem, 69704bv64) == 196bv8);
  free ensures (memory_load8_le(mem, 69705bv64) == 7bv8);
  free ensures (memory_load8_le(mem, 69706bv64) == 0bv8);
  free ensures (memory_load8_le(mem, 69707bv64) == 0bv8);
  free ensures (memory_load8_le(mem, 69708bv64) == 0bv8);
  free ensures (memory_load8_le(mem, 69709bv64) == 0bv8);
  free ensures (memory_load8_le(mem, 69710bv64) == 0bv8);
  free ensures (memory_load8_le(mem, 69711bv64) == 0bv8);
  free ensures (memory_load8_le(mem, 69696bv64) == 172bv8);
  free ensures (memory_load8_le(mem, 69697bv64) == 7bv8);
  free ensures (memory_load8_le(mem, 69698bv64) == 0bv8);
  free ensures (memory_load8_le(mem, 69699bv64) == 0bv8);
  free ensures (memory_load8_le(mem, 69700bv64) == 0bv8);
  free ensures (memory_load8_le(mem, 69701bv64) == 0bv8);
  free ensures (memory_load8_le(mem, 69702bv64) == 0bv8);
  free ensures (memory_load8_le(mem, 69703bv64) == 0bv8);
  free ensures (memory_load8_le(mem, 69600bv64) == 56bv8);
  free ensures (memory_load8_le(mem, 69601bv64) == 16bv8);
  free ensures (memory_load8_le(mem, 69602bv64) == 1bv8);
  free ensures (memory_load8_le(mem, 69603bv64) == 0bv8);
  free ensures (memory_load8_le(mem, 69604bv64) == 0bv8);
  free ensures (memory_load8_le(mem, 69605bv64) == 0bv8);
  free ensures (memory_load8_le(mem, 69606bv64) == 0bv8);
  free ensures (memory_load8_le(mem, 69607bv64) == 0bv8);

procedure rely_transitive()
  modifies mem, Gamma_mem;
  ensures (mem == old(mem));
  ensures (Gamma_mem == old(Gamma_mem));
{
  call rely();
  call rely();
}

procedure rely_reflexive();

procedure guarantee_reflexive();
  modifies mem, Gamma_mem;

procedure main()
  modifies Gamma_R0, Gamma_R29, Gamma_R30, Gamma_R31, Gamma_R8, Gamma_R9, Gamma_stack, R0, R29, R30, R31, R8, R9, stack;
  free requires (memory_load8_le(mem, 69664bv64) == 0bv8);
  free requires (memory_load8_le(mem, 69665bv64) == 0bv8);
  free requires (memory_load8_le(mem, 69666bv64) == 0bv8);
  free requires (memory_load8_le(mem, 69667bv64) == 0bv8);
  free requires (memory_load8_le(mem, 69668bv64) == 0bv8);
  free requires (memory_load8_le(mem, 69669bv64) == 0bv8);
  free requires (memory_load8_le(mem, 69670bv64) == 0bv8);
  free requires (memory_load8_le(mem, 69671bv64) == 0bv8);
  free requires (memory_load8_le(mem, 69672bv64) == 40bv8);
  free requires (memory_load8_le(mem, 69673bv64) == 16bv8);
  free requires (memory_load8_le(mem, 69674bv64) == 1bv8);
  free requires (memory_load8_le(mem, 69675bv64) == 0bv8);
  free requires (memory_load8_le(mem, 69676bv64) == 0bv8);
  free requires (memory_load8_le(mem, 69677bv64) == 0bv8);
  free requires (memory_load8_le(mem, 69678bv64) == 0bv8);
  free requires (memory_load8_le(mem, 69679bv64) == 0bv8);
  free requires (memory_load8_le(mem, 69680bv64) == 5bv8);
  free requires (memory_load8_le(mem, 69681bv64) == 0bv8);
  free requires (memory_load8_le(mem, 69682bv64) == 0bv8);
  free requires (memory_load8_le(mem, 69683bv64) == 0bv8);
  free requires (memory_load8_le(mem, 69684bv64) == 0bv8);
  free requires (memory_load8_le(mem, 69685bv64) == 0bv8);
  free requires (memory_load8_le(mem, 69686bv64) == 0bv8);
  free requires (memory_load8_le(mem, 69687bv64) == 0bv8);
  free requires (memory_load8_le(mem, 69688bv64) == 148bv8);
  free requires (memory_load8_le(mem, 69689bv64) == 7bv8);
  free requires (memory_load8_le(mem, 69690bv64) == 0bv8);
  free requires (memory_load8_le(mem, 69691bv64) == 0bv8);
  free requires (memory_load8_le(mem, 69692bv64) == 0bv8);
  free requires (memory_load8_le(mem, 69693bv64) == 0bv8);
  free requires (memory_load8_le(mem, 69694bv64) == 0bv8);
  free requires (memory_load8_le(mem, 69695bv64) == 0bv8);
  free requires (memory_load8_le(mem, 69696bv64) == 172bv8);
  free requires (memory_load8_le(mem, 69697bv64) == 7bv8);
  free requires (memory_load8_le(mem, 69698bv64) == 0bv8);
  free requires (memory_load8_le(mem, 69699bv64) == 0bv8);
  free requires (memory_load8_le(mem, 69700bv64) == 0bv8);
  free requires (memory_load8_le(mem, 69701bv64) == 0bv8);
  free requires (memory_load8_le(mem, 69702bv64) == 0bv8);
  free requires (memory_load8_le(mem, 69703bv64) == 0bv8);
  free requires (memory_load8_le(mem, 69704bv64) == 196bv8);
  free requires (memory_load8_le(mem, 69705bv64) == 7bv8);
  free requires (memory_load8_le(mem, 69706bv64) == 0bv8);
  free requires (memory_load8_le(mem, 69707bv64) == 0bv8);
  free requires (memory_load8_le(mem, 69708bv64) == 0bv8);
  free requires (memory_load8_le(mem, 69709bv64) == 0bv8);
  free requires (memory_load8_le(mem, 69710bv64) == 0bv8);
  free requires (memory_load8_le(mem, 69711bv64) == 0bv8);
  free requires (memory_load8_le(mem, 2124bv64) == 1bv8);
  free requires (memory_load8_le(mem, 2125bv64) == 0bv8);
  free requires (memory_load8_le(mem, 2126bv64) == 2bv8);
  free requires (memory_load8_le(mem, 2127bv64) == 0bv8);
  free requires (memory_load8_le(mem, 69584bv64) == 220bv8);
  free requires (memory_load8_le(mem, 69585bv64) == 7bv8);
  free requires (memory_load8_le(mem, 69586bv64) == 0bv8);
  free requires (memory_load8_le(mem, 69587bv64) == 0bv8);
  free requires (memory_load8_le(mem, 69588bv64) == 0bv8);
  free requires (memory_load8_le(mem, 69589bv64) == 0bv8);
  free requires (memory_load8_le(mem, 69590bv64) == 0bv8);
  free requires (memory_load8_le(mem, 69591bv64) == 0bv8);
  free requires (memory_load8_le(mem, 69688bv64) == 148bv8);
  free requires (memory_load8_le(mem, 69689bv64) == 7bv8);
  free requires (memory_load8_le(mem, 69690bv64) == 0bv8);
  free requires (memory_load8_le(mem, 69691bv64) == 0bv8);
  free requires (memory_load8_le(mem, 69692bv64) == 0bv8);
  free requires (memory_load8_le(mem, 69693bv64) == 0bv8);
  free requires (memory_load8_le(mem, 69694bv64) == 0bv8);
  free requires (memory_load8_le(mem, 69695bv64) == 0bv8);
  free requires (memory_load8_le(mem, 69048bv64) == 144bv8);
  free requires (memory_load8_le(mem, 69049bv64) == 7bv8);
  free requires (memory_load8_le(mem, 69050bv64) == 0bv8);
  free requires (memory_load8_le(mem, 69051bv64) == 0bv8);
  free requires (memory_load8_le(mem, 69052bv64) == 0bv8);
  free requires (memory_load8_le(mem, 69053bv64) == 0bv8);
  free requires (memory_load8_le(mem, 69054bv64) == 0bv8);
  free requires (memory_load8_le(mem, 69055bv64) == 0bv8);
  free requires (memory_load8_le(mem, 69568bv64) == 48bv8);
  free requires (memory_load8_le(mem, 69569bv64) == 16bv8);
  free requires (memory_load8_le(mem, 69570bv64) == 1bv8);
  free requires (memory_load8_le(mem, 69571bv64) == 0bv8);
  free requires (memory_load8_le(mem, 69572bv64) == 0bv8);
  free requires (memory_load8_le(mem, 69573bv64) == 0bv8);
  free requires (memory_load8_le(mem, 69574bv64) == 0bv8);
  free requires (memory_load8_le(mem, 69575bv64) == 0bv8);
  free requires (memory_load8_le(mem, 69056bv64) == 64bv8);
  free requires (memory_load8_le(mem, 69057bv64) == 7bv8);
  free requires (memory_load8_le(mem, 69058bv64) == 0bv8);
  free requires (memory_load8_le(mem, 69059bv64) == 0bv8);
  free requires (memory_load8_le(mem, 69060bv64) == 0bv8);
  free requires (memory_load8_le(mem, 69061bv64) == 0bv8);
  free requires (memory_load8_le(mem, 69062bv64) == 0bv8);
  free requires (memory_load8_le(mem, 69063bv64) == 0bv8);
  free requires (memory_load8_le(mem, 69672bv64) == 40bv8);
  free requires (memory_load8_le(mem, 69673bv64) == 16bv8);
  free requires (memory_load8_le(mem, 69674bv64) == 1bv8);
  free requires (memory_load8_le(mem, 69675bv64) == 0bv8);
  free requires (memory_load8_le(mem, 69676bv64) == 0bv8);
  free requires (memory_load8_le(mem, 69677bv64) == 0bv8);
  free requires (memory_load8_le(mem, 69678bv64) == 0bv8);
  free requires (memory_load8_le(mem, 69679bv64) == 0bv8);
  free requires (memory_load8_le(mem, 69704bv64) == 196bv8);
  free requires (memory_load8_le(mem, 69705bv64) == 7bv8);
  free requires (memory_load8_le(mem, 69706bv64) == 0bv8);
  free requires (memory_load8_le(mem, 69707bv64) == 0bv8);
  free requires (memory_load8_le(mem, 69708bv64) == 0bv8);
  free requires (memory_load8_le(mem, 69709bv64) == 0bv8);
  free requires (memory_load8_le(mem, 69710bv64) == 0bv8);
  free requires (memory_load8_le(mem, 69711bv64) == 0bv8);
  free requires (memory_load8_le(mem, 69696bv64) == 172bv8);
  free requires (memory_load8_le(mem, 69697bv64) == 7bv8);
  free requires (memory_load8_le(mem, 69698bv64) == 0bv8);
  free requires (memory_load8_le(mem, 69699bv64) == 0bv8);
  free requires (memory_load8_le(mem, 69700bv64) == 0bv8);
  free requires (memory_load8_le(mem, 69701bv64) == 0bv8);
  free requires (memory_load8_le(mem, 69702bv64) == 0bv8);
  free requires (memory_load8_le(mem, 69703bv64) == 0bv8);
  free requires (memory_load8_le(mem, 69600bv64) == 56bv8);
  free requires (memory_load8_le(mem, 69601bv64) == 16bv8);
  free requires (memory_load8_le(mem, 69602bv64) == 1bv8);
  free requires (memory_load8_le(mem, 69603bv64) == 0bv8);
  free requires (memory_load8_le(mem, 69604bv64) == 0bv8);
  free requires (memory_load8_le(mem, 69605bv64) == 0bv8);
  free requires (memory_load8_le(mem, 69606bv64) == 0bv8);
  free requires (memory_load8_le(mem, 69607bv64) == 0bv8);
  free ensures (Gamma_R29 == old(Gamma_R29));
  free ensures (Gamma_R31 == old(Gamma_R31));
  free ensures (R29 == old(R29));
  free ensures (R31 == old(R31));
  free ensures (memory_load8_le(mem, 2124bv64) == 1bv8);
  free ensures (memory_load8_le(mem, 2125bv64) == 0bv8);
  free ensures (memory_load8_le(mem, 2126bv64) == 2bv8);
  free ensures (memory_load8_le(mem, 2127bv64) == 0bv8);
  free ensures (memory_load8_le(mem, 69584bv64) == 220bv8);
  free ensures (memory_load8_le(mem, 69585bv64) == 7bv8);
  free ensures (memory_load8_le(mem, 69586bv64) == 0bv8);
  free ensures (memory_load8_le(mem, 69587bv64) == 0bv8);
  free ensures (memory_load8_le(mem, 69588bv64) == 0bv8);
  free ensures (memory_load8_le(mem, 69589bv64) == 0bv8);
  free ensures (memory_load8_le(mem, 69590bv64) == 0bv8);
  free ensures (memory_load8_le(mem, 69591bv64) == 0bv8);
  free ensures (memory_load8_le(mem, 69688bv64) == 148bv8);
  free ensures (memory_load8_le(mem, 69689bv64) == 7bv8);
  free ensures (memory_load8_le(mem, 69690bv64) == 0bv8);
  free ensures (memory_load8_le(mem, 69691bv64) == 0bv8);
  free ensures (memory_load8_le(mem, 69692bv64) == 0bv8);
  free ensures (memory_load8_le(mem, 69693bv64) == 0bv8);
  free ensures (memory_load8_le(mem, 69694bv64) == 0bv8);
  free ensures (memory_load8_le(mem, 69695bv64) == 0bv8);
  free ensures (memory_load8_le(mem, 69048bv64) == 144bv8);
  free ensures (memory_load8_le(mem, 69049bv64) == 7bv8);
  free ensures (memory_load8_le(mem, 69050bv64) == 0bv8);
  free ensures (memory_load8_le(mem, 69051bv64) == 0bv8);
  free ensures (memory_load8_le(mem, 69052bv64) == 0bv8);
  free ensures (memory_load8_le(mem, 69053bv64) == 0bv8);
  free ensures (memory_load8_le(mem, 69054bv64) == 0bv8);
  free ensures (memory_load8_le(mem, 69055bv64) == 0bv8);
  free ensures (memory_load8_le(mem, 69568bv64) == 48bv8);
  free ensures (memory_load8_le(mem, 69569bv64) == 16bv8);
  free ensures (memory_load8_le(mem, 69570bv64) == 1bv8);
  free ensures (memory_load8_le(mem, 69571bv64) == 0bv8);
  free ensures (memory_load8_le(mem, 69572bv64) == 0bv8);
  free ensures (memory_load8_le(mem, 69573bv64) == 0bv8);
  free ensures (memory_load8_le(mem, 69574bv64) == 0bv8);
  free ensures (memory_load8_le(mem, 69575bv64) == 0bv8);
  free ensures (memory_load8_le(mem, 69056bv64) == 64bv8);
  free ensures (memory_load8_le(mem, 69057bv64) == 7bv8);
  free ensures (memory_load8_le(mem, 69058bv64) == 0bv8);
  free ensures (memory_load8_le(mem, 69059bv64) == 0bv8);
  free ensures (memory_load8_le(mem, 69060bv64) == 0bv8);
  free ensures (memory_load8_le(mem, 69061bv64) == 0bv8);
  free ensures (memory_load8_le(mem, 69062bv64) == 0bv8);
  free ensures (memory_load8_le(mem, 69063bv64) == 0bv8);
  free ensures (memory_load8_le(mem, 69672bv64) == 40bv8);
  free ensures (memory_load8_le(mem, 69673bv64) == 16bv8);
  free ensures (memory_load8_le(mem, 69674bv64) == 1bv8);
  free ensures (memory_load8_le(mem, 69675bv64) == 0bv8);
  free ensures (memory_load8_le(mem, 69676bv64) == 0bv8);
  free ensures (memory_load8_le(mem, 69677bv64) == 0bv8);
  free ensures (memory_load8_le(mem, 69678bv64) == 0bv8);
  free ensures (memory_load8_le(mem, 69679bv64) == 0bv8);
  free ensures (memory_load8_le(mem, 69704bv64) == 196bv8);
  free ensures (memory_load8_le(mem, 69705bv64) == 7bv8);
  free ensures (memory_load8_le(mem, 69706bv64) == 0bv8);
  free ensures (memory_load8_le(mem, 69707bv64) == 0bv8);
  free ensures (memory_load8_le(mem, 69708bv64) == 0bv8);
  free ensures (memory_load8_le(mem, 69709bv64) == 0bv8);
  free ensures (memory_load8_le(mem, 69710bv64) == 0bv8);
  free ensures (memory_load8_le(mem, 69711bv64) == 0bv8);
  free ensures (memory_load8_le(mem, 69696bv64) == 172bv8);
  free ensures (memory_load8_le(mem, 69697bv64) == 7bv8);
  free ensures (memory_load8_le(mem, 69698bv64) == 0bv8);
  free ensures (memory_load8_le(mem, 69699bv64) == 0bv8);
  free ensures (memory_load8_le(mem, 69700bv64) == 0bv8);
  free ensures (memory_load8_le(mem, 69701bv64) == 0bv8);
  free ensures (memory_load8_le(mem, 69702bv64) == 0bv8);
  free ensures (memory_load8_le(mem, 69703bv64) == 0bv8);
  free ensures (memory_load8_le(mem, 69600bv64) == 56bv8);
  free ensures (memory_load8_le(mem, 69601bv64) == 16bv8);
  free ensures (memory_load8_le(mem, 69602bv64) == 1bv8);
  free ensures (memory_load8_le(mem, 69603bv64) == 0bv8);
  free ensures (memory_load8_le(mem, 69604bv64) == 0bv8);
  free ensures (memory_load8_le(mem, 69605bv64) == 0bv8);
  free ensures (memory_load8_le(mem, 69606bv64) == 0bv8);
  free ensures (memory_load8_le(mem, 69607bv64) == 0bv8);
{
  var #5: bv64;
  var #6: bv64;
  var Gamma_#5: bool;
  var Gamma_#6: bool;
  lmain:
    R31, Gamma_R31 := bvadd64(R31, 18446744073709551568bv64), Gamma_R31;
    #5, Gamma_#5 := bvadd64(R31, 32bv64), Gamma_R31;
    stack, Gamma_stack := memory_store64_le(stack, #5, R29), gamma_store64(Gamma_stack, #5, Gamma_R29);
    stack, Gamma_stack := memory_store64_le(stack, bvadd64(#5, 8bv64), R30), gamma_store64(Gamma_stack, bvadd64(#5, 8bv64), Gamma_R30);
    R29, Gamma_R29 := bvadd64(R31, 32bv64), Gamma_R31;
    R8, Gamma_R8 := 65536bv64, true;
    R8, Gamma_R8 := memory_load64_le(mem, bvadd64(R8, 4064bv64)), (gamma_load64(Gamma_mem, bvadd64(R8, 4064bv64)) || L(mem, bvadd64(R8, 4064bv64)));
    stack, Gamma_stack := memory_store64_le(stack, R31, R8), gamma_store64(Gamma_stack, R31, Gamma_R8);
    R9, Gamma_R9 := 0bv64, true;
    stack, Gamma_stack := memory_store32_le(stack, bvadd64(R31, 12bv64), R9[32:0]), gamma_store32(Gamma_stack, bvadd64(R31, 12bv64), Gamma_R9);
    stack, Gamma_stack := memory_store32_le(stack, bvadd64(R29, 18446744073709551612bv64), 0bv32), gamma_store32(Gamma_stack, bvadd64(R29, 18446744073709551612bv64), true);
    stack, Gamma_stack := memory_store32_le(stack, bvadd64(R29, 18446744073709551608bv64), R0[32:0]), gamma_store32(Gamma_stack, bvadd64(R29, 18446744073709551608bv64), Gamma_R0);
    stack, Gamma_stack := memory_store64_le(stack, bvadd64(R31, 16bv64), R1), gamma_store64(Gamma_stack, bvadd64(R31, 16bv64), Gamma_R1);
    R8, Gamma_R8 := memory_load64_le(mem, R8), (gamma_load64(Gamma_mem, R8) || L(mem, R8));
    R30, Gamma_R30 := 2064bv64, true;
    //UNRESOLVED: call R8
    assume false;
    goto l0000043b;
  l0000043b:
    R8, Gamma_R8 := memory_load64_le(mem, R31), (gamma_load64(Gamma_mem, R31) || L(mem, R31));
    R8, Gamma_R8 := memory_load64_le(mem, bvadd64(R8, 8bv64)), (gamma_load64(Gamma_mem, bvadd64(R8, 8bv64)) || L(mem, bvadd64(R8, 8bv64)));
    R30, Gamma_R30 := 2076bv64, true;
    //UNRESOLVED: call R8
    assume false;
    goto l00000451;
  l00000451:
    R8, Gamma_R8 := memory_load64_le(mem, R31), (gamma_load64(Gamma_mem, R31) || L(mem, R31));
    R8, Gamma_R8 := memory_load64_le(mem, bvadd64(R8, 16bv64)), (gamma_load64(Gamma_mem, bvadd64(R8, 16bv64)) || L(mem, bvadd64(R8, 16bv64)));
    R30, Gamma_R30 := 2088bv64, true;
    //UNRESOLVED: call R8
    assume false;
    goto l00000467;
  l00000467:
    R0, Gamma_R0 := zero_extend32_32(memory_load32_le(mem, bvadd64(R31, 12bv64))), (gamma_load32(Gamma_mem, bvadd64(R31, 12bv64)) || L(mem, bvadd64(R31, 12bv64)));
    #6, Gamma_#6 := bvadd64(R31, 32bv64), Gamma_R31;
    R29, Gamma_R29 := memory_load64_le(mem, #6), (gamma_load64(Gamma_mem, #6) || L(mem, #6));
    R30, Gamma_R30 := memory_load64_le(mem, bvadd64(#6, 8bv64)), (gamma_load64(Gamma_mem, bvadd64(#6, 8bv64)) || L(mem, bvadd64(#6, 8bv64)));
    R31, Gamma_R31 := bvadd64(R31, 48bv64), Gamma_R31;
    return;
}
