var {:extern} Gamma_mem: [bv64]bool;
var {:extern} Gamma_stack: [bv64]bool;
var {:extern} mem: [bv64]bv8;
var {:extern} stack: [bv64]bv8;
function {:extern} {:bvbuiltin "bvadd"} bvadd32(bv32, bv32) returns (bv32);
function {:extern} {:bvbuiltin "bvadd"} bvadd64(bv64, bv64) returns (bv64);
function {:extern} {:bvbuiltin "bvlshr"} bvlshr32(bv32, bv32) returns (bv32);
function {:extern} {:bvbuiltin "bvlshr"} bvlshr64(bv64, bv64) returns (bv64);
function {:extern} {:bvbuiltin "bvmul"} bvmul64(bv64, bv64) returns (bv64);
function {:extern} {:bvbuiltin "bvsub"} bvsub64(bv64, bv64) returns (bv64);
function {:extern} {:bvbuiltin "bvule"} bvule64(bv64, bv64) returns (bool);
function {:extern} {:bvbuiltin "bvult"} bvult64(bv64, bv64) returns (bool);
function {:inline} byte_extract32_64(value: bv32, offset: bv64) returns (bv8) {
  bvlshr32(value,bvmul64(offset,8bv64)[32:0])[8:0]
}

function {:inline} byte_extract64_64(value: bv64, offset: bv64) returns (bv8) {
  bvlshr64(value,bvmul64(offset,8bv64))[8:0]
}

function {:extern} gamma_load32(gammaMap: [bv64]bool, index: bv64) returns (bool) {
  (gammaMap[bvadd64(index, 3bv64)] && (gammaMap[bvadd64(index, 2bv64)] && (gammaMap[bvadd64(index, 1bv64)] && gammaMap[index])))
}

function {:extern} gamma_store32(gammaMap: [bv64]bool, index: bv64, value: bool) returns ([bv64]bool) {
  (lambda i: bv64 :: ((if in_bounds64_le(index, 4bv64, i) then value else gammaMap[i])))
}

function {:extern} gamma_store64(gammaMap: [bv64]bool, index: bv64, value: bool) returns ([bv64]bool) {
  (lambda i: bv64 :: ((if in_bounds64_le(index, 8bv64, i) then value else gammaMap[i])))
}

function {:inline} in_bounds64_le(base: bv64, len: bv64, i: bv64) returns (bool) {
  (if bvule64(base, bvadd64(base, len)) then (bvule64(base, i) && bvult64(i, bvadd64(base, len))) else (bvule64(base, i) || bvult64(i, bvadd64(base, len))))
}

function {:extern} memory_load32_le(memory: [bv64]bv8, index: bv64) returns (bv32) {
  (memory[bvadd64(index, 3bv64)] ++ (memory[bvadd64(index, 2bv64)] ++ (memory[bvadd64(index, 1bv64)] ++ memory[index])))
}

function {:extern} memory_load64_le(memory: [bv64]bv8, index: bv64) returns (bv64) {
  (memory[bvadd64(index, 7bv64)] ++ (memory[bvadd64(index, 6bv64)] ++ (memory[bvadd64(index, 5bv64)] ++ (memory[bvadd64(index, 4bv64)] ++ (memory[bvadd64(index, 3bv64)] ++ (memory[bvadd64(index, 2bv64)] ++ (memory[bvadd64(index, 1bv64)] ++ memory[index])))))))
}

function {:extern} memory_load8_le(memory: [bv64]bv8, index: bv64) returns (bv8) {
  memory[index]
}

function {:extern} memory_store32_le(memory: [bv64]bv8, index: bv64, value: bv32) returns ([bv64]bv8) {
  (lambda i: bv64 :: ((if in_bounds64_le(index, 4bv64, i) then byte_extract32_64(value, bvsub64(i, index)) else memory[i])))
}

function {:extern} memory_store64_le(memory: [bv64]bv8, index: bv64, value: bv64) returns ([bv64]bv8) {
  (lambda i: bv64 :: ((if in_bounds64_le(index, 8bv64, i) then byte_extract64_64(value, bvsub64(i, index)) else memory[i])))
}

function {:extern} {:bvbuiltin "zero_extend 32"} zero_extend32_32(bv32) returns (bv64);
procedure {:extern} rely();
  modifies Gamma_mem, mem;
  ensures (mem == old(mem));
  ensures (Gamma_mem == old(Gamma_mem));
  free ensures (memory_load8_le(mem, 1920bv64) == 1bv8);
  free ensures (memory_load8_le(mem, 1921bv64) == 0bv8);
  free ensures (memory_load8_le(mem, 1922bv64) == 2bv8);
  free ensures (memory_load8_le(mem, 1923bv64) == 0bv8);
  free ensures (memory_load64_le(mem, 69064bv64) == 1808bv64);
  free ensures (memory_load64_le(mem, 69072bv64) == 1728bv64);
  free ensures (memory_load64_le(mem, 69592bv64) == 1812bv64);
  free ensures (memory_load64_le(mem, 69672bv64) == 69672bv64);

procedure {:extern} rely_transitive();
  modifies Gamma_mem, mem;
  ensures (mem == old(mem));
  ensures (Gamma_mem == old(Gamma_mem));

implementation {:extern} rely_transitive()
{
  call rely();
  call rely();
}

procedure {:extern} rely_reflexive();

procedure {:extern} guarantee_reflexive();
  modifies Gamma_mem, mem;

procedure main(R0_in: bv64, Gamma_R0_in: bool, R1_in: bv64, Gamma_R1_in: bool, R31_in: bv64, Gamma_R31_in: bool) returns (R0_out: bv64, Gamma_R0_out: bool, R31_out: bv64, Gamma_R31_out: bool, R8_out: bv64, Gamma_R8_out: bool);
  modifies Gamma_stack, stack;
  requires (Gamma_R0_in == true);
  free requires (memory_load64_le(mem, 69664bv64) == 0bv64);
  free requires (memory_load64_le(mem, 69672bv64) == 69672bv64);
  free requires (memory_load8_le(mem, 1920bv64) == 1bv8);
  free requires (memory_load8_le(mem, 1921bv64) == 0bv8);
  free requires (memory_load8_le(mem, 1922bv64) == 2bv8);
  free requires (memory_load8_le(mem, 1923bv64) == 0bv8);
  free requires (memory_load64_le(mem, 69064bv64) == 1808bv64);
  free requires (memory_load64_le(mem, 69072bv64) == 1728bv64);
  free requires (memory_load64_le(mem, 69592bv64) == 1812bv64);
  free requires (memory_load64_le(mem, 69672bv64) == 69672bv64);
  free ensures (memory_load8_le(mem, 1920bv64) == 1bv8);
  free ensures (memory_load8_le(mem, 1921bv64) == 0bv8);
  free ensures (memory_load8_le(mem, 1922bv64) == 2bv8);
  free ensures (memory_load8_le(mem, 1923bv64) == 0bv8);
  free ensures (memory_load64_le(mem, 69064bv64) == 1808bv64);
  free ensures (memory_load64_le(mem, 69072bv64) == 1728bv64);
  free ensures (memory_load64_le(mem, 69592bv64) == 1812bv64);
  free ensures (memory_load64_le(mem, 69672bv64) == 69672bv64);

implementation main(R0_in: bv64, Gamma_R0_in: bool, R1_in: bv64, Gamma_R1_in: bool, R31_in: bv64, Gamma_R31_in: bool) returns (R0_out: bv64, Gamma_R0_out: bool, R31_out: bv64, Gamma_R31_out: bool, R8_out: bv64, Gamma_R8_out: bool)
{
  var Gamma_R0_2: bool;
  var Gamma_R8_1: bool;
  var Gamma_R8_11: bool;
  var Gamma_R8_12: bool;
  var Gamma_R8_7: bool;
  var Gamma_R8_9: bool;
  var R0_2: bv64;
  var R8_1: bv32;
  var R8_11: bv32;
  var R8_12: bv64;
  var R8_7: bv64;
  var R8_9: bv64;
  $main$__0__$z7dsAZ41QYe9rvbDt1JoIQ:
    stack, Gamma_stack := memory_store32_le(stack, bvadd64(R31_in, 18446744073709551612bv64), 0bv32), gamma_store32(Gamma_stack, bvadd64(R31_in, 18446744073709551612bv64), true);
    stack, Gamma_stack := memory_store32_le(stack, bvadd64(R31_in, 18446744073709551608bv64), R0_in[32:0]), gamma_store32(Gamma_stack, bvadd64(R31_in, 18446744073709551608bv64), Gamma_R0_in);
    stack, Gamma_stack := memory_store64_le(stack, bvadd64(R31_in, 18446744073709551600bv64), R1_in), gamma_store64(Gamma_stack, bvadd64(R31_in, 18446744073709551600bv64), Gamma_R1_in);
    stack, Gamma_stack := memory_store32_le(stack, bvadd64(R31_in, 18446744073709551596bv64), 0bv32), gamma_store32(Gamma_stack, bvadd64(R31_in, 18446744073709551596bv64), true);
    R8_1, Gamma_R8_1 := memory_load32_le(stack, bvadd64(R31_in, 18446744073709551608bv64)), gamma_load32(Gamma_stack, bvadd64(R31_in, 18446744073709551608bv64));
    assert Gamma_R8_1;
    goto $main$__0__$z7dsAZ41QYe9rvbDt1JoIQ$__0, $main$__0__$z7dsAZ41QYe9rvbDt1JoIQ$__1;
  $main$__0__$z7dsAZ41QYe9rvbDt1JoIQ$__1:
    assume (!(R8_1 == 0bv32));
    goto $main$__0__$z7dsAZ41QYe9rvbDt1JoIQ$__1_phi_$main$__0__$z7dsAZ41QYe9rvbDt1JoIQ_goto_$main$__3__$AzuUI8EJR~~zZ4LRu_atQA_phi_back_$main$__0__$z7dsAZ41QYe9rvbDt1JoIQ_goto_$main$__3__$AzuUI8EJR~~zZ4LRu_atQA, $main$__0__$z7dsAZ41QYe9rvbDt1JoIQ$__1_phi_$main$__0__$z7dsAZ41QYe9rvbDt1JoIQ_goto_$main$__1__$22DSnEAzTL6vU9qI4utrZA_phi_back_$main$__0__$z7dsAZ41QYe9rvbDt1JoIQ_goto_$main$__1__$22DSnEAzTL6vU9qI4utrZA;
  $main$__0__$z7dsAZ41QYe9rvbDt1JoIQ$__1_phi_$main$__0__$z7dsAZ41QYe9rvbDt1JoIQ_goto_$main$__1__$22DSnEAzTL6vU9qI4utrZA_phi_back_$main$__0__$z7dsAZ41QYe9rvbDt1JoIQ_goto_$main$__1__$22DSnEAzTL6vU9qI4utrZA:
    R8_7, Gamma_R8_7 := 1bv64, true;
    assert Gamma_R8_7;
    goto $main$__0__$z7dsAZ41QYe9rvbDt1JoIQ_goto_$main$__1__$22DSnEAzTL6vU9qI4utrZA;
  $main$__0__$z7dsAZ41QYe9rvbDt1JoIQ$__1_phi_$main$__0__$z7dsAZ41QYe9rvbDt1JoIQ_goto_$main$__3__$AzuUI8EJR~~zZ4LRu_atQA_phi_back_$main$__0__$z7dsAZ41QYe9rvbDt1JoIQ_goto_$main$__3__$AzuUI8EJR~~zZ4LRu_atQA:
    R8_9, Gamma_R8_9 := 1bv64, true;
    assert Gamma_R8_9;
    goto $main$__0__$z7dsAZ41QYe9rvbDt1JoIQ_goto_$main$__3__$AzuUI8EJR~~zZ4LRu_atQA;
  $main$__0__$z7dsAZ41QYe9rvbDt1JoIQ$__0:
    assume (R8_1 == 0bv32);
    goto $main$__0__$z7dsAZ41QYe9rvbDt1JoIQ$__0_phi_back_$main$__0__$z7dsAZ41QYe9rvbDt1JoIQ_goto_$main$__1__$22DSnEAzTL6vU9qI4utrZA, $main$__0__$z7dsAZ41QYe9rvbDt1JoIQ$__0_phi_back_$main$__0__$z7dsAZ41QYe9rvbDt1JoIQ_goto_$main$__3__$AzuUI8EJR~~zZ4LRu_atQA;
  $main$__0__$z7dsAZ41QYe9rvbDt1JoIQ$__0_phi_back_$main$__0__$z7dsAZ41QYe9rvbDt1JoIQ_goto_$main$__3__$AzuUI8EJR~~zZ4LRu_atQA:
    R8_9, Gamma_R8_9 := 0bv64, true;
    assert Gamma_R8_9;
    goto $main$__0__$z7dsAZ41QYe9rvbDt1JoIQ_goto_$main$__3__$AzuUI8EJR~~zZ4LRu_atQA;
  $main$__0__$z7dsAZ41QYe9rvbDt1JoIQ_goto_$main$__3__$AzuUI8EJR~~zZ4LRu_atQA:
    assume (R8_9[1:0] == 1bv1);
    stack, Gamma_stack := memory_store32_le(stack, bvadd64(R31_in, 18446744073709551596bv64), 2bv32), gamma_store32(Gamma_stack, bvadd64(R31_in, 18446744073709551596bv64), true);
    goto $main$__4__$hiOAUbGYTmCyjtnuNPouiQ;
  $main$__0__$z7dsAZ41QYe9rvbDt1JoIQ$__0_phi_back_$main$__0__$z7dsAZ41QYe9rvbDt1JoIQ_goto_$main$__1__$22DSnEAzTL6vU9qI4utrZA:
    R8_7, Gamma_R8_7 := 0bv64, true;
    assert Gamma_R8_7;
    goto $main$__0__$z7dsAZ41QYe9rvbDt1JoIQ_goto_$main$__1__$22DSnEAzTL6vU9qI4utrZA;
  $main$__0__$z7dsAZ41QYe9rvbDt1JoIQ_goto_$main$__1__$22DSnEAzTL6vU9qI4utrZA:
    assume (!(R8_7[1:0] == 1bv1));
    stack, Gamma_stack := memory_store32_le(stack, bvadd64(R31_in, 18446744073709551596bv64), 1bv32), gamma_store32(Gamma_stack, bvadd64(R31_in, 18446744073709551596bv64), true);
    goto $main$__4__$hiOAUbGYTmCyjtnuNPouiQ;
  $main$__4__$hiOAUbGYTmCyjtnuNPouiQ:
    R8_11, Gamma_R8_11 := memory_load32_le(stack, bvadd64(R31_in, 18446744073709551596bv64)), gamma_load32(Gamma_stack, bvadd64(R31_in, 18446744073709551596bv64));
    R8_12, Gamma_R8_12 := zero_extend32_32(bvadd32(R8_11, 1bv32)), Gamma_R8_11;
    stack, Gamma_stack := memory_store32_le(stack, bvadd64(R31_in, 18446744073709551592bv64), R8_12[32:0]), gamma_store32(Gamma_stack, bvadd64(R31_in, 18446744073709551592bv64), Gamma_R8_12);
    R0_2, Gamma_R0_2 := zero_extend32_32(memory_load32_le(stack, bvadd64(R31_in, 18446744073709551592bv64))), gamma_load32(Gamma_stack, bvadd64(R31_in, 18446744073709551592bv64));
    goto main_basil_return;
  main_basil_return:
    R0_out, R31_out, R8_out := R0_2, R31_in, R8_12;
    Gamma_R0_out, Gamma_R31_out, Gamma_R8_out := Gamma_R0_2, Gamma_R31_in, Gamma_R8_12;
    return;
}

