var {:extern} Gamma_R0: bool;
var {:extern} Gamma_R10: bool;
var {:extern} Gamma_R29: bool;
var {:extern} Gamma_R30: bool;
var {:extern} Gamma_R31: bool;
var {:extern} Gamma_R8: bool;
var {:extern} Gamma_R9: bool;
var {:extern} Gamma_mem: [bv64]bool;
var {:extern} Gamma_stack: [bv64]bool;
var {:extern} R0: bv64;
var {:extern} R10: bv64;
var {:extern} R29: bv64;
var {:extern} R30: bv64;
var {:extern} R31: bv64;
var {:extern} R8: bv64;
var {:extern} R9: bv64;
var {:extern} mem: [bv64]bv8;
var {:extern} stack: [bv64]bv8;
const {:extern} $_IO_stdin_used_addr: bv64;
axiom ($_IO_stdin_used_addr == 2008bv64);
const {:extern} $x_addr: bv64;
axiom ($x_addr == 131124bv64);
function {:extern} {:bvbuiltin "bvadd"} bvadd32(bv32, bv32) returns (bv32);
function {:extern} {:bvbuiltin "bvadd"} bvadd33(bv33, bv33) returns (bv33);
function {:extern} {:bvbuiltin "bvadd"} bvadd64(bv64, bv64) returns (bv64);
function {:extern} {:bvbuiltin "bvcomp"} bvcomp1(bv1, bv1) returns (bv1);
function {:extern} {:bvbuiltin "bvcomp"} bvcomp32(bv32, bv32) returns (bv1);
function {:extern} {:bvbuiltin "bvcomp"} bvcomp33(bv33, bv33) returns (bv1);
function {:extern} {:bvbuiltin "bvnot"} bvnot1(bv1) returns (bv1);
function {:extern} gamma_load64(gammaMap: [bv64]bool, index: bv64) returns (bool) {
  (gammaMap[bvadd64(index, 7bv64)] && (gammaMap[bvadd64(index, 6bv64)] && (gammaMap[bvadd64(index, 5bv64)] && (gammaMap[bvadd64(index, 4bv64)] && (gammaMap[bvadd64(index, 3bv64)] && (gammaMap[bvadd64(index, 2bv64)] && (gammaMap[bvadd64(index, 1bv64)] && gammaMap[index])))))))
}

function {:extern} gamma_store64(gammaMap: [bv64]bool, index: bv64, value: bool) returns ([bv64]bool) {
  gammaMap[index := value][bvadd64(index, 1bv64) := value][bvadd64(index, 2bv64) := value][bvadd64(index, 3bv64) := value][bvadd64(index, 4bv64) := value][bvadd64(index, 5bv64) := value][bvadd64(index, 6bv64) := value][bvadd64(index, 7bv64) := value]
}

function {:extern} memory_load64_le(memory: [bv64]bv8, index: bv64) returns (bv64) {
  (memory[bvadd64(index, 7bv64)] ++ (memory[bvadd64(index, 6bv64)] ++ (memory[bvadd64(index, 5bv64)] ++ (memory[bvadd64(index, 4bv64)] ++ (memory[bvadd64(index, 3bv64)] ++ (memory[bvadd64(index, 2bv64)] ++ (memory[bvadd64(index, 1bv64)] ++ memory[index])))))))
}

function {:extern} memory_load8_le(memory: [bv64]bv8, index: bv64) returns (bv8) {
  memory[index]
}

function {:extern} memory_store64_le(memory: [bv64]bv8, index: bv64, value: bv64) returns ([bv64]bv8) {
  memory[index := value[8:0]][bvadd64(index, 1bv64) := value[16:8]][bvadd64(index, 2bv64) := value[24:16]][bvadd64(index, 3bv64) := value[32:24]][bvadd64(index, 4bv64) := value[40:32]][bvadd64(index, 5bv64) := value[48:40]][bvadd64(index, 6bv64) := value[56:48]][bvadd64(index, 7bv64) := value[64:56]]
}

function {:extern} {:bvbuiltin "sign_extend 1"} sign_extend1_32(bv32) returns (bv33);
function {:extern} {:bvbuiltin "zero_extend 1"} zero_extend1_32(bv32) returns (bv33);
procedure {:extern} rely();
  modifies Gamma_mem, mem;
  ensures (mem == old(mem));
  ensures (Gamma_mem == old(Gamma_mem));
  free ensures (memory_load8_le(mem, 2008bv64) == 1bv8);
  free ensures (memory_load8_le(mem, 2009bv64) == 0bv8);
  free ensures (memory_load8_le(mem, 2010bv64) == 2bv8);
  free ensures (memory_load8_le(mem, 2011bv64) == 0bv8);
  free ensures (memory_load64_le(mem, 130488bv64) == 1872bv64);
  free ensures (memory_load64_le(mem, 130496bv64) == 1792bv64);
  free ensures (memory_load64_le(mem, 131032bv64) == 1924bv64);
  free ensures (memory_load64_le(mem, 131112bv64) == 131112bv64);

procedure {:extern} rely_transitive();
  modifies Gamma_mem, mem;
  ensures (mem == old(mem));
  ensures (Gamma_mem == old(Gamma_mem));

implementation {:extern} rely_transitive()
{
  call rely();
  call rely();
}

procedure {:extern} rely_reflexive();

procedure {:extern} guarantee_reflexive();
  modifies Gamma_mem, mem;

procedure main();
  modifies Gamma_R0, Gamma_R10, Gamma_R29, Gamma_R30, Gamma_R31, Gamma_R8, Gamma_R9, Gamma_stack, R0, R10, R29, R30, R31, R8, R9, stack;
  free requires (memory_load64_le(mem, 131104bv64) == 0bv64);
  free requires (memory_load64_le(mem, 131112bv64) == 131112bv64);
  free requires (memory_load8_le(mem, 2008bv64) == 1bv8);
  free requires (memory_load8_le(mem, 2009bv64) == 0bv8);
  free requires (memory_load8_le(mem, 2010bv64) == 2bv8);
  free requires (memory_load8_le(mem, 2011bv64) == 0bv8);
  free requires (memory_load64_le(mem, 130488bv64) == 1872bv64);
  free requires (memory_load64_le(mem, 130496bv64) == 1792bv64);
  free requires (memory_load64_le(mem, 131032bv64) == 1924bv64);
  free requires (memory_load64_le(mem, 131112bv64) == 131112bv64);
  free ensures (Gamma_R29 == old(Gamma_R29));
  free ensures (Gamma_R31 == old(Gamma_R31));
  free ensures (R29 == old(R29));
  free ensures (R31 == old(R31));
  free ensures (memory_load8_le(mem, 2008bv64) == 1bv8);
  free ensures (memory_load8_le(mem, 2009bv64) == 0bv8);
  free ensures (memory_load8_le(mem, 2010bv64) == 2bv8);
  free ensures (memory_load8_le(mem, 2011bv64) == 0bv8);
  free ensures (memory_load64_le(mem, 130488bv64) == 1872bv64);
  free ensures (memory_load64_le(mem, 130496bv64) == 1792bv64);
  free ensures (memory_load64_le(mem, 131032bv64) == 1924bv64);
  free ensures (memory_load64_le(mem, 131112bv64) == 131112bv64);

implementation main()
{
  var #4: bv64;
  var #5: bv32;
  var #6: bv32;
  var CF: bv1;
  var Gamma_#4: bool;
  var Gamma_#5: bool;
  var Gamma_#6: bool;
  var Gamma_CF: bool;
  var Gamma_NF: bool;
  var Gamma_VF: bool;
  var Gamma_ZF: bool;
  var NF: bv1;
  var VF: bv1;
  var ZF: bv1;
  lmain:
    assume {:captureState "lmain"} true;
    #4, Gamma_#4 := bvadd64(R31, 18446744073709551600bv64), Gamma_R31;
    stack, Gamma_stack := memory_store64_le(stack, #4, R29), gamma_store64(Gamma_stack, #4, Gamma_R29);
    assume {:captureState "%00000369"} true;
    stack, Gamma_stack := memory_store64_le(stack, bvadd64(#4, 8bv64), R30), gamma_store64(Gamma_stack, bvadd64(#4, 8bv64), Gamma_R30);
    assume {:captureState "%0000036f"} true;
    R31, Gamma_R31 := #4, Gamma_#4;
    R29, Gamma_R29 := R31, Gamma_R31;
    R8, Gamma_R8 := 0bv64, true;
    R8, Gamma_R8 := bvadd64(R8, 1876bv64), Gamma_R8;
    R9, Gamma_R9 := 0bv64, true;
    R9, Gamma_R9 := bvadd64(R9, 1892bv64), Gamma_R9;
    #5, Gamma_#5 := bvadd32(R0[32:0], 4294967294bv32), Gamma_R0;
    VF, Gamma_VF := bvnot1(bvcomp33(sign_extend1_32(bvadd32(#5, 1bv32)), bvadd33(sign_extend1_32(R0[32:0]), 8589934591bv33))), (Gamma_R0 && Gamma_#5);
    CF, Gamma_CF := bvnot1(bvcomp33(zero_extend1_32(bvadd32(#5, 1bv32)), bvadd33(zero_extend1_32(R0[32:0]), 4294967295bv33))), (Gamma_R0 && Gamma_#5);
    ZF, Gamma_ZF := bvcomp32(bvadd32(#5, 1bv32), 0bv32), Gamma_#5;
    NF, Gamma_NF := bvadd32(#5, 1bv32)[32:31], Gamma_#5;
    R10, Gamma_R10 := 0bv64, true;
    R10, Gamma_R10 := bvadd64(R10, 1908bv64), Gamma_R10;
    assert Gamma_ZF;
    goto lmain_goto_l000003b8, lmain_goto_l000003bc;
  l000003bc:
    assume {:captureState "l000003bc"} true;
    R8, Gamma_R8 := R8, Gamma_R8;
    goto l000003bf;
  l000003b8:
    assume {:captureState "l000003b8"} true;
    R8, Gamma_R8 := R9, Gamma_R9;
    goto l000003bf;
  l000003bf:
    assume {:captureState "l000003bf"} true;
    #6, Gamma_#6 := bvadd32(R0[32:0], 4294967293bv32), Gamma_R0;
    VF, Gamma_VF := bvnot1(bvcomp33(sign_extend1_32(bvadd32(#6, 1bv32)), bvadd33(sign_extend1_32(R0[32:0]), 8589934590bv33))), (Gamma_R0 && Gamma_#6);
    CF, Gamma_CF := bvnot1(bvcomp33(zero_extend1_32(bvadd32(#6, 1bv32)), bvadd33(zero_extend1_32(R0[32:0]), 4294967294bv33))), (Gamma_R0 && Gamma_#6);
    ZF, Gamma_ZF := bvcomp32(bvadd32(#6, 1bv32), 0bv32), Gamma_#6;
    NF, Gamma_NF := bvadd32(#6, 1bv32)[32:31], Gamma_#6;
    assert Gamma_ZF;
    goto l000003bf_goto_l000003e5, l000003bf_goto_l000003e1;
  l000003e5:
    assume {:captureState "l000003e5"} true;
    R8, Gamma_R8 := R8, Gamma_R8;
    goto l000003e8;
  l000003e1:
    assume {:captureState "l000003e1"} true;
    R8, Gamma_R8 := R10, Gamma_R10;
    goto l000003e8;
  l000003e8:
    assume {:captureState "l000003e8"} true;
    R30, Gamma_R30 := 1976bv64, true;
    //UNRESOLVED: call R8
    assert false;
    goto l000003f6;
  l000003f6:
    assume {:captureState "l000003f6"} true;
    R0, Gamma_R0 := 0bv64, true;
    R29, Gamma_R29 := memory_load64_le(stack, R31), gamma_load64(Gamma_stack, R31);
    R30, Gamma_R30 := memory_load64_le(stack, bvadd64(R31, 8bv64)), gamma_load64(Gamma_stack, bvadd64(R31, 8bv64));
    R31, Gamma_R31 := bvadd64(R31, 16bv64), Gamma_R31;
    goto main_return;
  lmain_goto_l000003b8:
    assume {:captureState "lmain_goto_l000003b8"} true;
    assume (bvcomp1(ZF, 1bv1) != 0bv1);
    goto l000003b8;
  lmain_goto_l000003bc:
    assume {:captureState "lmain_goto_l000003bc"} true;
    assume (bvcomp1(ZF, 1bv1) == 0bv1);
    goto l000003bc;
  l000003bf_goto_l000003e1:
    assume {:captureState "l000003bf_goto_l000003e1"} true;
    assume (bvcomp1(ZF, 1bv1) != 0bv1);
    goto l000003e1;
  l000003bf_goto_l000003e5:
    assume {:captureState "l000003bf_goto_l000003e5"} true;
    assume (bvcomp1(ZF, 1bv1) == 0bv1);
    goto l000003e5;
  main_return:
    assume {:captureState "main_return"} true;
    return;
}

