var {:extern} Gamma_R0: bool;
var {:extern} Gamma_R10: bool;
var {:extern} Gamma_R11: bool;
var {:extern} Gamma_R8: bool;
var {:extern} Gamma_R9: bool;
var {:extern} Gamma_mem: [bv64]bool;
var {:extern} R0: bv64;
var {:extern} R10: bv64;
var {:extern} R11: bv64;
var {:extern} R8: bv64;
var {:extern} R9: bv64;
var {:extern} mem: [bv64]bv8;
const {:extern} $x_addr: bv64;
axiom ($x_addr == 131092bv64);
const {:extern} $y_addr: bv64;
axiom ($y_addr == 131096bv64);
function {:extern} L(mem$in: [bv64]bv8, index: bv64) returns (bool) {
  false
}

function {:extern} {:bvbuiltin "bvadd"} bvadd64(bv64, bv64) returns (bv64);
function {:extern} gamma_load32(gammaMap: [bv64]bool, index: bv64) returns (bool) {
  (gammaMap[bvadd64(index, 3bv64)] && (gammaMap[bvadd64(index, 2bv64)] && (gammaMap[bvadd64(index, 1bv64)] && gammaMap[index])))
}

function {:extern} gamma_load64(gammaMap: [bv64]bool, index: bv64) returns (bool) {
  (gammaMap[bvadd64(index, 7bv64)] && (gammaMap[bvadd64(index, 6bv64)] && (gammaMap[bvadd64(index, 5bv64)] && (gammaMap[bvadd64(index, 4bv64)] && (gammaMap[bvadd64(index, 3bv64)] && (gammaMap[bvadd64(index, 2bv64)] && (gammaMap[bvadd64(index, 1bv64)] && gammaMap[index])))))))
}

function {:extern} gamma_store32(gammaMap: [bv64]bool, index: bv64, value: bool) returns ([bv64]bool) {
  gammaMap[index := value][bvadd64(index, 1bv64) := value][bvadd64(index, 2bv64) := value][bvadd64(index, 3bv64) := value]
}

function {:extern} memory_load32_le(memory: [bv64]bv8, index: bv64) returns (bv32) {
  (memory[bvadd64(index, 3bv64)] ++ (memory[bvadd64(index, 2bv64)] ++ (memory[bvadd64(index, 1bv64)] ++ memory[index])))
}

function {:extern} memory_load64_le(memory: [bv64]bv8, index: bv64) returns (bv64) {
  (memory[bvadd64(index, 7bv64)] ++ (memory[bvadd64(index, 6bv64)] ++ (memory[bvadd64(index, 5bv64)] ++ (memory[bvadd64(index, 4bv64)] ++ (memory[bvadd64(index, 3bv64)] ++ (memory[bvadd64(index, 2bv64)] ++ (memory[bvadd64(index, 1bv64)] ++ memory[index])))))))
}

function {:extern} memory_store32_le(memory: [bv64]bv8, index: bv64, value: bv32) returns ([bv64]bv8) {
  memory[index := value[8:0]][bvadd64(index, 1bv64) := value[16:8]][bvadd64(index, 2bv64) := value[24:16]][bvadd64(index, 3bv64) := value[32:24]]
}

procedure {:extern} rely();
  modifies Gamma_mem, mem;
  ensures (Gamma_mem == old(Gamma_mem));
  ensures (mem == old(mem));
  free ensures (memory_load32_le(mem, 2320bv64) == 131073bv32);
  free ensures (memory_load64_le(mem, 130424bv64) == 2256bv64);
  free ensures (memory_load64_le(mem, 130432bv64) == 2176bv64);
  free ensures (memory_load64_le(mem, 131032bv64) == 131092bv64);
  free ensures (memory_load64_le(mem, 131048bv64) == 131096bv64);
  free ensures (memory_load64_le(mem, 131056bv64) == 2260bv64);
  free ensures (memory_load64_le(mem, 131080bv64) == 131080bv64);

procedure {:extern} rely_transitive();
  modifies Gamma_mem, mem;
  ensures (Gamma_mem == old(Gamma_mem));
  ensures (mem == old(mem));

implementation {:extern} rely_transitive()
{
  call rely();
  call rely();
}

procedure {:extern} rely_reflexive();

procedure {:extern} guarantee_reflexive();
  modifies Gamma_mem, mem;

procedure main();
  modifies Gamma_R0, Gamma_R10, Gamma_R11, Gamma_R8, Gamma_R9, Gamma_mem, R0, R10, R11, R8, R9, mem;
  requires (gamma_load32(Gamma_mem, $x_addr) == true);
  requires (gamma_load32(Gamma_mem, $y_addr) == false);
  free requires (memory_load64_le(mem, 131072bv64) == 0bv64);
  free requires (memory_load64_le(mem, 131080bv64) == 131080bv64);
  free requires (memory_load32_le(mem, 2320bv64) == 131073bv32);
  free requires (memory_load64_le(mem, 130424bv64) == 2256bv64);
  free requires (memory_load64_le(mem, 130432bv64) == 2176bv64);
  free requires (memory_load64_le(mem, 131032bv64) == 131092bv64);
  free requires (memory_load64_le(mem, 131048bv64) == 131096bv64);
  free requires (memory_load64_le(mem, 131056bv64) == 2260bv64);
  free requires (memory_load64_le(mem, 131080bv64) == 131080bv64);
  free ensures (memory_load32_le(mem, 2320bv64) == 131073bv32);
  free ensures (memory_load64_le(mem, 130424bv64) == 2256bv64);
  free ensures (memory_load64_le(mem, 130432bv64) == 2176bv64);
  free ensures (memory_load64_le(mem, 131032bv64) == 131092bv64);
  free ensures (memory_load64_le(mem, 131048bv64) == 131096bv64);
  free ensures (memory_load64_le(mem, 131056bv64) == 2260bv64);
  free ensures (memory_load64_le(mem, 131080bv64) == 131080bv64);

implementation main()
{
  var $load$18: bv64;
  var $load$19: bv64;
  var Gamma_$load$18: bool;
  var Gamma_$load$19: bool;
  lmain:
    assume {:captureState "lmain"} true;
    R8, Gamma_R8 := 126976bv64, true;
    R10, Gamma_R10 := 126976bv64, true;
    R0, Gamma_R0 := 0bv64, true;
    call rely();
    $load$18, Gamma_$load$18 := memory_load64_le(mem, bvadd64(R8, 4056bv64)), (gamma_load64(Gamma_mem, bvadd64(R8, 4056bv64)) || L(mem, bvadd64(R8, 4056bv64)));
    R8, Gamma_R8 := $load$18, Gamma_$load$18;
    call rely();
    $load$19, Gamma_$load$19 := memory_load64_le(mem, bvadd64(R10, 4072bv64)), (gamma_load64(Gamma_mem, bvadd64(R10, 4072bv64)) || L(mem, bvadd64(R10, 4072bv64)));
    R10, Gamma_R10 := $load$19, Gamma_$load$19;
    R9, Gamma_R9 := 1bv64, true;
    R11, Gamma_R11 := 3bv64, true;
    call rely();
    assert (L(mem, R8) ==> Gamma_R9);
    mem, Gamma_mem := memory_store32_le(mem, R8, R9[32:0]), gamma_store32(Gamma_mem, R8, Gamma_R9);
    assume {:captureState "%00000298"} true;
    call rely();
    assert (L(mem, R10) ==> Gamma_R11);
    mem, Gamma_mem := memory_store32_le(mem, R10, R11[32:0]), gamma_store32(Gamma_mem, R10, Gamma_R11);
    assume {:captureState "%0000029c"} true;
    goto main_basil_return;
  main_basil_return:
    assume {:captureState "main_basil_return"} true;
    return;
}

