var {:extern} CF: bv1;
var {:extern} Gamma_CF: bool;
var {:extern} Gamma_NF: bool;
var {:extern} Gamma_R0: bool;
var {:extern} Gamma_R31: bool;
var {:extern} Gamma_R8: bool;
var {:extern} Gamma_R9: bool;
var {:extern} Gamma_VF: bool;
var {:extern} Gamma_ZF: bool;
var {:extern} Gamma_mem: [bv64]bool;
var {:extern} Gamma_stack: [bv64]bool;
var {:extern} NF: bv1;
var {:extern} R0: bv64;
var {:extern} R31: bv64;
var {:extern} R8: bv64;
var {:extern} R9: bv64;
var {:extern} VF: bv1;
var {:extern} ZF: bv1;
var {:extern} mem: [bv64]bv8;
var {:extern} stack: [bv64]bv8;
const {:extern} $x_addr: bv64;
axiom ($x_addr == 69684bv64);
const {:extern} $y_addr: bv64;
axiom ($y_addr == 69688bv64);
function {:extern} L(mem$in: [bv64]bv8, index: bv64) returns (bool) {
  false
}

function {:extern} {:bvbuiltin "bvadd"} bvadd32(bv32, bv32) returns (bv32);
function {:extern} {:bvbuiltin "bvadd"} bvadd33(bv33, bv33) returns (bv33);
function {:extern} {:bvbuiltin "bvadd"} bvadd64(bv64, bv64) returns (bv64);
function {:extern} {:bvbuiltin "bvcomp"} bvcomp32(bv32, bv32) returns (bv1);
function {:extern} {:bvbuiltin "bvcomp"} bvcomp33(bv33, bv33) returns (bv1);
function {:extern} {:bvbuiltin "bvnot"} bvnot1(bv1) returns (bv1);
function {:extern} gamma_load32(gammaMap: [bv64]bool, index: bv64) returns (bool) {
  (gammaMap[bvadd64(index, 3bv64)] && (gammaMap[bvadd64(index, 2bv64)] && (gammaMap[bvadd64(index, 1bv64)] && gammaMap[index])))
}

function {:extern} gamma_store32(gammaMap: [bv64]bool, index: bv64, value: bool) returns ([bv64]bool) {
  gammaMap[index := value][bvadd64(index, 1bv64) := value][bvadd64(index, 2bv64) := value][bvadd64(index, 3bv64) := value]
}

function {:extern} memory_load32_le(memory: [bv64]bv8, index: bv64) returns (bv32) {
  (memory[bvadd64(index, 3bv64)] ++ (memory[bvadd64(index, 2bv64)] ++ (memory[bvadd64(index, 1bv64)] ++ memory[index])))
}

function {:extern} memory_load64_le(memory: [bv64]bv8, index: bv64) returns (bv64) {
  (memory[bvadd64(index, 7bv64)] ++ (memory[bvadd64(index, 6bv64)] ++ (memory[bvadd64(index, 5bv64)] ++ (memory[bvadd64(index, 4bv64)] ++ (memory[bvadd64(index, 3bv64)] ++ (memory[bvadd64(index, 2bv64)] ++ (memory[bvadd64(index, 1bv64)] ++ memory[index])))))))
}

function {:extern} memory_store32_le(memory: [bv64]bv8, index: bv64, value: bv32) returns ([bv64]bv8) {
  memory[index := value[8:0]][bvadd64(index, 1bv64) := value[16:8]][bvadd64(index, 2bv64) := value[24:16]][bvadd64(index, 3bv64) := value[32:24]]
}

function {:extern} {:bvbuiltin "zero_extend 1"} zero_extend1_32(bv32) returns (bv33);
function {:extern} {:bvbuiltin "zero_extend 32"} zero_extend32_32(bv32) returns (bv64);
procedure {:extern} rely();
  modifies Gamma_mem, mem;
  ensures (Gamma_mem == old(Gamma_mem));
  ensures (mem == old(mem));
  free ensures (memory_load32_le(mem, 1916bv64) == 131073bv32);
  free ensures (memory_load64_le(mem, 69064bv64) == 1808bv64);
  free ensures (memory_load64_le(mem, 69072bv64) == 1728bv64);
  free ensures (memory_load64_le(mem, 69592bv64) == 1812bv64);
  free ensures (memory_load64_le(mem, 69672bv64) == 69672bv64);

procedure {:extern} rely_transitive();
  modifies Gamma_mem, mem;
  ensures (Gamma_mem == old(Gamma_mem));
  ensures (mem == old(mem));

implementation {:extern} rely_transitive()
{
  call rely();
  call rely();
}

procedure {:extern} rely_reflexive();

procedure {:extern} guarantee_reflexive();
  modifies Gamma_mem, mem;

procedure main_1812();
  modifies CF, Gamma_CF, Gamma_NF, Gamma_R0, Gamma_R31, Gamma_R8, Gamma_R9, Gamma_VF, Gamma_ZF, Gamma_mem, Gamma_stack, NF, R0, R31, R8, R9, VF, ZF, mem, stack;
  requires (gamma_load32(Gamma_mem, $x_addr) == true);
  requires (gamma_load32(Gamma_mem, $y_addr) == false);
  free requires (memory_load64_le(mem, 69664bv64) == 0bv64);
  free requires (memory_load64_le(mem, 69672bv64) == 69672bv64);
  free requires (memory_load32_le(mem, 1916bv64) == 131073bv32);
  free requires (memory_load64_le(mem, 69064bv64) == 1808bv64);
  free requires (memory_load64_le(mem, 69072bv64) == 1728bv64);
  free requires (memory_load64_le(mem, 69592bv64) == 1812bv64);
  free requires (memory_load64_le(mem, 69672bv64) == 69672bv64);
  free ensures (Gamma_R31 == old(Gamma_R31));
  free ensures (R31 == old(R31));
  free ensures (memory_load32_le(mem, 1916bv64) == 131073bv32);
  free ensures (memory_load64_le(mem, 69064bv64) == 1808bv64);
  free ensures (memory_load64_le(mem, 69072bv64) == 1728bv64);
  free ensures (memory_load64_le(mem, 69592bv64) == 1812bv64);
  free ensures (memory_load64_le(mem, 69672bv64) == 69672bv64);

implementation main_1812()
{
  var Cse0__5_0_6: bv32;
  var Gamma_Cse0__5_0_6: bool;
  var Gamma_load5: bool;
  var Gamma_load6: bool;
  var load5: bv32;
  var load6: bv32;
  main_1812__0__PnDIl5cyR4GGh5gDIaWl6w:
    assume {:captureState "main_1812__0__PnDIl5cyR4GGh5gDIaWl6w"} true;
    R31, Gamma_R31 := bvadd64(R31, 18446744073709551600bv64), Gamma_R31;
    stack, Gamma_stack := memory_store32_le(stack, bvadd64(R31, 12bv64), 0bv32), gamma_store32(Gamma_stack, bvadd64(R31, 12bv64), true);
    assume {:captureState "1816_0"} true;
    R8, Gamma_R8 := 69632bv64, true;
    R9, Gamma_R9 := 1bv64, true;
    call rely();
    assert (L(mem, bvadd64(R8, 52bv64)) ==> Gamma_R9);
    mem, Gamma_mem := memory_store32_le(mem, bvadd64(R8, 52bv64), R9[32:0]), gamma_store32(Gamma_mem, bvadd64(R8, 52bv64), Gamma_R9);
    assume {:captureState "1828_0"} true;
    call rely();
    load5, Gamma_load5 := memory_load32_le(mem, bvadd64(R8, 52bv64)), (gamma_load32(Gamma_mem, bvadd64(R8, 52bv64)) || L(mem, bvadd64(R8, 52bv64)));
    R8, Gamma_R8 := zero_extend32_32(load5), Gamma_load5;
    Cse0__5_0_6, Gamma_Cse0__5_0_6 := bvadd32(R8[32:0], 0bv32), Gamma_R8;
    VF, Gamma_VF := bvnot1(bvcomp32(Cse0__5_0_6, Cse0__5_0_6)), Gamma_Cse0__5_0_6;
    CF, Gamma_CF := bvnot1(bvcomp33(zero_extend1_32(Cse0__5_0_6), bvadd33(zero_extend1_32(R8[32:0]), 4294967296bv33))), (Gamma_R8 && Gamma_Cse0__5_0_6);
    ZF, Gamma_ZF := bvcomp32(Cse0__5_0_6, 0bv32), Gamma_Cse0__5_0_6;
    NF, Gamma_NF := Cse0__5_0_6[32:31], Gamma_Cse0__5_0_6;
    R8, Gamma_R8 := zero_extend32_32(Cse0__5_0_6), Gamma_Cse0__5_0_6;
    assert Gamma_ZF;
    goto main_1812__0__PnDIl5cyR4GGh5gDIaWl6w$__0, main_1812__0__PnDIl5cyR4GGh5gDIaWl6w$__1;
  main_1812__0__PnDIl5cyR4GGh5gDIaWl6w$__1:
    assume {:captureState "main_1812__0__PnDIl5cyR4GGh5gDIaWl6w$__1"} true;
    assume (!(!(ZF == 1bv1)));
    R8, Gamma_R8 := 1bv64, true;
    assert Gamma_R8;
    goto main_1812__0__PnDIl5cyR4GGh5gDIaWl6w_goto_main_1812__3__I4nigOnuRzaYmG2czUcPqQ, main_1812__0__PnDIl5cyR4GGh5gDIaWl6w_goto_main_1812__1__QUCiZ1czSk63UIuy~Dy6Bg;
  main_1812__0__PnDIl5cyR4GGh5gDIaWl6w$__0:
    assume {:captureState "main_1812__0__PnDIl5cyR4GGh5gDIaWl6w$__0"} true;
    assume (!(ZF == 1bv1));
    R8, Gamma_R8 := 0bv64, true;
    assert Gamma_R8;
    goto main_1812__0__PnDIl5cyR4GGh5gDIaWl6w_goto_main_1812__3__I4nigOnuRzaYmG2czUcPqQ, main_1812__0__PnDIl5cyR4GGh5gDIaWl6w_goto_main_1812__1__QUCiZ1czSk63UIuy~Dy6Bg;
  main_1812__0__PnDIl5cyR4GGh5gDIaWl6w_goto_main_1812__1__QUCiZ1czSk63UIuy~Dy6Bg:
    assume {:captureState "main_1812__0__PnDIl5cyR4GGh5gDIaWl6w_goto_main_1812__1__QUCiZ1czSk63UIuy~Dy6Bg"} true;
    assume (!(R8[1:0] == 1bv1));
    goto main_1812__1__QUCiZ1czSk63UIuy~Dy6Bg;
  main_1812__1__QUCiZ1czSk63UIuy~Dy6Bg:
    assume {:captureState "main_1812__1__QUCiZ1czSk63UIuy~Dy6Bg"} true;
    goto main_1812__2__5gUE9BicSVSdDO98Zitx1A;
  main_1812__2__5gUE9BicSVSdDO98Zitx1A:
    assume {:captureState "main_1812__2__5gUE9BicSVSdDO98Zitx1A"} true;
    R8, Gamma_R8 := 3bv64, true;
    R9, Gamma_R9 := 69632bv64, true;
    call rely();
    assert (L(mem, bvadd64(R9, 56bv64)) ==> Gamma_R8);
    mem, Gamma_mem := memory_store32_le(mem, bvadd64(R9, 56bv64), R8[32:0]), gamma_store32(Gamma_mem, bvadd64(R9, 56bv64), Gamma_R8);
    assume {:captureState "1860_0"} true;
    goto main_1812__4__yxwH2dUnQdipf4xbcLk77w;
  main_1812__0__PnDIl5cyR4GGh5gDIaWl6w_goto_main_1812__3__I4nigOnuRzaYmG2czUcPqQ:
    assume {:captureState "main_1812__0__PnDIl5cyR4GGh5gDIaWl6w_goto_main_1812__3__I4nigOnuRzaYmG2czUcPqQ"} true;
    assume (R8[1:0] == 1bv1);
    R9, Gamma_R9 := 69632bv64, true;
    R8, Gamma_R8 := 2bv64, true;
    call rely();
    assert (L(mem, bvadd64(R9, 56bv64)) ==> Gamma_R8);
    mem, Gamma_mem := memory_store32_le(mem, bvadd64(R9, 56bv64), R8[32:0]), gamma_store32(Gamma_mem, bvadd64(R9, 56bv64), Gamma_R8);
    assume {:captureState "1876_0"} true;
    goto main_1812__3__I4nigOnuRzaYmG2czUcPqQ;
  main_1812__3__I4nigOnuRzaYmG2czUcPqQ:
    assume {:captureState "main_1812__3__I4nigOnuRzaYmG2czUcPqQ"} true;
    goto main_1812__4__yxwH2dUnQdipf4xbcLk77w;
  main_1812__4__yxwH2dUnQdipf4xbcLk77w:
    assume {:captureState "main_1812__4__yxwH2dUnQdipf4xbcLk77w"} true;
    load6, Gamma_load6 := memory_load32_le(stack, bvadd64(R31, 12bv64)), gamma_load32(Gamma_stack, bvadd64(R31, 12bv64));
    R0, Gamma_R0 := zero_extend32_32(load6), Gamma_load6;
    R31, Gamma_R31 := bvadd64(R31, 16bv64), Gamma_R31;
    goto main_1812_basil_return;
  main_1812_basil_return:
    assume {:captureState "main_1812_basil_return"} true;
    return;
}

