Procedure("1504:__cxa_finalize", in(), out(Parameter(Register(R0, bv64))), blocks(
)),
Procedure("1792:__do_global_dtors_aux", in(), out(Parameter(Register(R0, bv64))), blocks(
  Block("1792:l__do_global_dtors_aux",
    statements(
      LocalAssign(LocalVar(#3, bv64) := BinaryExpr("add", Register(R31, bv64), 18446744073709551584bv64))
      MemoryAssign(MemoryStore(Memory("mem", 64, 8)[LocalVar(#3, bv64)] := Register(R29, bv64)))
      MemoryAssign(MemoryStore(Memory("mem", 64, 8)[BinaryExpr("add", LocalVar(#3, bv64), 8bv64)] := Register(R30, bv64)))
      LocalAssign(Register(R31, bv64) := LocalVar(#3, bv64))
      LocalAssign(Register(R29, bv64) := Register(R31, bv64))
      MemoryAssign(MemoryStore(Memory("mem", 64, 8)[BinaryExpr("add", Register(R31, bv64), 16bv64)] := Register(R19, bv64)))
      LocalAssign(Register(R19, bv64) := 69632bv64)
      LocalAssign(Register(R0, bv64) := ZeroExtend(MemoryLoad(Memory("mem", 64, 8), [BinaryExpr("add", Register(R19, bv64), 48bv64)]), 56))
    ),
    jumps(
      GoTo("1852:l00000299", condition(BinaryExpr("!=", UnaryExpr("not", BinaryExpr("comp", Extract(Register(R0, bv64)[32:0]), 0bv32)), 0bv1)))
      GoTo("1816:l000002e5", condition())
    )
  )
  Block("1816:l000002e5",
    statements(
      LocalAssign(Register(R0, bv64) := 65536bv64)
      LocalAssign(Register(R0, bv64) := MemoryLoad(Memory("mem", 64, 8), [BinaryExpr("add", Register(R0, bv64), 4032bv64)]))
    ),
    jumps(
      GoTo("1840:l000002f3", condition(BinaryExpr("!=", BinaryExpr("comp", Register(R0, bv64), 0bv64), 0bv1)))
      GoTo("1828:l0000030c", condition())
    )
  )
  Block("1828:l0000030c",
    statements(
      LocalAssign(Register(R0, bv64) := 69632bv64)
      LocalAssign(Register(R0, bv64) := MemoryLoad(Memory("mem", 64, 8), [BinaryExpr("add", Register(R0, bv64), 40bv64)]))
      LocalAssign(Register(R30, bv64) := 1840bv64)
    ),
    jumps(
      DirectCall("1504:__cxa_finalize", condition())
    )
  )
  Block("1840:l000002f3",
    statements(
      LocalAssign(Register(R30, bv64) := 1844bv64)
    ),
    jumps(
      DirectCall("1680:deregister_tm_clones", condition())
    )
  )
  Block("1844:l000002ff",
    statements(
      LocalAssign(Register(R0, bv64) := 1bv64)
      MemoryAssign(MemoryStore(Memory("mem", 64, 8)[BinaryExpr("add", Register(R19, bv64), 48bv64)] := Extract(Register(R0, bv64)[8:0])))
    ),
    jumps(
      GoTo("1852:l00000299", condition())
    )
  )
  Block("1852:l00000299",
    statements(
      LocalAssign(Register(R19, bv64) := MemoryLoad(Memory("mem", 64, 8), [BinaryExpr("add", Register(R31, bv64), 16bv64)]))
      LocalAssign(Register(R29, bv64) := MemoryLoad(Memory("mem", 64, 8), [Register(R31, bv64)]))
      LocalAssign(Register(R30, bv64) := MemoryLoad(Memory("mem", 64, 8), [BinaryExpr("add", Register(R31, bv64), 8bv64)]))
      LocalAssign(Register(R31, bv64) := BinaryExpr("add", Register(R31, bv64), 32bv64))
    ),
    jumps(
      IndirectCall(Register(R30, bv64), condition())
    )
  )
)),
Procedure("1488:__libc_start_main", in(Parameter(Register(R0, bv64)), Parameter(Register(R1, bv64)), Parameter(Register(R2, bv64)), Parameter(Register(R3, bv64))), out(Parameter(Register(R2, bv64)), Parameter(Register(R3, bv64)), Parameter(Register(R0, bv64))), blocks(
  Block("1488:l__libc_start_main",
    statements(
      LocalAssign(Register(R16, bv64) := 69632bv64)
      LocalAssign(Register(R17, bv64) := MemoryLoad(Memory("mem", 64, 8), [Register(R16, bv64)]))
      LocalAssign(Register(R16, bv64) := Register(R16, bv64))
    ),
    jumps(
      IndirectCall(Register(R17, bv64), condition())
    )
  )
)),
Procedure("1900:_fini", in(), out(Parameter(Register(R0, bv64))), blocks(
  Block("1900:l_fini",
    statements(
      LocalAssign(LocalVar(#0, bv64) := BinaryExpr("add", Register(R31, bv64), 18446744073709551600bv64))
      MemoryAssign(MemoryStore(Memory("mem", 64, 8)[LocalVar(#0, bv64)] := Register(R29, bv64)))
      MemoryAssign(MemoryStore(Memory("mem", 64, 8)[BinaryExpr("add", LocalVar(#0, bv64), 8bv64)] := Register(R30, bv64)))
      LocalAssign(Register(R31, bv64) := LocalVar(#0, bv64))
      LocalAssign(Register(R29, bv64) := Register(R31, bv64))
      LocalAssign(Register(R29, bv64) := MemoryLoad(Memory("mem", 64, 8), [Register(R31, bv64)]))
      LocalAssign(Register(R30, bv64) := MemoryLoad(Memory("mem", 64, 8), [BinaryExpr("add", Register(R31, bv64), 8bv64)]))
      LocalAssign(Register(R31, bv64) := BinaryExpr("add", Register(R31, bv64), 16bv64))
    ),
    jumps(
      IndirectCall(Register(R30, bv64), condition())
    )
  )
)),
Procedure("1432:_init", in(), out(Parameter(Register(R0, bv64))), blocks(
  Block("1432:l_init",
    statements(
      LocalAssign(LocalVar(#5, bv64) := BinaryExpr("add", Register(R31, bv64), 18446744073709551600bv64))
      MemoryAssign(MemoryStore(Memory("mem", 64, 8)[LocalVar(#5, bv64)] := Register(R29, bv64)))
      MemoryAssign(MemoryStore(Memory("mem", 64, 8)[BinaryExpr("add", LocalVar(#5, bv64), 8bv64)] := Register(R30, bv64)))
      LocalAssign(Register(R31, bv64) := LocalVar(#5, bv64))
      LocalAssign(Register(R29, bv64) := Register(R31, bv64))
      LocalAssign(Register(R30, bv64) := 1448bv64)
    ),
    jumps(
      DirectCall("1652:call_weak_fn", condition())
    )
  )
  Block("1448:l00000493",
    statements(
      LocalAssign(Register(R29, bv64) := MemoryLoad(Memory("mem", 64, 8), [Register(R31, bv64)]))
      LocalAssign(Register(R30, bv64) := MemoryLoad(Memory("mem", 64, 8), [BinaryExpr("add", Register(R31, bv64), 8bv64)]))
      LocalAssign(Register(R31, bv64) := BinaryExpr("add", Register(R31, bv64), 16bv64))
    ),
    jumps(
      IndirectCall(Register(R30, bv64), condition())
    )
  )
)),
Procedure("1600:_start", in(), out(Parameter(Register(R0, bv64))), blocks(
  Block("1600:l_start",
    statements(
      LocalAssign(Register(R29, bv64) := 0bv64)
      LocalAssign(Register(R30, bv64) := 0bv64)
      LocalAssign(Register(R5, bv64) := Register(R0, bv64))
      LocalAssign(Register(R1, bv64) := MemoryLoad(Memory("mem", 64, 8), [Register(R31, bv64)]))
      LocalAssign(Register(R2, bv64) := BinaryExpr("add", Register(R31, bv64), 8bv64))
      LocalAssign(Register(R6, bv64) := Register(R31, bv64))
      LocalAssign(Register(R0, bv64) := 65536bv64)
      LocalAssign(Register(R0, bv64) := MemoryLoad(Memory("mem", 64, 8), [BinaryExpr("add", Register(R0, bv64), 4056bv64)]))
      LocalAssign(Register(R3, bv64) := 0bv64)
      LocalAssign(Register(R4, bv64) := 0bv64)
      LocalAssign(Register(R30, bv64) := 1648bv64)
    ),
    jumps(
      DirectCall("1488:__libc_start_main", condition())
    )
  )
  Block("1648:l000001c3",
    statements(
      LocalAssign(Register(R30, bv64) := 1652bv64)
    ),
    jumps(
      DirectCall("1536:abort", condition())
    )
  )
  Block("?:l0000053d",
    statements(
    ),
    jumps(
      DirectCall("1652:call_weak_fn", condition())
    )
  )
)),
Procedure("1536:abort", in(), out(), blocks(
)),
Procedure("1652:call_weak_fn", in(), out(Parameter(Register(R0, bv64))), blocks(
  Block("1652:lcall_weak_fn",
    statements(
      LocalAssign(Register(R0, bv64) := 65536bv64)
      LocalAssign(Register(R0, bv64) := MemoryLoad(Memory("mem", 64, 8), [BinaryExpr("add", Register(R0, bv64), 4040bv64)]))
    ),
    jumps(
      GoTo("1668:l000001d9", condition(BinaryExpr("!=", BinaryExpr("comp", Register(R0, bv64), 0bv64), 0bv1)))
      GoTo("1664:l0000035c", condition())
    )
  )
  Block("1668:l000001d9",
    statements(
    ),
    jumps(
      IndirectCall(Register(R30, bv64), condition())
    )
  )
  Block("1664:l0000035c",
    statements(
    ),
    jumps(
      GoTo("1520:l__gmon_start__", condition())
    )
  )
  Block("1520:l__gmon_start__",
    statements(
      LocalAssign(Register(R16, bv64) := 69632bv64)
      LocalAssign(Register(R17, bv64) := MemoryLoad(Memory("mem", 64, 8), [BinaryExpr("add", Register(R16, bv64), 16bv64)]))
      LocalAssign(Register(R16, bv64) := BinaryExpr("add", Register(R16, bv64), 16bv64))
    ),
    jumps(
      IndirectCall(Register(R17, bv64), condition())
    )
  )
)),
Procedure("1680:deregister_tm_clones", in(), out(Parameter(Register(R0, bv64))), blocks(
  Block("1680:lderegister_tm_clones",
    statements(
      LocalAssign(Register(R0, bv64) := 69632bv64)
      LocalAssign(Register(R0, bv64) := BinaryExpr("add", Register(R0, bv64), 48bv64))
      LocalAssign(Register(R1, bv64) := 69632bv64)
      LocalAssign(Register(R1, bv64) := BinaryExpr("add", Register(R1, bv64), 48bv64))
      LocalAssign(LocalVar(#1, bv64) := UnaryExpr("not", Register(R0, bv64)))
      LocalAssign(LocalVar(#2, bv64) := BinaryExpr("add", Register(R1, bv64), UnaryExpr("not", Register(R0, bv64))))
      LocalAssign(LocalVar(VF, bv1) := UnaryExpr("not", BinaryExpr("comp", SignExtend(BinaryExpr("add", LocalVar(#2, bv64), 1bv64), 1), BinaryExpr("add", BinaryExpr("add", SignExtend(Register(R1, bv64), 1), SignExtend(LocalVar(#1, bv64), 1)), 1bv65))))
      LocalAssign(LocalVar(CF, bv1) := UnaryExpr("not", BinaryExpr("comp", ZeroExtend(BinaryExpr("add", LocalVar(#2, bv64), 1bv64), 1), BinaryExpr("add", BinaryExpr("add", ZeroExtend(Register(R1, bv64), 1), ZeroExtend(LocalVar(#1, bv64), 1)), 1bv65))))
      LocalAssign(LocalVar(ZF, bv1) := BinaryExpr("comp", BinaryExpr("add", LocalVar(#2, bv64), 1bv64), 0bv64))
      LocalAssign(LocalVar(NF, bv1) := Extract(BinaryExpr("add", LocalVar(#2, bv64), 1bv64)[64:63]))
    ),
    jumps(
      GoTo("1724:l0000021e", condition(BinaryExpr("!=", BinaryExpr("comp", LocalVar(ZF, bv1), 1bv1), 0bv1)))
      GoTo("1704:l0000033e", condition())
    )
  )
  Block("1704:l0000033e",
    statements(
      LocalAssign(Register(R1, bv64) := 65536bv64)
      LocalAssign(Register(R1, bv64) := MemoryLoad(Memory("mem", 64, 8), [BinaryExpr("add", Register(R1, bv64), 4024bv64)]))
    ),
    jumps(
      GoTo("1724:l0000021e", condition(BinaryExpr("!=", BinaryExpr("comp", Register(R1, bv64), 0bv64), 0bv1)))
      GoTo("1716:l00000351", condition())
    )
  )
  Block("1724:l0000021e",
    statements(
    ),
    jumps(
      IndirectCall(Register(R30, bv64), condition())
    )
  )
  Block("1716:l00000351",
    statements(
      LocalAssign(Register(R16, bv64) := Register(R1, bv64))
    ),
    jumps(
      IndirectCall(Register(R16, bv64), condition())
    )
  )
)),
Procedure("1872:frame_dummy", in(), out(Parameter(Register(R0, bv64))), blocks(
  Block("1872:lframe_dummy",
    statements(
    ),
    jumps(
      DirectCall("1728:register_tm_clones", condition())
    )
  )
)),
Procedure("1876:main", in(Parameter(Register(R0, bv64)), Parameter(Register(R1, bv64))), out(Parameter(Register(R1, bv64)), Parameter(Register(R0, bv64))), blocks(
  Block("1876:lmain",
    statements(
      LocalAssign(Register(R9, bv64) := 65536bv64)
      LocalAssign(Register(R9, bv64) := MemoryLoad(Memory("mem", 64, 8), [BinaryExpr("add", Register(R9, bv64), 4048bv64)]))
      LocalAssign(Register(R8, bv64) := 1bv64)
      MemoryAssign(MemoryStore(Memory("mem", 64, 8)[Register(R9, bv64)] := Extract(Register(R8, bv64)[32:0])))
      LocalAssign(Register(R0, bv64) := 0bv64)
    ),
    jumps(
      IndirectCall(Register(R30, bv64), condition())
    )
  )
)),
Procedure("1728:register_tm_clones", in(), out(Parameter(Register(R0, bv64))), blocks(
  Block("1728:lregister_tm_clones",
    statements(
      LocalAssign(Register(R0, bv64) := 69632bv64)
      LocalAssign(Register(R0, bv64) := BinaryExpr("add", Register(R0, bv64), 48bv64))
      LocalAssign(Register(R1, bv64) := 69632bv64)
      LocalAssign(Register(R1, bv64) := BinaryExpr("add", Register(R1, bv64), 48bv64))
      LocalAssign(Register(R1, bv64) := BinaryExpr("add", BinaryExpr("add", Register(R1, bv64), UnaryExpr("not", Register(R0, bv64))), 1bv64))
      LocalAssign(Register(R2, bv64) := BinaryExpr("++", 0bv63, Extract(Register(R1, bv64)[64:63])))
      LocalAssign(Register(R1, bv64) := BinaryExpr("add", Register(R2, bv64), BinaryExpr("ashr", Register(R1, bv64), ZeroExtend(3bv3, 61))))
      LocalAssign(Register(R1, bv64) := SignExtend(Extract(Register(R1, bv64)[64:1]), 1))
    ),
    jumps(
      GoTo("1784:l0000025a", condition(BinaryExpr("!=", BinaryExpr("comp", Register(R1, bv64), 0bv64), 0bv1)))
      GoTo("1764:l00000320", condition())
    )
  )
  Block("1764:l00000320",
    statements(
      LocalAssign(Register(R2, bv64) := 65536bv64)
      LocalAssign(Register(R2, bv64) := MemoryLoad(Memory("mem", 64, 8), [BinaryExpr("add", Register(R2, bv64), 4064bv64)]))
    ),
    jumps(
      GoTo("1784:l0000025a", condition(BinaryExpr("!=", BinaryExpr("comp", Register(R2, bv64), 0bv64), 0bv1)))
      GoTo("1776:l00000333", condition())
    )
  )
  Block("1784:l0000025a",
    statements(
    ),
    jumps(
      IndirectCall(Register(R30, bv64), condition())
    )
  )
  Block("1776:l00000333",
    statements(
      LocalAssign(Register(R16, bv64) := Register(R2, bv64))
    ),
    jumps(
      IndirectCall(Register(R16, bv64), condition())
    )
  )
)),
