Procedure("1536:__cxa_finalize", in(), out(Parameter(Register(R0, bv64))), blocks(
)),
Procedure("1792:__do_global_dtors_aux", in(), out(Parameter(Register(R0, bv64))), blocks(
  Block("1792:l__do_global_dtors_aux",
    statements(
      LocalAssign(LocalVar(#3, bv64) := BinaryExpr("add", Register(R31, bv64), 18446744073709551584bv64))
      MemoryAssign(MemoryStore(Memory("mem", 64, 8)[LocalVar(#3, bv64)] := Register(R29, bv64)))
      MemoryAssign(MemoryStore(Memory("mem", 64, 8)[BinaryExpr("add", LocalVar(#3, bv64), 8bv64)] := Register(R30, bv64)))
      LocalAssign(Register(R31, bv64) := LocalVar(#3, bv64))
      LocalAssign(Register(R29, bv64) := Register(R31, bv64))
      MemoryAssign(MemoryStore(Memory("mem", 64, 8)[BinaryExpr("add", Register(R31, bv64), 16bv64)] := Register(R19, bv64)))
      LocalAssign(Register(R19, bv64) := 69632bv64)
      LocalAssign(Register(R0, bv64) := ZeroExtend(MemoryLoad(Memory("mem", 64, 8), [BinaryExpr("add", Register(R19, bv64), 56bv64)]), 56))
    ),
    jumps(
      GoTo("1852:l00000a12", condition(BinaryExpr("!=", UnaryExpr("not", BinaryExpr("comp", Extract(Register(R0, bv64)[32:0]), 0bv32)), 0bv1)))
      GoTo("1816:l00000b20", condition())
    )
  )
  Block("1816:l00000b20",
    statements(
      LocalAssign(Register(R0, bv64) := 65536bv64)
      LocalAssign(Register(R0, bv64) := MemoryLoad(Memory("mem", 64, 8), [BinaryExpr("add", Register(R0, bv64), 4040bv64)]))
    ),
    jumps(
      GoTo("1840:l00000b2e", condition(BinaryExpr("!=", BinaryExpr("comp", Register(R0, bv64), 0bv64), 0bv1)))
      GoTo("1828:l00000b47", condition())
    )
  )
  Block("1828:l00000b47",
    statements(
      LocalAssign(Register(R0, bv64) := 69632bv64)
      LocalAssign(Register(R0, bv64) := MemoryLoad(Memory("mem", 64, 8), [BinaryExpr("add", Register(R0, bv64), 48bv64)]))
      LocalAssign(Register(R30, bv64) := 1840bv64)
    ),
    jumps(
      DirectCall("1536:__cxa_finalize", condition())
    )
  )
  Block("1840:l00000b2e",
    statements(
      LocalAssign(Register(R30, bv64) := 1844bv64)
    ),
    jumps(
      DirectCall("1680:deregister_tm_clones", condition())
    )
  )
  Block("1844:l00000b3a",
    statements(
      LocalAssign(Register(R0, bv64) := 1bv64)
      MemoryAssign(MemoryStore(Memory("mem", 64, 8)[BinaryExpr("add", Register(R19, bv64), 56bv64)] := Extract(Register(R0, bv64)[8:0])))
    ),
    jumps(
      GoTo("1852:l00000a12", condition())
    )
  )
  Block("1852:l00000a12",
    statements(
      LocalAssign(Register(R19, bv64) := MemoryLoad(Memory("mem", 64, 8), [BinaryExpr("add", Register(R31, bv64), 16bv64)]))
      LocalAssign(Register(R29, bv64) := MemoryLoad(Memory("mem", 64, 8), [Register(R31, bv64)]))
      LocalAssign(Register(R30, bv64) := MemoryLoad(Memory("mem", 64, 8), [BinaryExpr("add", Register(R31, bv64), 8bv64)]))
      LocalAssign(Register(R31, bv64) := BinaryExpr("add", Register(R31, bv64), 32bv64))
    ),
    jumps(
      IndirectCall(Register(R30, bv64), condition())
    )
  )
)),
Procedure("1520:__libc_start_main", in(Parameter(Register(R0, bv64)), Parameter(Register(R1, bv64)), Parameter(Register(R2, bv64)), Parameter(Register(R3, bv64))), out(Parameter(Register(R2, bv64)), Parameter(Register(R3, bv64)), Parameter(Register(R0, bv64))), blocks(
  Block("1520:l__libc_start_main",
    statements(
      LocalAssign(Register(R16, bv64) := 69632bv64)
      LocalAssign(Register(R17, bv64) := MemoryLoad(Memory("mem", 64, 8), [Register(R16, bv64)]))
      LocalAssign(Register(R16, bv64) := Register(R16, bv64))
    ),
    jumps(
      IndirectCall(Register(R17, bv64), condition())
    )
  )
)),
Procedure("2004:_fini", in(), out(Parameter(Register(R0, bv64))), blocks(
  Block("2004:l_fini",
    statements(
      LocalAssign(LocalVar(#0, bv64) := BinaryExpr("add", Register(R31, bv64), 18446744073709551600bv64))
      MemoryAssign(MemoryStore(Memory("mem", 64, 8)[LocalVar(#0, bv64)] := Register(R29, bv64)))
      MemoryAssign(MemoryStore(Memory("mem", 64, 8)[BinaryExpr("add", LocalVar(#0, bv64), 8bv64)] := Register(R30, bv64)))
      LocalAssign(Register(R31, bv64) := LocalVar(#0, bv64))
      LocalAssign(Register(R29, bv64) := Register(R31, bv64))
      LocalAssign(Register(R29, bv64) := MemoryLoad(Memory("mem", 64, 8), [Register(R31, bv64)]))
      LocalAssign(Register(R30, bv64) := MemoryLoad(Memory("mem", 64, 8), [BinaryExpr("add", Register(R31, bv64), 8bv64)]))
      LocalAssign(Register(R31, bv64) := BinaryExpr("add", Register(R31, bv64), 16bv64))
    ),
    jumps(
      IndirectCall(Register(R30, bv64), condition())
    )
  )
)),
Procedure("1464:_init", in(), out(Parameter(Register(R0, bv64))), blocks(
  Block("1464:l_init",
    statements(
      LocalAssign(LocalVar(#6, bv64) := BinaryExpr("add", Register(R31, bv64), 18446744073709551600bv64))
      MemoryAssign(MemoryStore(Memory("mem", 64, 8)[LocalVar(#6, bv64)] := Register(R29, bv64)))
      MemoryAssign(MemoryStore(Memory("mem", 64, 8)[BinaryExpr("add", LocalVar(#6, bv64), 8bv64)] := Register(R30, bv64)))
      LocalAssign(Register(R31, bv64) := LocalVar(#6, bv64))
      LocalAssign(Register(R29, bv64) := Register(R31, bv64))
      LocalAssign(Register(R30, bv64) := 1480bv64)
    ),
    jumps(
      DirectCall("1652:call_weak_fn", condition())
    )
  )
  Block("1480:l00000d60",
    statements(
      LocalAssign(Register(R29, bv64) := MemoryLoad(Memory("mem", 64, 8), [Register(R31, bv64)]))
      LocalAssign(Register(R30, bv64) := MemoryLoad(Memory("mem", 64, 8), [BinaryExpr("add", Register(R31, bv64), 8bv64)]))
      LocalAssign(Register(R31, bv64) := BinaryExpr("add", Register(R31, bv64), 16bv64))
    ),
    jumps(
      IndirectCall(Register(R30, bv64), condition())
    )
  )
)),
Procedure("1600:_start", in(), out(Parameter(Register(R0, bv64))), blocks(
  Block("1600:l_start",
    statements(
      LocalAssign(Register(R29, bv64) := 0bv64)
      LocalAssign(Register(R30, bv64) := 0bv64)
      LocalAssign(Register(R5, bv64) := Register(R0, bv64))
      LocalAssign(Register(R1, bv64) := MemoryLoad(Memory("mem", 64, 8), [Register(R31, bv64)]))
      LocalAssign(Register(R2, bv64) := BinaryExpr("add", Register(R31, bv64), 8bv64))
      LocalAssign(Register(R6, bv64) := Register(R31, bv64))
      LocalAssign(Register(R0, bv64) := 65536bv64)
      LocalAssign(Register(R0, bv64) := MemoryLoad(Memory("mem", 64, 8), [BinaryExpr("add", Register(R0, bv64), 4056bv64)]))
      LocalAssign(Register(R3, bv64) := 0bv64)
      LocalAssign(Register(R4, bv64) := 0bv64)
      LocalAssign(Register(R30, bv64) := 1648bv64)
    ),
    jumps(
      DirectCall("1520:__libc_start_main", condition())
    )
  )
  Block("1648:l0000093c",
    statements(
      LocalAssign(Register(R30, bv64) := 1652bv64)
    ),
    jumps(
      DirectCall("1568:abort", condition())
    )
  )
  Block("?:l00000e06",
    statements(
    ),
    jumps(
      DirectCall("1652:call_weak_fn", condition())
    )
  )
)),
Procedure("1568:abort", in(), out(), blocks(
)),
Procedure("1652:call_weak_fn", in(), out(Parameter(Register(R0, bv64))), blocks(
  Block("1652:lcall_weak_fn",
    statements(
      LocalAssign(Register(R0, bv64) := 65536bv64)
      LocalAssign(Register(R0, bv64) := MemoryLoad(Memory("mem", 64, 8), [BinaryExpr("add", Register(R0, bv64), 4048bv64)]))
    ),
    jumps(
      GoTo("1668:l00000952", condition(BinaryExpr("!=", BinaryExpr("comp", Register(R0, bv64), 0bv64), 0bv1)))
      GoTo("1664:l00000b97", condition())
    )
  )
  Block("1668:l00000952",
    statements(
    ),
    jumps(
      IndirectCall(Register(R30, bv64), condition())
    )
  )
  Block("1664:l00000b97",
    statements(
    ),
    jumps(
      GoTo("1552:l__gmon_start__", condition())
    )
  )
  Block("1552:l__gmon_start__",
    statements(
      LocalAssign(Register(R16, bv64) := 69632bv64)
      LocalAssign(Register(R17, bv64) := MemoryLoad(Memory("mem", 64, 8), [BinaryExpr("add", Register(R16, bv64), 16bv64)]))
      LocalAssign(Register(R16, bv64) := BinaryExpr("add", Register(R16, bv64), 16bv64))
    ),
    jumps(
      IndirectCall(Register(R17, bv64), condition())
    )
  )
)),
Procedure("1680:deregister_tm_clones", in(), out(Parameter(Register(R0, bv64))), blocks(
  Block("1680:lderegister_tm_clones",
    statements(
      LocalAssign(Register(R0, bv64) := 69632bv64)
      LocalAssign(Register(R0, bv64) := BinaryExpr("add", Register(R0, bv64), 56bv64))
      LocalAssign(Register(R1, bv64) := 69632bv64)
      LocalAssign(Register(R1, bv64) := BinaryExpr("add", Register(R1, bv64), 56bv64))
      LocalAssign(LocalVar(#1, bv64) := UnaryExpr("not", Register(R0, bv64)))
      LocalAssign(LocalVar(#2, bv64) := BinaryExpr("add", Register(R1, bv64), UnaryExpr("not", Register(R0, bv64))))
      LocalAssign(LocalVar(VF, bv1) := UnaryExpr("not", BinaryExpr("comp", SignExtend(BinaryExpr("add", LocalVar(#2, bv64), 1bv64), 1), BinaryExpr("add", BinaryExpr("add", SignExtend(Register(R1, bv64), 1), SignExtend(LocalVar(#1, bv64), 1)), 1bv65))))
      LocalAssign(LocalVar(CF, bv1) := UnaryExpr("not", BinaryExpr("comp", ZeroExtend(BinaryExpr("add", LocalVar(#2, bv64), 1bv64), 1), BinaryExpr("add", BinaryExpr("add", ZeroExtend(Register(R1, bv64), 1), ZeroExtend(LocalVar(#1, bv64), 1)), 1bv65))))
      LocalAssign(LocalVar(ZF, bv1) := BinaryExpr("comp", BinaryExpr("add", LocalVar(#2, bv64), 1bv64), 0bv64))
      LocalAssign(LocalVar(NF, bv1) := Extract(BinaryExpr("add", LocalVar(#2, bv64), 1bv64)[64:63]))
    ),
    jumps(
      GoTo("1724:l00000997", condition(BinaryExpr("!=", BinaryExpr("comp", LocalVar(ZF, bv1), 1bv1), 0bv1)))
      GoTo("1704:l00000b79", condition())
    )
  )
  Block("1704:l00000b79",
    statements(
      LocalAssign(Register(R1, bv64) := 65536bv64)
      LocalAssign(Register(R1, bv64) := MemoryLoad(Memory("mem", 64, 8), [BinaryExpr("add", Register(R1, bv64), 4032bv64)]))
    ),
    jumps(
      GoTo("1724:l00000997", condition(BinaryExpr("!=", BinaryExpr("comp", Register(R1, bv64), 0bv64), 0bv1)))
      GoTo("1716:l00000b8c", condition())
    )
  )
  Block("1724:l00000997",
    statements(
    ),
    jumps(
      IndirectCall(Register(R30, bv64), condition())
    )
  )
  Block("1716:l00000b8c",
    statements(
      LocalAssign(Register(R16, bv64) := Register(R1, bv64))
    ),
    jumps(
      IndirectCall(Register(R16, bv64), condition())
    )
  )
)),
Procedure("1872:frame_dummy", in(), out(Parameter(Register(R0, bv64))), blocks(
  Block("1872:lframe_dummy",
    statements(
    ),
    jumps(
      DirectCall("1728:register_tm_clones", condition())
    )
  )
)),
Procedure("1876:get_two", in(), out(Parameter(Register(R0, bv64))), blocks(
  Block("1876:lget_two",
    statements(
      LocalAssign(Register(R31, bv64) := BinaryExpr("add", Register(R31, bv64), 18446744073709551600bv64))
      MemoryAssign(MemoryStore(Memory("mem", 64, 8)[BinaryExpr("add", Register(R31, bv64), 15bv64)] := Extract(Register(R0, bv64)[8:0])))
      MemoryAssign(MemoryStore(Memory("mem", 64, 8)[BinaryExpr("add", Register(R31, bv64), 8bv64)] := Extract(Register(R1, bv64)[32:0])))
      MemoryAssign(MemoryStore(Memory("mem", 64, 8)[Register(R31, bv64)] := Register(R2, bv64)))
      LocalAssign(Register(R8, bv64) := ZeroExtend(MemoryLoad(Memory("mem", 64, 8), [BinaryExpr("add", Register(R31, bv64), 15bv64)]), 56))
      LocalAssign(Register(R9, bv64) := ZeroExtend(MemoryLoad(Memory("mem", 64, 8), [BinaryExpr("add", Register(R31, bv64), 8bv64)]), 32))
      LocalAssign(Register(R9, bv64) := ZeroExtend(BinaryExpr("add", Extract(Register(R8, bv64)[32:0]), Extract(Register(R9, bv64)[32:0])), 32))
      LocalAssign(Register(R8, bv64) := MemoryLoad(Memory("mem", 64, 8), [Register(R31, bv64)]))
      LocalAssign(Register(R8, bv64) := BinaryExpr("add", Register(R8, bv64), SignExtend(Extract(Register(R9, bv64)[32:0]), 32)))
      LocalAssign(Register(R0, bv64) := ZeroExtend(Extract(Register(R8, bv64)[32:0]), 32))
      LocalAssign(Register(R31, bv64) := BinaryExpr("add", Register(R31, bv64), 16bv64))
    ),
    jumps(
      IndirectCall(Register(R30, bv64), condition())
    )
  )
)),
Procedure("1924:main", in(Parameter(Register(R0, bv64)), Parameter(Register(R1, bv64))), out(Parameter(Register(R1, bv64)), Parameter(Register(R0, bv64))), blocks(
  Block("1924:lmain",
    statements(
      LocalAssign(LocalVar(#4, bv64) := BinaryExpr("add", Register(R31, bv64), 18446744073709551600bv64))
      MemoryAssign(MemoryStore(Memory("mem", 64, 8)[LocalVar(#4, bv64)] := Register(R29, bv64)))
      MemoryAssign(MemoryStore(Memory("mem", 64, 8)[BinaryExpr("add", LocalVar(#4, bv64), 8bv64)] := Register(R30, bv64)))
      LocalAssign(Register(R31, bv64) := LocalVar(#4, bv64))
      LocalAssign(Register(R29, bv64) := Register(R31, bv64))
      LocalAssign(Register(R9, bv64) := 69632bv64)
      LocalAssign(Register(R8, bv64) := 1bv64)
      MemoryAssign(MemoryStore(Memory("mem", 64, 8)[BinaryExpr("add", Register(R9, bv64), 60bv64)] := Extract(Register(R8, bv64)[32:0])))
      LocalAssign(Register(R0, bv64) := 97bv64)
      LocalAssign(Register(R1, bv64) := 10bv64)
      LocalAssign(Register(R2, bv64) := 58368bv64)
      LocalAssign(Register(R2, bv64) := BinaryExpr("++", Extract(Register(R2, bv64)[64:32]), BinaryExpr("++", 21515bv16, Extract(Register(R2, bv64)[16:0]))))
      LocalAssign(Register(R2, bv64) := BinaryExpr("++", Extract(Register(R2, bv64)[64:48]), BinaryExpr("++", 2bv16, Extract(Register(R2, bv64)[32:0]))))
      LocalAssign(Register(R30, bv64) := 1968bv64)
    ),
    jumps(
      DirectCall("1876:get_two", condition())
    )
  )
  Block("1968:l00000adf",
    statements(
      LocalAssign(Register(R8, bv64) := 69632bv64)
      MemoryAssign(MemoryStore(Memory("mem", 64, 8)[BinaryExpr("add", Register(R8, bv64), 64bv64)] := Extract(Register(R0, bv64)[32:0])))
      LocalAssign(Register(R1, bv64) := ZeroExtend(MemoryLoad(Memory("mem", 64, 8), [BinaryExpr("add", Register(R8, bv64), 64bv64)]), 32))
      LocalAssign(Register(R0, bv64) := 0bv64)
      LocalAssign(Register(R0, bv64) := BinaryExpr("add", Register(R0, bv64), 2028bv64))
      LocalAssign(Register(R30, bv64) := 1992bv64)
    ),
    jumps(
      DirectCall("1584:printf", condition())
    )
  )
  Block("1992:l00000b06",
    statements(
      LocalAssign(Register(R0, bv64) := 0bv64)
      LocalAssign(Register(R29, bv64) := MemoryLoad(Memory("mem", 64, 8), [Register(R31, bv64)]))
      LocalAssign(Register(R30, bv64) := MemoryLoad(Memory("mem", 64, 8), [BinaryExpr("add", Register(R31, bv64), 8bv64)]))
      LocalAssign(Register(R31, bv64) := BinaryExpr("add", Register(R31, bv64), 16bv64))
    ),
    jumps(
      IndirectCall(Register(R30, bv64), condition())
    )
  )
)),
Procedure("1584:printf", in(Parameter(Register(R0, bv64))), out(Parameter(Register(R0, bv64))), blocks(
)),
Procedure("1728:register_tm_clones", in(), out(Parameter(Register(R0, bv64))), blocks(
  Block("1728:lregister_tm_clones",
    statements(
      LocalAssign(Register(R0, bv64) := 69632bv64)
      LocalAssign(Register(R0, bv64) := BinaryExpr("add", Register(R0, bv64), 56bv64))
      LocalAssign(Register(R1, bv64) := 69632bv64)
      LocalAssign(Register(R1, bv64) := BinaryExpr("add", Register(R1, bv64), 56bv64))
      LocalAssign(Register(R1, bv64) := BinaryExpr("add", BinaryExpr("add", Register(R1, bv64), UnaryExpr("not", Register(R0, bv64))), 1bv64))
      LocalAssign(Register(R2, bv64) := BinaryExpr("++", 0bv63, Extract(Register(R1, bv64)[64:63])))
      LocalAssign(Register(R1, bv64) := BinaryExpr("add", Register(R2, bv64), BinaryExpr("ashr", Register(R1, bv64), ZeroExtend(3bv3, 61))))
      LocalAssign(Register(R1, bv64) := SignExtend(Extract(Register(R1, bv64)[64:1]), 1))
    ),
    jumps(
      GoTo("1784:l000009d3", condition(BinaryExpr("!=", BinaryExpr("comp", Register(R1, bv64), 0bv64), 0bv1)))
      GoTo("1764:l00000b5b", condition())
    )
  )
  Block("1764:l00000b5b",
    statements(
      LocalAssign(Register(R2, bv64) := 65536bv64)
      LocalAssign(Register(R2, bv64) := MemoryLoad(Memory("mem", 64, 8), [BinaryExpr("add", Register(R2, bv64), 4064bv64)]))
    ),
    jumps(
      GoTo("1784:l000009d3", condition(BinaryExpr("!=", BinaryExpr("comp", Register(R2, bv64), 0bv64), 0bv1)))
      GoTo("1776:l00000b6e", condition())
    )
  )
  Block("1784:l000009d3",
    statements(
    ),
    jumps(
      IndirectCall(Register(R30, bv64), condition())
    )
  )
  Block("1776:l00000b6e",
    statements(
      LocalAssign(Register(R16, bv64) := Register(R2, bv64))
    ),
    jumps(
      IndirectCall(Register(R16, bv64), condition())
    )
  )
)),
