var {:extern} Gamma_R0: bool;
var {:extern} Gamma_R8: bool;
var {:extern} Gamma_R9: bool;
var {:extern} Gamma_mem: [bv64]bool;
var {:extern} R0: bv64;
var {:extern} R8: bv64;
var {:extern} R9: bv64;
var {:extern} mem: [bv64]bv8;
const {:extern} $_IO_stdin_used_addr: bv64;
axiom ($_IO_stdin_used_addr == 1916bv64);
const {:extern} $x_addr: bv64;
axiom ($x_addr == 69680bv64);
function {:extern} L(memory: [bv64]bv8, index: bv64) returns (bool) {
  false
}

function {:extern} {:bvbuiltin "bvadd"} bvadd32(bv32, bv32) returns (bv32);
function {:extern} {:bvbuiltin "bvadd"} bvadd64(bv64, bv64) returns (bv64);
function {:extern} gamma_load32(gammaMap: [bv64]bool, index: bv64) returns (bool) {
  (gammaMap[bvadd64(index, 3bv64)] && (gammaMap[bvadd64(index, 2bv64)] && (gammaMap[bvadd64(index, 1bv64)] && gammaMap[index])))
}

function {:extern} gamma_store32(gammaMap: [bv64]bool, index: bv64, value: bool) returns ([bv64]bool) {
  gammaMap[index := value][bvadd64(index, 1bv64) := value][bvadd64(index, 2bv64) := value][bvadd64(index, 3bv64) := value]
}

function {:extern} memory_load32_le(memory: [bv64]bv8, index: bv64) returns (bv32) {
  (memory[bvadd64(index, 3bv64)] ++ (memory[bvadd64(index, 2bv64)] ++ (memory[bvadd64(index, 1bv64)] ++ memory[index])))
}

function {:extern} memory_load64_le(memory: [bv64]bv8, index: bv64) returns (bv64) {
  (memory[bvadd64(index, 7bv64)] ++ (memory[bvadd64(index, 6bv64)] ++ (memory[bvadd64(index, 5bv64)] ++ (memory[bvadd64(index, 4bv64)] ++ (memory[bvadd64(index, 3bv64)] ++ (memory[bvadd64(index, 2bv64)] ++ (memory[bvadd64(index, 1bv64)] ++ memory[index])))))))
}

function {:extern} memory_load8_le(memory: [bv64]bv8, index: bv64) returns (bv8) {
  memory[index]
}

function {:extern} memory_store32_le(memory: [bv64]bv8, index: bv64, value: bv32) returns ([bv64]bv8) {
  memory[index := value[8:0]][bvadd64(index, 1bv64) := value[16:8]][bvadd64(index, 2bv64) := value[24:16]][bvadd64(index, 3bv64) := value[32:24]]
}

function {:extern} {:bvbuiltin "zero_extend 32"} zero_extend32_32(bv32) returns (bv64);
procedure {:extern} rely();
  modifies Gamma_mem, mem;
  ensures (mem == old(mem));
  ensures (Gamma_mem == old(Gamma_mem));
  free ensures (memory_load8_le(mem, 1916bv64) == 1bv8);
  free ensures (memory_load8_le(mem, 1917bv64) == 0bv8);
  free ensures (memory_load8_le(mem, 1918bv64) == 2bv8);
  free ensures (memory_load8_le(mem, 1919bv64) == 0bv8);
  free ensures (memory_load64_le(mem, 69064bv64) == 1808bv64);
  free ensures (memory_load64_le(mem, 69072bv64) == 1728bv64);
  free ensures (memory_load64_le(mem, 69592bv64) == 1872bv64);
  free ensures (memory_load64_le(mem, 69672bv64) == 69672bv64);

procedure {:extern} rely_transitive();
  modifies Gamma_mem, mem;
  ensures (mem == old(mem));
  ensures (Gamma_mem == old(Gamma_mem));

implementation {:extern} rely_transitive()
{
  call rely();
  call rely();
}

procedure {:extern} rely_reflexive();

procedure {:extern} guarantee_reflexive();
  modifies Gamma_mem, mem;

procedure main();
  modifies Gamma_R0, Gamma_R8, Gamma_R9, Gamma_mem, R0, R8, R9, mem;
  free requires (memory_load8_le(mem, 69664bv64) == 0bv8);
  free requires (memory_load8_le(mem, 69665bv64) == 0bv8);
  free requires (memory_load8_le(mem, 69666bv64) == 0bv8);
  free requires (memory_load8_le(mem, 69667bv64) == 0bv8);
  free requires (memory_load8_le(mem, 69668bv64) == 0bv8);
  free requires (memory_load8_le(mem, 69669bv64) == 0bv8);
  free requires (memory_load8_le(mem, 69670bv64) == 0bv8);
  free requires (memory_load8_le(mem, 69671bv64) == 0bv8);
  free requires (memory_load8_le(mem, 69672bv64) == 40bv8);
  free requires (memory_load8_le(mem, 69673bv64) == 16bv8);
  free requires (memory_load8_le(mem, 69674bv64) == 1bv8);
  free requires (memory_load8_le(mem, 69675bv64) == 0bv8);
  free requires (memory_load8_le(mem, 69676bv64) == 0bv8);
  free requires (memory_load8_le(mem, 69677bv64) == 0bv8);
  free requires (memory_load8_le(mem, 69678bv64) == 0bv8);
  free requires (memory_load8_le(mem, 69679bv64) == 0bv8);
  free requires (memory_load8_le(mem, 69680bv64) == 5bv8);
  free requires (memory_load8_le(mem, 69681bv64) == 0bv8);
  free requires (memory_load8_le(mem, 69682bv64) == 0bv8);
  free requires (memory_load8_le(mem, 69683bv64) == 0bv8);
  free requires (memory_load8_le(mem, 1916bv64) == 1bv8);
  free requires (memory_load8_le(mem, 1917bv64) == 0bv8);
  free requires (memory_load8_le(mem, 1918bv64) == 2bv8);
  free requires (memory_load8_le(mem, 1919bv64) == 0bv8);
  free requires (memory_load64_le(mem, 69064bv64) == 1808bv64);
  free requires (memory_load64_le(mem, 69072bv64) == 1728bv64);
  free requires (memory_load64_le(mem, 69592bv64) == 1872bv64);
  free requires (memory_load64_le(mem, 69672bv64) == 69672bv64);
  free ensures (memory_load8_le(mem, 1916bv64) == 1bv8);
  free ensures (memory_load8_le(mem, 1917bv64) == 0bv8);
  free ensures (memory_load8_le(mem, 1918bv64) == 2bv8);
  free ensures (memory_load8_le(mem, 1919bv64) == 0bv8);
  free ensures (memory_load64_le(mem, 69064bv64) == 1808bv64);
  free ensures (memory_load64_le(mem, 69072bv64) == 1728bv64);
  free ensures (memory_load64_le(mem, 69592bv64) == 1872bv64);
  free ensures (memory_load64_le(mem, 69672bv64) == 69672bv64);

implementation main()
{
  lmain:
    assume {:captureState "lmain"} true;
    R8, Gamma_R8 := 69632bv64, true;
    R0, Gamma_R0 := 0bv64, true;
    call rely();
    R9, Gamma_R9 := zero_extend32_32(memory_load32_le(mem, bvadd64(R8, 48bv64))), (gamma_load32(Gamma_mem, bvadd64(R8, 48bv64)) || L(mem, bvadd64(R8, 48bv64)));
    R9, Gamma_R9 := zero_extend32_32(bvadd32(R9[32:0], 1bv32)), Gamma_R9;
    call rely();
    assert (L(mem, bvadd64(R8, 48bv64)) ==> Gamma_R9);
    mem, Gamma_mem := memory_store32_le(mem, bvadd64(R8, 48bv64), R9[32:0]), gamma_store32(Gamma_mem, bvadd64(R8, 48bv64), Gamma_R9);
    assume {:captureState "%00000378"} true;
    goto main_basil_return;
  main_basil_return:
    assume {:captureState "main_basil_return"} true;
    return;
}

