var {:extern} CF: bv1;
var {:extern} Gamma_CF: bool;
var {:extern} Gamma_NF: bool;
var {:extern} Gamma_R0: bool;
var {:extern} Gamma_R31: bool;
var {:extern} Gamma_R8: bool;
var {:extern} Gamma_VF: bool;
var {:extern} Gamma_ZF: bool;
var {:extern} Gamma_mem: [bv64]bool;
var {:extern} Gamma_stack: [bv64]bool;
var {:extern} NF: bv1;
var {:extern} R0: bv64;
var {:extern} R31: bv64;
var {:extern} R8: bv64;
var {:extern} VF: bv1;
var {:extern} ZF: bv1;
var {:extern} mem: [bv64]bv8;
var {:extern} stack: [bv64]bv8;
const {:extern} $x_addr: bv64;
axiom ($x_addr == 69684bv64);
const {:extern} $z_addr: bv64;
axiom ($z_addr == 69688bv64);
function {:extern} L(memory: [bv64]bv8, index: bv64) returns (bool) {
  (if (index == $z_addr) then true else (if (index == $x_addr) then (memory_load32_le(memory, $z_addr) == 0bv32) else false))
}

function {:extern} {:bvbuiltin "bvadd"} bvadd32(bv32, bv32) returns (bv32);
function {:extern} {:bvbuiltin "bvadd"} bvadd33(bv33, bv33) returns (bv33);
function {:extern} {:bvbuiltin "bvadd"} bvadd64(bv64, bv64) returns (bv64);
function {:extern} {:bvbuiltin "bvcomp"} bvcomp1(bv1, bv1) returns (bv1);
function {:extern} {:bvbuiltin "bvcomp"} bvcomp32(bv32, bv32) returns (bv1);
function {:extern} {:bvbuiltin "bvcomp"} bvcomp33(bv33, bv33) returns (bv1);
function {:extern} {:bvbuiltin "bvnot"} bvnot1(bv1) returns (bv1);
function {:extern} gamma_load32(gammaMap: [bv64]bool, index: bv64) returns (bool) {
  (gammaMap[bvadd64(index, 3bv64)] && (gammaMap[bvadd64(index, 2bv64)] && (gammaMap[bvadd64(index, 1bv64)] && gammaMap[index])))
}

function {:extern} gamma_load64(gammaMap: [bv64]bool, index: bv64) returns (bool) {
  (gammaMap[bvadd64(index, 7bv64)] && (gammaMap[bvadd64(index, 6bv64)] && (gammaMap[bvadd64(index, 5bv64)] && (gammaMap[bvadd64(index, 4bv64)] && (gammaMap[bvadd64(index, 3bv64)] && (gammaMap[bvadd64(index, 2bv64)] && (gammaMap[bvadd64(index, 1bv64)] && gammaMap[index])))))))
}

function {:extern} gamma_store32(gammaMap: [bv64]bool, index: bv64, value: bool) returns ([bv64]bool) {
  gammaMap[index := value][bvadd64(index, 1bv64) := value][bvadd64(index, 2bv64) := value][bvadd64(index, 3bv64) := value]
}

function {:extern} memory_load32_le(memory: [bv64]bv8, index: bv64) returns (bv32) {
  (memory[bvadd64(index, 3bv64)] ++ (memory[bvadd64(index, 2bv64)] ++ (memory[bvadd64(index, 1bv64)] ++ memory[index])))
}

function {:extern} memory_load64_le(memory: [bv64]bv8, index: bv64) returns (bv64) {
  (memory[bvadd64(index, 7bv64)] ++ (memory[bvadd64(index, 6bv64)] ++ (memory[bvadd64(index, 5bv64)] ++ (memory[bvadd64(index, 4bv64)] ++ (memory[bvadd64(index, 3bv64)] ++ (memory[bvadd64(index, 2bv64)] ++ (memory[bvadd64(index, 1bv64)] ++ memory[index])))))))
}

function {:extern} memory_load8_le(memory: [bv64]bv8, index: bv64) returns (bv8) {
  memory[index]
}

function {:extern} memory_store32_le(memory: [bv64]bv8, index: bv64, value: bv32) returns ([bv64]bv8) {
  memory[index := value[8:0]][bvadd64(index, 1bv64) := value[16:8]][bvadd64(index, 2bv64) := value[24:16]][bvadd64(index, 3bv64) := value[32:24]]
}

function {:extern} {:bvbuiltin "sign_extend 1"} sign_extend1_32(bv32) returns (bv33);
function {:extern} {:bvbuiltin "zero_extend 1"} zero_extend1_32(bv32) returns (bv33);
function {:extern} {:bvbuiltin "zero_extend 32"} zero_extend32_32(bv32) returns (bv64);
procedure {:extern} rely();
  modifies Gamma_mem, mem;
  ensures (forall i: bv64 :: (((mem[i] == old(mem[i])) ==> (Gamma_mem[i] == old(Gamma_mem[i])))));
  ensures (old(gamma_load32(Gamma_mem, $x_addr)) ==> gamma_load32(Gamma_mem, $x_addr));
  free ensures (memory_load8_le(mem, 1964bv64) == 1bv8);
  free ensures (memory_load8_le(mem, 1965bv64) == 0bv8);
  free ensures (memory_load8_le(mem, 1966bv64) == 2bv8);
  free ensures (memory_load8_le(mem, 1967bv64) == 0bv8);
  free ensures (memory_load64_le(mem, 69576bv64) == 69684bv64);
  free ensures (memory_load64_le(mem, 69672bv64) == 69672bv64);
  free ensures (memory_load64_le(mem, 69056bv64) == 1872bv64);
  free ensures (memory_load64_le(mem, 69064bv64) == 1792bv64);
  free ensures (memory_load64_le(mem, 69592bv64) == 1876bv64);

procedure {:extern} rely_transitive();
  modifies Gamma_mem, mem;
  ensures (old(gamma_load32(Gamma_mem, $x_addr)) ==> gamma_load32(Gamma_mem, $x_addr));

implementation {:extern} rely_transitive()
{
  call rely();
  call rely();
}

procedure {:extern} rely_reflexive();

implementation {:extern} rely_reflexive()
{
  assert (gamma_load32(Gamma_mem, $x_addr) ==> gamma_load32(Gamma_mem, $x_addr));
}

procedure {:extern} guarantee_reflexive();
  modifies Gamma_mem, mem;

implementation {:extern} guarantee_reflexive()
{
  assert ((memory_load32_le(mem, $x_addr) == memory_load32_le(mem, $x_addr)) && (memory_load32_le(mem, $z_addr) == memory_load32_le(mem, $z_addr)));
}

procedure main();
  modifies CF, Gamma_CF, Gamma_NF, Gamma_R0, Gamma_R31, Gamma_R8, Gamma_VF, Gamma_ZF, Gamma_mem, Gamma_stack, NF, R0, R31, R8, VF, ZF, mem, stack;
  requires (gamma_load32(Gamma_mem, $x_addr) == true);
  free requires (memory_load64_le(mem, 69664bv64) == 0bv64);
  free requires (memory_load64_le(mem, 69672bv64) == 69672bv64);
  free requires (memory_load8_le(mem, 1964bv64) == 1bv8);
  free requires (memory_load8_le(mem, 1965bv64) == 0bv8);
  free requires (memory_load8_le(mem, 1966bv64) == 2bv8);
  free requires (memory_load8_le(mem, 1967bv64) == 0bv8);
  free requires (memory_load64_le(mem, 69576bv64) == 69684bv64);
  free requires (memory_load64_le(mem, 69672bv64) == 69672bv64);
  free requires (memory_load64_le(mem, 69056bv64) == 1872bv64);
  free requires (memory_load64_le(mem, 69064bv64) == 1792bv64);
  free requires (memory_load64_le(mem, 69592bv64) == 1876bv64);
  free ensures (Gamma_R31 == old(Gamma_R31));
  free ensures (R31 == old(R31));
  free ensures (memory_load8_le(mem, 1964bv64) == 1bv8);
  free ensures (memory_load8_le(mem, 1965bv64) == 0bv8);
  free ensures (memory_load8_le(mem, 1966bv64) == 2bv8);
  free ensures (memory_load8_le(mem, 1967bv64) == 0bv8);
  free ensures (memory_load64_le(mem, 69576bv64) == 69684bv64);
  free ensures (memory_load64_le(mem, 69672bv64) == 69672bv64);
  free ensures (memory_load64_le(mem, 69056bv64) == 1872bv64);
  free ensures (memory_load64_le(mem, 69064bv64) == 1792bv64);
  free ensures (memory_load64_le(mem, 69592bv64) == 1876bv64);

implementation main()
{
  var #4: bv32;
  var Gamma_#4: bool;
  lmain:
    assume {:captureState "lmain"} true;
    R31, Gamma_R31 := bvadd64(R31, 18446744073709551600bv64), Gamma_R31;
    stack, Gamma_stack := memory_store32_le(stack, bvadd64(R31, 12bv64), 0bv32), gamma_store32(Gamma_stack, bvadd64(R31, 12bv64), true);
    assume {:captureState "%000002f9"} true;
    R8, Gamma_R8 := 65536bv64, true;
    call rely();
    R8, Gamma_R8 := memory_load64_le(mem, bvadd64(R8, 4040bv64)), (gamma_load64(Gamma_mem, bvadd64(R8, 4040bv64)) || L(mem, bvadd64(R8, 4040bv64)));
    call rely();
    R8, Gamma_R8 := zero_extend32_32(memory_load32_le(mem, R8)), (gamma_load32(Gamma_mem, R8) || L(mem, R8));
    #4, Gamma_#4 := bvadd32(R8[32:0], 4294967295bv32), Gamma_R8;
    VF, Gamma_VF := bvnot1(bvcomp33(sign_extend1_32(bvadd32(#4, 1bv32)), bvadd33(sign_extend1_32(R8[32:0]), 0bv33))), (Gamma_R8 && Gamma_#4);
    CF, Gamma_CF := bvnot1(bvcomp33(zero_extend1_32(bvadd32(#4, 1bv32)), bvadd33(zero_extend1_32(R8[32:0]), 4294967296bv33))), (Gamma_R8 && Gamma_#4);
    ZF, Gamma_ZF := bvcomp32(bvadd32(#4, 1bv32), 0bv32), Gamma_#4;
    NF, Gamma_NF := bvadd32(#4, 1bv32)[32:31], Gamma_#4;
    R8, Gamma_R8 := zero_extend32_32(bvadd32(#4, 1bv32)), Gamma_#4;
    assert Gamma_ZF;
    goto lmain_goto_l00000330, lmain_goto_l0000032d;
  l00000330:
    assume {:captureState "l00000330"} true;
    R8, Gamma_R8 := 1bv64, true;
    goto l00000333;
  l0000032d:
    assume {:captureState "l0000032d"} true;
    R8, Gamma_R8 := 0bv64, true;
    goto l00000333;
  l00000333:
    assume {:captureState "l00000333"} true;
    assert Gamma_R8;
    goto l00000333_goto_l0000033b, l00000333_goto_l00000363;
  l0000033b:
    assume {:captureState "l0000033b"} true;
    R8, Gamma_R8 := 1bv64, true;
    stack, Gamma_stack := memory_store32_le(stack, bvadd64(R31, 12bv64), R8[32:0]), gamma_store32(Gamma_stack, bvadd64(R31, 12bv64), Gamma_R8);
    assume {:captureState "%0000034b"} true;
    goto l0000034e;
  l00000363:
    assume {:captureState "l00000363"} true;
    goto l00000364;
  l00000364:
    assume {:captureState "l00000364"} true;
    stack, Gamma_stack := memory_store32_le(stack, bvadd64(R31, 12bv64), 0bv32), gamma_store32(Gamma_stack, bvadd64(R31, 12bv64), true);
    assume {:captureState "%0000036c"} true;
    goto l0000034e;
  l0000034e:
    assume {:captureState "l0000034e"} true;
    R0, Gamma_R0 := zero_extend32_32(memory_load32_le(stack, bvadd64(R31, 12bv64))), gamma_load32(Gamma_stack, bvadd64(R31, 12bv64));
    R31, Gamma_R31 := bvadd64(R31, 16bv64), Gamma_R31;
    goto main_return;
  lmain_goto_l0000032d:
    assume {:captureState "lmain_goto_l0000032d"} true;
    assume (bvnot1(bvcomp1(ZF, 1bv1)) != 0bv1);
    goto l0000032d;
  lmain_goto_l00000330:
    assume {:captureState "lmain_goto_l00000330"} true;
    assume (bvnot1(bvcomp1(ZF, 1bv1)) == 0bv1);
    goto l00000330;
  l00000333_goto_l0000033b:
    assume {:captureState "l00000333_goto_l0000033b"} true;
    assume (bvcomp1(R8[1:0], 1bv1) != 0bv1);
    goto l0000033b;
  l00000333_goto_l00000363:
    assume {:captureState "l00000333_goto_l00000363"} true;
    assume (bvcomp1(R8[1:0], 1bv1) == 0bv1);
    goto l00000363;
  main_return:
    assume {:captureState "main_return"} true;
    return;
}

