var {:extern} CF: bv1;
var {:extern} Gamma_CF: bool;
var {:extern} Gamma_NF: bool;
var {:extern} Gamma_R0: bool;
var {:extern} Gamma_R8: bool;
var {:extern} Gamma_R9: bool;
var {:extern} Gamma_VF: bool;
var {:extern} Gamma_ZF: bool;
var {:extern} Gamma_mem: [bv64]bool;
var {:extern} NF: bv1;
var {:extern} R0: bv64;
var {:extern} R8: bv64;
var {:extern} R9: bv64;
var {:extern} VF: bv1;
var {:extern} ZF: bv1;
var {:extern} mem: [bv64]bv8;
const {:extern} $x_addr: bv64;
axiom ($x_addr == 69688bv64);
const {:extern} $z_addr: bv64;
axiom ($z_addr == 69684bv64);
function {:extern} L(mem$in: [bv64]bv8, index: bv64) returns (bool) {
  (if (index == $x_addr) then (memory_load32_le(mem$in, $z_addr) == 0bv32) else (if (index == $z_addr) then true else false))
}

function {:extern} {:bvbuiltin "bvadd"} bvadd32(bv32, bv32) returns (bv32);
function {:extern} {:bvbuiltin "bvadd"} bvadd33(bv33, bv33) returns (bv33);
function {:extern} {:bvbuiltin "bvadd"} bvadd64(bv64, bv64) returns (bv64);
function {:extern} {:bvbuiltin "bvcomp"} bvcomp32(bv32, bv32) returns (bv1);
function {:extern} {:bvbuiltin "bvcomp"} bvcomp33(bv33, bv33) returns (bv1);
function {:extern} {:bvbuiltin "bvnot"} bvnot1(bv1) returns (bv1);
function {:extern} gamma_load32(gammaMap: [bv64]bool, index: bv64) returns (bool) {
  (gammaMap[bvadd64(index, 3bv64)] && (gammaMap[bvadd64(index, 2bv64)] && (gammaMap[bvadd64(index, 1bv64)] && gammaMap[index])))
}

function {:extern} memory_load32_le(memory: [bv64]bv8, index: bv64) returns (bv32) {
  (memory[bvadd64(index, 3bv64)] ++ (memory[bvadd64(index, 2bv64)] ++ (memory[bvadd64(index, 1bv64)] ++ memory[index])))
}

function {:extern} memory_load64_le(memory: [bv64]bv8, index: bv64) returns (bv64) {
  (memory[bvadd64(index, 7bv64)] ++ (memory[bvadd64(index, 6bv64)] ++ (memory[bvadd64(index, 5bv64)] ++ (memory[bvadd64(index, 4bv64)] ++ (memory[bvadd64(index, 3bv64)] ++ (memory[bvadd64(index, 2bv64)] ++ (memory[bvadd64(index, 1bv64)] ++ memory[index])))))))
}

function {:extern} {:bvbuiltin "zero_extend 1"} zero_extend1_32(bv32) returns (bv33);
function {:extern} {:bvbuiltin "zero_extend 32"} zero_extend32_32(bv32) returns (bv64);
procedure {:extern} rely();
  modifies Gamma_mem, mem;
  ensures (forall i: bv64 :: (((mem[i] == old(mem[i])) ==> (Gamma_mem[i] == old(Gamma_mem[i])))));
  ensures ((old(memory_load32_le(mem, $z_addr)) == 0bv32) ==> ((memory_load32_le(mem, $x_addr) == old(memory_load32_le(mem, $x_addr))) && (memory_load32_le(mem, $z_addr) == old(memory_load32_le(mem, $z_addr)))));
  free ensures (memory_load32_le(mem, 1860bv64) == 131073bv32);
  free ensures (memory_load64_le(mem, 69064bv64) == 1808bv64);
  free ensures (memory_load64_le(mem, 69072bv64) == 1728bv64);
  free ensures (memory_load64_le(mem, 69592bv64) == 1812bv64);
  free ensures (memory_load64_le(mem, 69672bv64) == 69672bv64);

procedure {:extern} rely_transitive();
  modifies Gamma_mem, mem;
  ensures ((old(memory_load32_le(mem, $z_addr)) == 0bv32) ==> ((memory_load32_le(mem, $x_addr) == old(memory_load32_le(mem, $x_addr))) && (memory_load32_le(mem, $z_addr) == old(memory_load32_le(mem, $z_addr)))));

implementation {:extern} rely_transitive()
{
  call rely();
  call rely();
}

procedure {:extern} rely_reflexive();

implementation {:extern} rely_reflexive()
{
  assert ((memory_load32_le(mem, $z_addr) == 0bv32) ==> ((memory_load32_le(mem, $x_addr) == memory_load32_le(mem, $x_addr)) && (memory_load32_le(mem, $z_addr) == memory_load32_le(mem, $z_addr))));
}

procedure {:extern} guarantee_reflexive();
  modifies Gamma_mem, mem;

implementation {:extern} guarantee_reflexive()
{
  assert ((memory_load32_le(mem, $z_addr) == memory_load32_le(mem, $z_addr)) && (memory_load32_le(mem, $x_addr) == memory_load32_le(mem, $x_addr)));
}

procedure main();
  modifies CF, Gamma_CF, Gamma_NF, Gamma_R0, Gamma_R8, Gamma_R9, Gamma_VF, Gamma_ZF, Gamma_mem, NF, R0, R8, R9, VF, ZF, mem;
  free requires (memory_load64_le(mem, 69664bv64) == 0bv64);
  free requires (memory_load64_le(mem, 69672bv64) == 69672bv64);
  free requires (memory_load32_le(mem, 1860bv64) == 131073bv32);
  free requires (memory_load64_le(mem, 69064bv64) == 1808bv64);
  free requires (memory_load64_le(mem, 69072bv64) == 1728bv64);
  free requires (memory_load64_le(mem, 69592bv64) == 1812bv64);
  free requires (memory_load64_le(mem, 69672bv64) == 69672bv64);
  free ensures (memory_load32_le(mem, 1860bv64) == 131073bv32);
  free ensures (memory_load64_le(mem, 69064bv64) == 1808bv64);
  free ensures (memory_load64_le(mem, 69072bv64) == 1728bv64);
  free ensures (memory_load64_le(mem, 69592bv64) == 1812bv64);
  free ensures (memory_load64_le(mem, 69672bv64) == 69672bv64);

implementation main()
{
  var $load18: bv32;
  var $load19: bv32;
  var Cse0__5$0$4: bv32;
  var Gamma_$load18: bool;
  var Gamma_$load19: bool;
  var Gamma_Cse0__5$0$4: bool;
  $main$__0__$pquulxeLTn6ZdHAVNHAErw:
    assume {:captureState "$main$__0__$pquulxeLTn6ZdHAVNHAErw"} true;
    R8, Gamma_R8 := 69632bv64, true;
    R9, Gamma_R9 := 69632bv64, true;
    call rely();
    $load18, Gamma_$load18 := memory_load32_le(mem, bvadd64(R8, 52bv64)), (gamma_load32(Gamma_mem, bvadd64(R8, 52bv64)) || L(mem, bvadd64(R8, 52bv64)));
    R8, Gamma_R8 := zero_extend32_32($load18), Gamma_$load18;
    call rely();
    $load19, Gamma_$load19 := memory_load32_le(mem, bvadd64(R9, 56bv64)), (gamma_load32(Gamma_mem, bvadd64(R9, 56bv64)) || L(mem, bvadd64(R9, 56bv64)));
    R9, Gamma_R9 := zero_extend32_32($load19), Gamma_$load19;
    Cse0__5$0$4, Gamma_Cse0__5$0$4 := bvadd32(R8[32:0], 0bv32), Gamma_R8;
    VF, Gamma_VF := bvnot1(bvcomp32(Cse0__5$0$4, Cse0__5$0$4)), Gamma_Cse0__5$0$4;
    CF, Gamma_CF := bvnot1(bvcomp33(zero_extend1_32(Cse0__5$0$4), bvadd33(zero_extend1_32(R8[32:0]), 4294967296bv33))), (Gamma_R8 && Gamma_Cse0__5$0$4);
    ZF, Gamma_ZF := bvcomp32(Cse0__5$0$4, 0bv32), Gamma_Cse0__5$0$4;
    NF, Gamma_NF := Cse0__5$0$4[32:31], Gamma_Cse0__5$0$4;
    assert Gamma_ZF;
    goto $main$__0__$pquulxeLTn6ZdHAVNHAErw$__0, $main$__0__$pquulxeLTn6ZdHAVNHAErw$__1;
  $main$__0__$pquulxeLTn6ZdHAVNHAErw$__0:
    assume {:captureState "$main$__0__$pquulxeLTn6ZdHAVNHAErw$__0"} true;
    assume (ZF == 1bv1);
    R0, Gamma_R0 := zero_extend32_32(R9[32:0]), Gamma_R9;
    goto main_basil_return;
  $main$__0__$pquulxeLTn6ZdHAVNHAErw$__1:
    assume {:captureState "$main$__0__$pquulxeLTn6ZdHAVNHAErw$__1"} true;
    assume (!(ZF == 1bv1));
    R0, Gamma_R0 := 0bv64, true;
    goto main_basil_return;
  main_basil_return:
    assume {:captureState "main_basil_return"} true;
    return;
}

