var {:extern} Gamma_mem: [bv64]bool;
var {:extern} Gamma_stack: [bv64]bool;
var {:extern} mem: [bv64]bv8;
var {:extern} stack: [bv64]bv8;
const {:extern} $secret_addr: bv64;
axiom ($secret_addr == 69650bv64);
const {:extern} $z_addr: bv64;
axiom ($z_addr == 69649bv64);
function {:extern} L(memory: [bv64]bv8, index: bv64) returns (bool) {
  (if (index == $secret_addr) then false else (if (index == $z_addr) then true else false))
}

function {:extern} {:bvbuiltin "bvadd"} bvadd64(bv64, bv64) returns (bv64);
function {:extern} gamma_load8(gammaMap: [bv64]bool, index: bv64) returns (bool) {
  gammaMap[index]
}

function {:extern} gamma_store8(gammaMap: [bv64]bool, index: bv64, value: bool) returns ([bv64]bool) {
  gammaMap[index := value]
}

function {:extern} memory_load64_le(memory: [bv64]bv8, index: bv64) returns (bv64) {
  (memory[bvadd64(index, 7bv64)] ++ (memory[bvadd64(index, 6bv64)] ++ (memory[bvadd64(index, 5bv64)] ++ (memory[bvadd64(index, 4bv64)] ++ (memory[bvadd64(index, 3bv64)] ++ (memory[bvadd64(index, 2bv64)] ++ (memory[bvadd64(index, 1bv64)] ++ memory[index])))))))
}

function {:extern} memory_load8_le(memory: [bv64]bv8, index: bv64) returns (bv8) {
  memory[index]
}

function {:extern} memory_store8_le(memory: [bv64]bv8, index: bv64, value: bv8) returns ([bv64]bv8) {
  memory[index := value]
}

function {:extern} {:bvbuiltin "zero_extend 56"} zero_extend56_8(bv8) returns (bv64);
procedure {:extern} rely();
  modifies Gamma_mem, mem;
  ensures (mem == old(mem));
  ensures (Gamma_mem == old(Gamma_mem));
  free ensures (memory_load8_le(mem, 1916bv64) == 1bv8);
  free ensures (memory_load8_le(mem, 1917bv64) == 0bv8);
  free ensures (memory_load8_le(mem, 1918bv64) == 2bv8);
  free ensures (memory_load8_le(mem, 1919bv64) == 0bv8);
  free ensures (memory_load64_le(mem, 69016bv64) == 1808bv64);
  free ensures (memory_load64_le(mem, 69024bv64) == 1728bv64);
  free ensures (memory_load64_le(mem, 69616bv64) == 1812bv64);
  free ensures (memory_load64_le(mem, 69640bv64) == 69640bv64);

procedure {:extern} rely_transitive();
  modifies Gamma_mem, mem;
  ensures (mem == old(mem));
  ensures (Gamma_mem == old(Gamma_mem));

implementation {:extern} rely_transitive()
{
  call rely();
  call rely();
}

procedure {:extern} rely_reflexive();

procedure {:extern} guarantee_reflexive();
  modifies Gamma_mem, mem;

procedure main(R31_in: bv64, Gamma_R31_in: bool) returns (R0_out: bv64, Gamma_R0_out: bool, R1_out: bv64, Gamma_R1_out: bool, R31_out: bv64, Gamma_R31_out: bool);
  modifies Gamma_mem, Gamma_stack, mem, stack;
  free requires (memory_load64_le(mem, 69632bv64) == 0bv64);
  free requires (memory_load64_le(mem, 69640bv64) == 69640bv64);
  free requires (memory_load8_le(mem, 1916bv64) == 1bv8);
  free requires (memory_load8_le(mem, 1917bv64) == 0bv8);
  free requires (memory_load8_le(mem, 1918bv64) == 2bv8);
  free requires (memory_load8_le(mem, 1919bv64) == 0bv8);
  free requires (memory_load64_le(mem, 69016bv64) == 1808bv64);
  free requires (memory_load64_le(mem, 69024bv64) == 1728bv64);
  free requires (memory_load64_le(mem, 69616bv64) == 1812bv64);
  free requires (memory_load64_le(mem, 69640bv64) == 69640bv64);
  free ensures (memory_load8_le(mem, 1916bv64) == 1bv8);
  free ensures (memory_load8_le(mem, 1917bv64) == 0bv8);
  free ensures (memory_load8_le(mem, 1918bv64) == 2bv8);
  free ensures (memory_load8_le(mem, 1919bv64) == 0bv8);
  free ensures (memory_load64_le(mem, 69016bv64) == 1808bv64);
  free ensures (memory_load64_le(mem, 69024bv64) == 1728bv64);
  free ensures (memory_load64_le(mem, 69616bv64) == 1812bv64);
  free ensures (memory_load64_le(mem, 69640bv64) == 69640bv64);

implementation main(R31_in: bv64, Gamma_R31_in: bool) returns (R0_out: bv64, Gamma_R0_out: bool, R1_out: bv64, Gamma_R1_out: bool, R31_out: bv64, Gamma_R31_out: bool)
{
  var Gamma_R0_10: bool;
  var Gamma_R0_2: bool;
  var Gamma_R0_3: bool;
  var Gamma_R0_5: bool;
  var Gamma_R0_7: bool;
  var Gamma_R0_8: bool;
  var Gamma_R1_1: bool;
  var Gamma_R1_2: bool;
  var R0_10: bv64;
  var R0_2: bv64;
  var R0_3: bv64;
  var R0_5: bv64;
  var R0_7: bv64;
  var R0_8: bv64;
  var R1_1: bv64;
  var R1_2: bv64;
  $main$__0__$6KyTrn2fQai0rTadNoNzYA:
    R0_2, Gamma_R0_2 := 69650bv64, true;
    call rely();
    R0_3, Gamma_R0_3 := zero_extend56_8(memory_load8_le(mem, R0_2)), (gamma_load8(Gamma_mem, R0_2) || L(mem, R0_2));
    stack, Gamma_stack := memory_store8_le(stack, bvadd64(R31_in, 18446744073709551615bv64), R0_3[8:0]), gamma_store8(Gamma_stack, bvadd64(R31_in, 18446744073709551615bv64), Gamma_R0_3);
    stack, Gamma_stack := memory_store8_le(stack, bvadd64(R31_in, 18446744073709551615bv64), 0bv8), gamma_store8(Gamma_stack, bvadd64(R31_in, 18446744073709551615bv64), true);
    R0_5, Gamma_R0_5 := 69649bv64, true;
    R1_1, Gamma_R1_1 := zero_extend56_8(memory_load8_le(stack, bvadd64(R31_in, 18446744073709551615bv64))), gamma_load8(Gamma_stack, bvadd64(R31_in, 18446744073709551615bv64));
    call rely();
    assert (L(mem, R0_5) ==> Gamma_R1_1);
    mem, Gamma_mem := memory_store8_le(mem, R0_5, R1_1[8:0]), gamma_store8(Gamma_mem, R0_5, Gamma_R1_1);
    R0_7, Gamma_R0_7 := 69650bv64, true;
    call rely();
    R0_8, Gamma_R0_8 := zero_extend56_8(memory_load8_le(mem, R0_7)), (gamma_load8(Gamma_mem, R0_7) || L(mem, R0_7));
    stack, Gamma_stack := memory_store8_le(stack, bvadd64(R31_in, 18446744073709551615bv64), R0_8[8:0]), gamma_store8(Gamma_stack, bvadd64(R31_in, 18446744073709551615bv64), Gamma_R0_8);
    R0_10, Gamma_R0_10 := 69649bv64, true;
    R1_2, Gamma_R1_2 := zero_extend56_8(memory_load8_le(stack, bvadd64(R31_in, 18446744073709551615bv64))), gamma_load8(Gamma_stack, bvadd64(R31_in, 18446744073709551615bv64));
    call rely();
    assert (L(mem, R0_10) ==> Gamma_R1_2);
    mem, Gamma_mem := memory_store8_le(mem, R0_10, R1_2[8:0]), gamma_store8(Gamma_mem, R0_10, Gamma_R1_2);
    goto main_basil_return;
  main_basil_return:
    R0_out, R1_out, R31_out := 0bv64, R1_2, R31_in;
    Gamma_R0_out, Gamma_R1_out, Gamma_R31_out := true, Gamma_R1_2, Gamma_R31_in;
    return;
}

