var {:extern} Gamma_mem: [bv64]bool;
var {:extern} mem: [bv64]bv8;
const {:extern} $_IO_stdin_used_addr: bv64;
axiom ($_IO_stdin_used_addr == 1896bv64);
function {:extern} memory_load8_le(memory: [bv64]bv8, index: bv64) returns (bv8) {
  memory[index]
}

procedure {:extern} rely();
  modifies Gamma_mem, mem;
  ensures (mem == old(mem));
  ensures (Gamma_mem == old(Gamma_mem));
  free ensures (memory_load8_le(mem, 1896bv64) == 1bv8);
  free ensures (memory_load8_le(mem, 1897bv64) == 0bv8);
  free ensures (memory_load8_le(mem, 1898bv64) == 2bv8);
  free ensures (memory_load8_le(mem, 1899bv64) == 0bv8);
  free ensures (memory_load8_le(mem, 69016bv64) == 80bv8);
  free ensures (memory_load8_le(mem, 69017bv64) == 7bv8);
  free ensures (memory_load8_le(mem, 69018bv64) == 0bv8);
  free ensures (memory_load8_le(mem, 69019bv64) == 0bv8);
  free ensures (memory_load8_le(mem, 69020bv64) == 0bv8);
  free ensures (memory_load8_le(mem, 69021bv64) == 0bv8);
  free ensures (memory_load8_le(mem, 69022bv64) == 0bv8);
  free ensures (memory_load8_le(mem, 69023bv64) == 0bv8);
  free ensures (memory_load8_le(mem, 69024bv64) == 0bv8);
  free ensures (memory_load8_le(mem, 69025bv64) == 7bv8);
  free ensures (memory_load8_le(mem, 69026bv64) == 0bv8);
  free ensures (memory_load8_le(mem, 69027bv64) == 0bv8);
  free ensures (memory_load8_le(mem, 69028bv64) == 0bv8);
  free ensures (memory_load8_le(mem, 69029bv64) == 0bv8);
  free ensures (memory_load8_le(mem, 69030bv64) == 0bv8);
  free ensures (memory_load8_le(mem, 69031bv64) == 0bv8);
  free ensures (memory_load8_le(mem, 69616bv64) == 0bv8);
  free ensures (memory_load8_le(mem, 69617bv64) == 6bv8);
  free ensures (memory_load8_le(mem, 69618bv64) == 0bv8);
  free ensures (memory_load8_le(mem, 69619bv64) == 0bv8);
  free ensures (memory_load8_le(mem, 69620bv64) == 0bv8);
  free ensures (memory_load8_le(mem, 69621bv64) == 0bv8);
  free ensures (memory_load8_le(mem, 69622bv64) == 0bv8);
  free ensures (memory_load8_le(mem, 69623bv64) == 0bv8);
  free ensures (memory_load8_le(mem, 69640bv64) == 8bv8);
  free ensures (memory_load8_le(mem, 69641bv64) == 16bv8);
  free ensures (memory_load8_le(mem, 69642bv64) == 1bv8);
  free ensures (memory_load8_le(mem, 69643bv64) == 0bv8);
  free ensures (memory_load8_le(mem, 69644bv64) == 0bv8);
  free ensures (memory_load8_le(mem, 69645bv64) == 0bv8);
  free ensures (memory_load8_le(mem, 69646bv64) == 0bv8);
  free ensures (memory_load8_le(mem, 69647bv64) == 0bv8);

procedure {:extern} rely_transitive()
  modifies Gamma_mem, mem;
  ensures (mem == old(mem));
  ensures (Gamma_mem == old(Gamma_mem));
{
  call rely();
  call rely();
}

procedure {:extern} rely_reflexive();

procedure {:extern} guarantee_reflexive();
  modifies Gamma_mem, mem;

procedure main()
  free requires (memory_load8_le(mem, 69632bv64) == 0bv8);
  free requires (memory_load8_le(mem, 69633bv64) == 0bv8);
  free requires (memory_load8_le(mem, 69634bv64) == 0bv8);
  free requires (memory_load8_le(mem, 69635bv64) == 0bv8);
  free requires (memory_load8_le(mem, 69636bv64) == 0bv8);
  free requires (memory_load8_le(mem, 69637bv64) == 0bv8);
  free requires (memory_load8_le(mem, 69638bv64) == 0bv8);
  free requires (memory_load8_le(mem, 69639bv64) == 0bv8);
  free requires (memory_load8_le(mem, 69640bv64) == 8bv8);
  free requires (memory_load8_le(mem, 69641bv64) == 16bv8);
  free requires (memory_load8_le(mem, 69642bv64) == 1bv8);
  free requires (memory_load8_le(mem, 69643bv64) == 0bv8);
  free requires (memory_load8_le(mem, 69644bv64) == 0bv8);
  free requires (memory_load8_le(mem, 69645bv64) == 0bv8);
  free requires (memory_load8_le(mem, 69646bv64) == 0bv8);
  free requires (memory_load8_le(mem, 69647bv64) == 0bv8);
  free requires (memory_load8_le(mem, 1896bv64) == 1bv8);
  free requires (memory_load8_le(mem, 1897bv64) == 0bv8);
  free requires (memory_load8_le(mem, 1898bv64) == 2bv8);
  free requires (memory_load8_le(mem, 1899bv64) == 0bv8);
  free requires (memory_load8_le(mem, 69016bv64) == 80bv8);
  free requires (memory_load8_le(mem, 69017bv64) == 7bv8);
  free requires (memory_load8_le(mem, 69018bv64) == 0bv8);
  free requires (memory_load8_le(mem, 69019bv64) == 0bv8);
  free requires (memory_load8_le(mem, 69020bv64) == 0bv8);
  free requires (memory_load8_le(mem, 69021bv64) == 0bv8);
  free requires (memory_load8_le(mem, 69022bv64) == 0bv8);
  free requires (memory_load8_le(mem, 69023bv64) == 0bv8);
  free requires (memory_load8_le(mem, 69024bv64) == 0bv8);
  free requires (memory_load8_le(mem, 69025bv64) == 7bv8);
  free requires (memory_load8_le(mem, 69026bv64) == 0bv8);
  free requires (memory_load8_le(mem, 69027bv64) == 0bv8);
  free requires (memory_load8_le(mem, 69028bv64) == 0bv8);
  free requires (memory_load8_le(mem, 69029bv64) == 0bv8);
  free requires (memory_load8_le(mem, 69030bv64) == 0bv8);
  free requires (memory_load8_le(mem, 69031bv64) == 0bv8);
  free requires (memory_load8_le(mem, 69616bv64) == 0bv8);
  free requires (memory_load8_le(mem, 69617bv64) == 6bv8);
  free requires (memory_load8_le(mem, 69618bv64) == 0bv8);
  free requires (memory_load8_le(mem, 69619bv64) == 0bv8);
  free requires (memory_load8_le(mem, 69620bv64) == 0bv8);
  free requires (memory_load8_le(mem, 69621bv64) == 0bv8);
  free requires (memory_load8_le(mem, 69622bv64) == 0bv8);
  free requires (memory_load8_le(mem, 69623bv64) == 0bv8);
  free requires (memory_load8_le(mem, 69640bv64) == 8bv8);
  free requires (memory_load8_le(mem, 69641bv64) == 16bv8);
  free requires (memory_load8_le(mem, 69642bv64) == 1bv8);
  free requires (memory_load8_le(mem, 69643bv64) == 0bv8);
  free requires (memory_load8_le(mem, 69644bv64) == 0bv8);
  free requires (memory_load8_le(mem, 69645bv64) == 0bv8);
  free requires (memory_load8_le(mem, 69646bv64) == 0bv8);
  free requires (memory_load8_le(mem, 69647bv64) == 0bv8);
  free ensures (memory_load8_le(mem, 1896bv64) == 1bv8);
  free ensures (memory_load8_le(mem, 1897bv64) == 0bv8);
  free ensures (memory_load8_le(mem, 1898bv64) == 2bv8);
  free ensures (memory_load8_le(mem, 1899bv64) == 0bv8);
  free ensures (memory_load8_le(mem, 69016bv64) == 80bv8);
  free ensures (memory_load8_le(mem, 69017bv64) == 7bv8);
  free ensures (memory_load8_le(mem, 69018bv64) == 0bv8);
  free ensures (memory_load8_le(mem, 69019bv64) == 0bv8);
  free ensures (memory_load8_le(mem, 69020bv64) == 0bv8);
  free ensures (memory_load8_le(mem, 69021bv64) == 0bv8);
  free ensures (memory_load8_le(mem, 69022bv64) == 0bv8);
  free ensures (memory_load8_le(mem, 69023bv64) == 0bv8);
  free ensures (memory_load8_le(mem, 69024bv64) == 0bv8);
  free ensures (memory_load8_le(mem, 69025bv64) == 7bv8);
  free ensures (memory_load8_le(mem, 69026bv64) == 0bv8);
  free ensures (memory_load8_le(mem, 69027bv64) == 0bv8);
  free ensures (memory_load8_le(mem, 69028bv64) == 0bv8);
  free ensures (memory_load8_le(mem, 69029bv64) == 0bv8);
  free ensures (memory_load8_le(mem, 69030bv64) == 0bv8);
  free ensures (memory_load8_le(mem, 69031bv64) == 0bv8);
  free ensures (memory_load8_le(mem, 69616bv64) == 0bv8);
  free ensures (memory_load8_le(mem, 69617bv64) == 6bv8);
  free ensures (memory_load8_le(mem, 69618bv64) == 0bv8);
  free ensures (memory_load8_le(mem, 69619bv64) == 0bv8);
  free ensures (memory_load8_le(mem, 69620bv64) == 0bv8);
  free ensures (memory_load8_le(mem, 69621bv64) == 0bv8);
  free ensures (memory_load8_le(mem, 69622bv64) == 0bv8);
  free ensures (memory_load8_le(mem, 69623bv64) == 0bv8);
  free ensures (memory_load8_le(mem, 69640bv64) == 8bv8);
  free ensures (memory_load8_le(mem, 69641bv64) == 16bv8);
  free ensures (memory_load8_le(mem, 69642bv64) == 1bv8);
  free ensures (memory_load8_le(mem, 69643bv64) == 0bv8);
  free ensures (memory_load8_le(mem, 69644bv64) == 0bv8);
  free ensures (memory_load8_le(mem, 69645bv64) == 0bv8);
  free ensures (memory_load8_le(mem, 69646bv64) == 0bv8);
  free ensures (memory_load8_le(mem, 69647bv64) == 0bv8);
{
  lmain:
    assume {:captureState "lmain"} true;
    goto main_return;
  terminate:
    assume {:captureState "terminate"} true;
    goto terminate;
  main_return:
    assume {:captureState "main_return"} true;
    return;
}
