var {:extern} CF: bv1;
var {:extern} Gamma_CF: bool;
var {:extern} Gamma_NF: bool;
var {:extern} Gamma_R0: bool;
var {:extern} Gamma_R31: bool;
var {:extern} Gamma_R8: bool;
var {:extern} Gamma_R9: bool;
var {:extern} Gamma_VF: bool;
var {:extern} Gamma_ZF: bool;
var {:extern} Gamma_mem: [bv64]bool;
var {:extern} Gamma_stack: [bv64]bool;
var {:extern} NF: bv1;
var {:extern} R0: bv64;
var {:extern} R31: bv64;
var {:extern} R8: bv64;
var {:extern} R9: bv64;
var {:extern} VF: bv1;
var {:extern} ZF: bv1;
var {:extern} mem: [bv64]bv8;
var {:extern} stack: [bv64]bv8;
function {:extern} L(memory: [bv64]bv8, index: bv64) returns (bool) {
  false
}

function {:extern} {:bvbuiltin "bvadd"} bvadd32(bv32, bv32) returns (bv32);
function {:extern} {:bvbuiltin "bvadd"} bvadd33(bv33, bv33) returns (bv33);
function {:extern} {:bvbuiltin "bvadd"} bvadd64(bv64, bv64) returns (bv64);
function {:extern} {:bvbuiltin "bvcomp"} bvcomp32(bv32, bv32) returns (bv1);
function {:extern} {:bvbuiltin "bvcomp"} bvcomp33(bv33, bv33) returns (bv1);
function {:extern} {:bvbuiltin "bvnot"} bvnot1(bv1) returns (bv1);
function {:extern} gamma_load32(gammaMap: [bv64]bool, index: bv64) returns (bool) {
  (gammaMap[bvadd64(index, 3bv64)] && (gammaMap[bvadd64(index, 2bv64)] && (gammaMap[bvadd64(index, 1bv64)] && gammaMap[index])))
}

function {:extern} gamma_store32(gammaMap: [bv64]bool, index: bv64, value: bool) returns ([bv64]bool) {
  gammaMap[index := value][bvadd64(index, 1bv64) := value][bvadd64(index, 2bv64) := value][bvadd64(index, 3bv64) := value]
}

function {:extern} memory_load32_le(memory: [bv64]bv8, index: bv64) returns (bv32) {
  (memory[bvadd64(index, 3bv64)] ++ (memory[bvadd64(index, 2bv64)] ++ (memory[bvadd64(index, 1bv64)] ++ memory[index])))
}

function {:extern} memory_load64_le(memory: [bv64]bv8, index: bv64) returns (bv64) {
  (memory[bvadd64(index, 7bv64)] ++ (memory[bvadd64(index, 6bv64)] ++ (memory[bvadd64(index, 5bv64)] ++ (memory[bvadd64(index, 4bv64)] ++ (memory[bvadd64(index, 3bv64)] ++ (memory[bvadd64(index, 2bv64)] ++ (memory[bvadd64(index, 1bv64)] ++ memory[index])))))))
}

function {:extern} memory_load8_le(memory: [bv64]bv8, index: bv64) returns (bv8) {
  memory[index]
}

function {:extern} memory_store32_le(memory: [bv64]bv8, index: bv64, value: bv32) returns ([bv64]bv8) {
  memory[index := value[8:0]][bvadd64(index, 1bv64) := value[16:8]][bvadd64(index, 2bv64) := value[24:16]][bvadd64(index, 3bv64) := value[32:24]]
}

function {:extern} {:bvbuiltin "sign_extend 1"} sign_extend1_32(bv32) returns (bv33);
function {:extern} {:bvbuiltin "zero_extend 1"} zero_extend1_32(bv32) returns (bv33);
function {:extern} {:bvbuiltin "zero_extend 32"} zero_extend32_32(bv32) returns (bv64);
procedure {:extern} rely();
  modifies Gamma_mem, mem;
  ensures (mem == old(mem));
  ensures (Gamma_mem == old(Gamma_mem));
  free ensures (memory_load8_le(mem, 1980bv64) == 1bv8);
  free ensures (memory_load8_le(mem, 1981bv64) == 0bv8);
  free ensures (memory_load8_le(mem, 1982bv64) == 2bv8);
  free ensures (memory_load8_le(mem, 1983bv64) == 0bv8);
  free ensures (memory_load64_le(mem, 69064bv64) == 1808bv64);
  free ensures (memory_load64_le(mem, 69072bv64) == 1728bv64);
  free ensures (memory_load64_le(mem, 69592bv64) == 1812bv64);
  free ensures (memory_load64_le(mem, 69672bv64) == 69672bv64);

procedure {:extern} rely_transitive();
  modifies Gamma_mem, mem;
  ensures (mem == old(mem));
  ensures (Gamma_mem == old(Gamma_mem));

implementation {:extern} rely_transitive()
{
  call rely();
  call rely();
}

procedure {:extern} rely_reflexive();

procedure {:extern} guarantee_reflexive();
  modifies Gamma_mem, mem;

procedure main();
  modifies CF, Gamma_CF, Gamma_NF, Gamma_R0, Gamma_R31, Gamma_R8, Gamma_R9, Gamma_VF, Gamma_ZF, Gamma_mem, Gamma_stack, NF, R0, R31, R8, R9, VF, ZF, mem, stack;
  free requires (memory_load64_le(mem, 69664bv64) == 0bv64);
  free requires (memory_load64_le(mem, 69672bv64) == 69672bv64);
  free requires (memory_load8_le(mem, 1980bv64) == 1bv8);
  free requires (memory_load8_le(mem, 1981bv64) == 0bv8);
  free requires (memory_load8_le(mem, 1982bv64) == 2bv8);
  free requires (memory_load8_le(mem, 1983bv64) == 0bv8);
  free requires (memory_load64_le(mem, 69064bv64) == 1808bv64);
  free requires (memory_load64_le(mem, 69072bv64) == 1728bv64);
  free requires (memory_load64_le(mem, 69592bv64) == 1812bv64);
  free requires (memory_load64_le(mem, 69672bv64) == 69672bv64);
  free ensures (Gamma_R31 == old(Gamma_R31));
  free ensures (R31 == old(R31));
  free ensures (memory_load8_le(mem, 1980bv64) == 1bv8);
  free ensures (memory_load8_le(mem, 1981bv64) == 0bv8);
  free ensures (memory_load8_le(mem, 1982bv64) == 2bv8);
  free ensures (memory_load8_le(mem, 1983bv64) == 0bv8);
  free ensures (memory_load64_le(mem, 69064bv64) == 1808bv64);
  free ensures (memory_load64_le(mem, 69072bv64) == 1728bv64);
  free ensures (memory_load64_le(mem, 69592bv64) == 1812bv64);
  free ensures (memory_load64_le(mem, 69672bv64) == 69672bv64);

implementation main()
{
  var Cse0__5$0$2: bv32;
  var Cse0__5$4$8: bv32;
  var Cse0__5$9$1: bv32;
  var Gamma_Cse0__5$0$2: bool;
  var Gamma_Cse0__5$4$8: bool;
  var Gamma_Cse0__5$9$1: bool;
  $main$__0__$jiy7Tpg0RkC9bQhTBbi5Tw:
    assume {:captureState "$main$__0__$jiy7Tpg0RkC9bQhTBbi5Tw"} true;
    R31, Gamma_R31 := bvadd64(R31, 18446744073709551600bv64), Gamma_R31;
    stack, Gamma_stack := memory_store32_le(stack, bvadd64(R31, 12bv64), 0bv32), gamma_store32(Gamma_stack, bvadd64(R31, 12bv64), true);
    assume {:captureState "1816$0"} true;
    stack, Gamma_stack := memory_store32_le(stack, bvadd64(R31, 8bv64), R0[32:0]), gamma_store32(Gamma_stack, bvadd64(R31, 8bv64), Gamma_R0);
    assume {:captureState "1820$0"} true;
    R9, Gamma_R9 := zero_extend32_32(memory_load32_le(stack, bvadd64(R31, 8bv64))), gamma_load32(Gamma_stack, bvadd64(R31, 8bv64));
    R8, Gamma_R8 := 69632bv64, true;
    call rely();
    assert (L(mem, bvadd64(R8, 52bv64)) ==> Gamma_R9);
    mem, Gamma_mem := memory_store32_le(mem, bvadd64(R8, 52bv64), R9[32:0]), gamma_store32(Gamma_mem, bvadd64(R8, 52bv64), Gamma_R9);
    assume {:captureState "1832$0"} true;
    stack, Gamma_stack := memory_store32_le(stack, bvadd64(R31, 4bv64), 0bv32), gamma_store32(Gamma_stack, bvadd64(R31, 4bv64), true);
    assume {:captureState "1836$0"} true;
    call rely();
    R8, Gamma_R8 := zero_extend32_32(memory_load32_le(mem, bvadd64(R8, 52bv64))), (gamma_load32(Gamma_mem, bvadd64(R8, 52bv64)) || L(mem, bvadd64(R8, 52bv64)));
    Cse0__5$4$8, Gamma_Cse0__5$4$8 := bvadd32(R8[32:0], 0bv32), Gamma_R8;
    VF, Gamma_VF := bvnot1(bvcomp32(Cse0__5$4$8, Cse0__5$4$8)), Gamma_Cse0__5$4$8;
    CF, Gamma_CF := bvnot1(bvcomp33(zero_extend1_32(Cse0__5$4$8), bvadd33(zero_extend1_32(R8[32:0]), 4294967296bv33))), (Gamma_R8 && Gamma_Cse0__5$4$8);
    ZF, Gamma_ZF := bvcomp32(Cse0__5$4$8, 0bv32), Gamma_Cse0__5$4$8;
    NF, Gamma_NF := Cse0__5$4$8[32:31], Gamma_Cse0__5$4$8;
    R8, Gamma_R8 := zero_extend32_32(Cse0__5$4$8), Gamma_Cse0__5$4$8;
    assert Gamma_ZF;
    goto $main$__0__$jiy7Tpg0RkC9bQhTBbi5Tw$__0, $main$__0__$jiy7Tpg0RkC9bQhTBbi5Tw$__1;
  $main$__1__$uNSSzqZnS4e1VnLQrLV5Ug:
    assume {:captureState "$main$__1__$uNSSzqZnS4e1VnLQrLV5Ug"} true;
    goto $main$__2__$k34HURdjSdqu21tOdQa8nQ;
  $main$__2__$k34HURdjSdqu21tOdQa8nQ:
    assume {:captureState "$main$__2__$k34HURdjSdqu21tOdQa8nQ"} true;
    R8, Gamma_R8 := 3bv64, true;
    stack, Gamma_stack := memory_store32_le(stack, bvadd64(R31, 4bv64), R8[32:0]), gamma_store32(Gamma_stack, bvadd64(R31, 4bv64), Gamma_R8);
    assume {:captureState "1864$0"} true;
    goto $main$__3__$EG5QueVMTQqsvgPzLJgx8Q;
  $main$__3__$EG5QueVMTQqsvgPzLJgx8Q:
    assume {:captureState "$main$__3__$EG5QueVMTQqsvgPzLJgx8Q"} true;
    R8, Gamma_R8 := 69632bv64, true;
    call rely();
    R8, Gamma_R8 := zero_extend32_32(memory_load32_le(mem, bvadd64(R8, 52bv64))), (gamma_load32(Gamma_mem, bvadd64(R8, 52bv64)) || L(mem, bvadd64(R8, 52bv64)));
    Cse0__5$0$2, Gamma_Cse0__5$0$2 := bvadd32(R8[32:0], 4294967295bv32), Gamma_R8;
    VF, Gamma_VF := bvnot1(bvcomp33(sign_extend1_32(Cse0__5$0$2), bvadd33(sign_extend1_32(R8[32:0]), 8589934591bv33))), (Gamma_R8 && Gamma_Cse0__5$0$2);
    CF, Gamma_CF := bvnot1(bvcomp33(zero_extend1_32(Cse0__5$0$2), bvadd33(zero_extend1_32(R8[32:0]), 4294967295bv33))), (Gamma_R8 && Gamma_Cse0__5$0$2);
    ZF, Gamma_ZF := bvcomp32(Cse0__5$0$2, 0bv32), Gamma_Cse0__5$0$2;
    NF, Gamma_NF := Cse0__5$0$2[32:31], Gamma_Cse0__5$0$2;
    R8, Gamma_R8 := zero_extend32_32(Cse0__5$0$2), Gamma_Cse0__5$0$2;
    assert Gamma_ZF;
    goto $main$__3__$EG5QueVMTQqsvgPzLJgx8Q$__0, $main$__3__$EG5QueVMTQqsvgPzLJgx8Q$__1;
  $main$__4__$mtpMqII2TL2kkh~Q96b8Pw:
    assume {:captureState "$main$__4__$mtpMqII2TL2kkh~Q96b8Pw"} true;
    goto $main$__5__$9nbOOY2_RCas5iGHT9NeQQ;
  $main$__5__$9nbOOY2_RCas5iGHT9NeQQ:
    assume {:captureState "$main$__5__$9nbOOY2_RCas5iGHT9NeQQ"} true;
    R8, Gamma_R8 := 5bv64, true;
    stack, Gamma_stack := memory_store32_le(stack, bvadd64(R31, 4bv64), R8[32:0]), gamma_store32(Gamma_stack, bvadd64(R31, 4bv64), Gamma_R8);
    assume {:captureState "1900$0"} true;
    goto $main$__6__$kwzInNYBTl6NbwwWk4m1Ag;
  $main$__6__$kwzInNYBTl6NbwwWk4m1Ag:
    assume {:captureState "$main$__6__$kwzInNYBTl6NbwwWk4m1Ag"} true;
    R8, Gamma_R8 := zero_extend32_32(memory_load32_le(stack, bvadd64(R31, 4bv64))), gamma_load32(Gamma_stack, bvadd64(R31, 4bv64));
    Cse0__5$9$1, Gamma_Cse0__5$9$1 := bvadd32(R8[32:0], 4294967293bv32), Gamma_R8;
    VF, Gamma_VF := bvnot1(bvcomp33(sign_extend1_32(Cse0__5$9$1), bvadd33(sign_extend1_32(R8[32:0]), 8589934589bv33))), (Gamma_R8 && Gamma_Cse0__5$9$1);
    CF, Gamma_CF := bvnot1(bvcomp33(zero_extend1_32(Cse0__5$9$1), bvadd33(zero_extend1_32(R8[32:0]), 4294967293bv33))), (Gamma_R8 && Gamma_Cse0__5$9$1);
    ZF, Gamma_ZF := bvcomp32(Cse0__5$9$1, 0bv32), Gamma_Cse0__5$9$1;
    NF, Gamma_NF := Cse0__5$9$1[32:31], Gamma_Cse0__5$9$1;
    R8, Gamma_R8 := zero_extend32_32(Cse0__5$9$1), Gamma_Cse0__5$9$1;
    assert Gamma_ZF;
    goto $main$__6__$kwzInNYBTl6NbwwWk4m1Ag$__0, $main$__6__$kwzInNYBTl6NbwwWk4m1Ag$__1;
  $main$__7__$CaB8W5RtT32ammhRMcPPqA:
    assume {:captureState "$main$__7__$CaB8W5RtT32ammhRMcPPqA"} true;
    goto $main$__8__$gBM2t9onRlikdrBqUzD1QA;
  $main$__8__$gBM2t9onRlikdrBqUzD1QA:
    assume {:captureState "$main$__8__$gBM2t9onRlikdrBqUzD1QA"} true;
    R8, Gamma_R8 := 69632bv64, true;
    call rely();
    R8, Gamma_R8 := zero_extend32_32(memory_load32_le(mem, bvadd64(R8, 56bv64))), (gamma_load32(Gamma_mem, bvadd64(R8, 56bv64)) || L(mem, bvadd64(R8, 56bv64)));
    stack, Gamma_stack := memory_store32_le(stack, bvadd64(R31, 4bv64), R8[32:0]), gamma_store32(Gamma_stack, bvadd64(R31, 4bv64), Gamma_R8);
    assume {:captureState "1936$0"} true;
    goto $main$__9__$~ClKmgJhR7Cm8jdUpOe8LA;
  $main$__9__$~ClKmgJhR7Cm8jdUpOe8LA:
    assume {:captureState "$main$__9__$~ClKmgJhR7Cm8jdUpOe8LA"} true;
    R8, Gamma_R8 := 69632bv64, true;
    call rely();
    R0, Gamma_R0 := zero_extend32_32(memory_load32_le(mem, bvadd64(R8, 56bv64))), (gamma_load32(Gamma_mem, bvadd64(R8, 56bv64)) || L(mem, bvadd64(R8, 56bv64)));
    R31, Gamma_R31 := bvadd64(R31, 16bv64), Gamma_R31;
    goto main_basil_return;
  $main$__3__$EG5QueVMTQqsvgPzLJgx8Q_goto_$main$__6__$kwzInNYBTl6NbwwWk4m1Ag:
    assume {:captureState "$main$__3__$EG5QueVMTQqsvgPzLJgx8Q_goto_$main$__6__$kwzInNYBTl6NbwwWk4m1Ag"} true;
    assume (R8[1:0] == 1bv1);
    goto $main$__6__$kwzInNYBTl6NbwwWk4m1Ag;
  $main$__3__$EG5QueVMTQqsvgPzLJgx8Q_goto_$main$__4__$mtpMqII2TL2kkh~Q96b8Pw:
    assume {:captureState "$main$__3__$EG5QueVMTQqsvgPzLJgx8Q_goto_$main$__4__$mtpMqII2TL2kkh~Q96b8Pw"} true;
    assume (!(R8[1:0] == 1bv1));
    goto $main$__4__$mtpMqII2TL2kkh~Q96b8Pw;
  $main$__3__$EG5QueVMTQqsvgPzLJgx8Q$__0:
    assume {:captureState "$main$__3__$EG5QueVMTQqsvgPzLJgx8Q$__0"} true;
    assume (ZF == 1bv1);
    R8, Gamma_R8 := 0bv64, true;
    assert Gamma_R8;
    goto $main$__3__$EG5QueVMTQqsvgPzLJgx8Q_goto_$main$__6__$kwzInNYBTl6NbwwWk4m1Ag, $main$__3__$EG5QueVMTQqsvgPzLJgx8Q_goto_$main$__4__$mtpMqII2TL2kkh~Q96b8Pw;
  $main$__3__$EG5QueVMTQqsvgPzLJgx8Q$__1:
    assume {:captureState "$main$__3__$EG5QueVMTQqsvgPzLJgx8Q$__1"} true;
    assume (!(ZF == 1bv1));
    R8, Gamma_R8 := 1bv64, true;
    assert Gamma_R8;
    goto $main$__3__$EG5QueVMTQqsvgPzLJgx8Q_goto_$main$__6__$kwzInNYBTl6NbwwWk4m1Ag, $main$__3__$EG5QueVMTQqsvgPzLJgx8Q_goto_$main$__4__$mtpMqII2TL2kkh~Q96b8Pw;
  $main$__0__$jiy7Tpg0RkC9bQhTBbi5Tw_goto_$main$__3__$EG5QueVMTQqsvgPzLJgx8Q:
    assume {:captureState "$main$__0__$jiy7Tpg0RkC9bQhTBbi5Tw_goto_$main$__3__$EG5QueVMTQqsvgPzLJgx8Q"} true;
    assume (R8[1:0] == 1bv1);
    goto $main$__3__$EG5QueVMTQqsvgPzLJgx8Q;
  $main$__0__$jiy7Tpg0RkC9bQhTBbi5Tw_goto_$main$__1__$uNSSzqZnS4e1VnLQrLV5Ug:
    assume {:captureState "$main$__0__$jiy7Tpg0RkC9bQhTBbi5Tw_goto_$main$__1__$uNSSzqZnS4e1VnLQrLV5Ug"} true;
    assume (!(R8[1:0] == 1bv1));
    goto $main$__1__$uNSSzqZnS4e1VnLQrLV5Ug;
  $main$__0__$jiy7Tpg0RkC9bQhTBbi5Tw$__0:
    assume {:captureState "$main$__0__$jiy7Tpg0RkC9bQhTBbi5Tw$__0"} true;
    assume (ZF == 1bv1);
    R8, Gamma_R8 := 0bv64, true;
    assert Gamma_R8;
    goto $main$__0__$jiy7Tpg0RkC9bQhTBbi5Tw_goto_$main$__3__$EG5QueVMTQqsvgPzLJgx8Q, $main$__0__$jiy7Tpg0RkC9bQhTBbi5Tw_goto_$main$__1__$uNSSzqZnS4e1VnLQrLV5Ug;
  $main$__0__$jiy7Tpg0RkC9bQhTBbi5Tw$__1:
    assume {:captureState "$main$__0__$jiy7Tpg0RkC9bQhTBbi5Tw$__1"} true;
    assume (!(ZF == 1bv1));
    R8, Gamma_R8 := 1bv64, true;
    assert Gamma_R8;
    goto $main$__0__$jiy7Tpg0RkC9bQhTBbi5Tw_goto_$main$__3__$EG5QueVMTQqsvgPzLJgx8Q, $main$__0__$jiy7Tpg0RkC9bQhTBbi5Tw_goto_$main$__1__$uNSSzqZnS4e1VnLQrLV5Ug;
  $main$__6__$kwzInNYBTl6NbwwWk4m1Ag_goto_$main$__9__$~ClKmgJhR7Cm8jdUpOe8LA:
    assume {:captureState "$main$__6__$kwzInNYBTl6NbwwWk4m1Ag_goto_$main$__9__$~ClKmgJhR7Cm8jdUpOe8LA"} true;
    assume (R8[1:0] == 1bv1);
    goto $main$__9__$~ClKmgJhR7Cm8jdUpOe8LA;
  $main$__6__$kwzInNYBTl6NbwwWk4m1Ag_goto_$main$__7__$CaB8W5RtT32ammhRMcPPqA:
    assume {:captureState "$main$__6__$kwzInNYBTl6NbwwWk4m1Ag_goto_$main$__7__$CaB8W5RtT32ammhRMcPPqA"} true;
    assume (!(R8[1:0] == 1bv1));
    goto $main$__7__$CaB8W5RtT32ammhRMcPPqA;
  $main$__6__$kwzInNYBTl6NbwwWk4m1Ag$__0:
    assume {:captureState "$main$__6__$kwzInNYBTl6NbwwWk4m1Ag$__0"} true;
    assume (ZF == 1bv1);
    R8, Gamma_R8 := 0bv64, true;
    assert Gamma_R8;
    goto $main$__6__$kwzInNYBTl6NbwwWk4m1Ag_goto_$main$__9__$~ClKmgJhR7Cm8jdUpOe8LA, $main$__6__$kwzInNYBTl6NbwwWk4m1Ag_goto_$main$__7__$CaB8W5RtT32ammhRMcPPqA;
  $main$__6__$kwzInNYBTl6NbwwWk4m1Ag$__1:
    assume {:captureState "$main$__6__$kwzInNYBTl6NbwwWk4m1Ag$__1"} true;
    assume (!(ZF == 1bv1));
    R8, Gamma_R8 := 1bv64, true;
    assert Gamma_R8;
    goto $main$__6__$kwzInNYBTl6NbwwWk4m1Ag_goto_$main$__9__$~ClKmgJhR7Cm8jdUpOe8LA, $main$__6__$kwzInNYBTl6NbwwWk4m1Ag_goto_$main$__7__$CaB8W5RtT32ammhRMcPPqA;
  main_basil_return:
    assume {:captureState "main_basil_return"} true;
    return;
}

