var Gamma_mem: [bv64]bool;
var Gamma_stack: [bv64]bool;
var mem: [bv64]bv8;
var stack: [bv64]bv8;
const $z_addr: bv64;
axiom ($z_addr == 69688bv64);
function L(memory: [bv64]bv8, index: bv64) returns (bool) {
  (if (index == $z_addr) then true else false)
}

function {:bvbuiltin "bvadd"} bvadd64(bv64, bv64) returns (bv64);
function gamma_load32(gammaMap: [bv64]bool, index: bv64) returns (bool) {
  (gammaMap[bvadd64(index, 3bv64)] && (gammaMap[bvadd64(index, 2bv64)] && (gammaMap[bvadd64(index, 1bv64)] && gammaMap[index])))
}

function gamma_load64(gammaMap: [bv64]bool, index: bv64) returns (bool) {
  (gammaMap[bvadd64(index, 7bv64)] && (gammaMap[bvadd64(index, 6bv64)] && (gammaMap[bvadd64(index, 5bv64)] && (gammaMap[bvadd64(index, 4bv64)] && (gammaMap[bvadd64(index, 3bv64)] && (gammaMap[bvadd64(index, 2bv64)] && (gammaMap[bvadd64(index, 1bv64)] && gammaMap[index])))))))
}

function gamma_store32(gammaMap: [bv64]bool, index: bv64, value: bool) returns ([bv64]bool) {
  gammaMap[index := value][bvadd64(index, 1bv64) := value][bvadd64(index, 2bv64) := value][bvadd64(index, 3bv64) := value]
}

function memory_load32_le(memory: [bv64]bv8, index: bv64) returns (bv32) {
  (memory[bvadd64(index, 3bv64)] ++ (memory[bvadd64(index, 2bv64)] ++ (memory[bvadd64(index, 1bv64)] ++ memory[index])))
}

function memory_load64_le(memory: [bv64]bv8, index: bv64) returns (bv64) {
  (memory[bvadd64(index, 7bv64)] ++ (memory[bvadd64(index, 6bv64)] ++ (memory[bvadd64(index, 5bv64)] ++ (memory[bvadd64(index, 4bv64)] ++ (memory[bvadd64(index, 3bv64)] ++ (memory[bvadd64(index, 2bv64)] ++ (memory[bvadd64(index, 1bv64)] ++ memory[index])))))))
}

function memory_load8_le(memory: [bv64]bv8, index: bv64) returns (bv8) {
  memory[index]
}

function memory_store32_le(memory: [bv64]bv8, index: bv64, value: bv32) returns ([bv64]bv8) {
  memory[index := value[8:0]][bvadd64(index, 1bv64) := value[16:8]][bvadd64(index, 2bv64) := value[24:16]][bvadd64(index, 3bv64) := value[32:24]]
}

function {:bvbuiltin "zero_extend 32"} zero_extend32_32(bv32) returns (bv64);
procedure rely();
  modifies mem, Gamma_mem;
  ensures (forall i: bv64 :: (((mem[i] == old(mem[i])) ==> (Gamma_mem[i] == old(Gamma_mem[i])))));
  ensures (mem == old(mem));
  ensures (Gamma_mem == old(Gamma_mem));

procedure rely_transitive()
  modifies mem, Gamma_mem;
  ensures (mem == old(mem));
  ensures (Gamma_mem == old(Gamma_mem));
{
  call rely();
  call rely();
}

procedure rely_reflexive();

procedure guarantee_reflexive();
  modifies mem, Gamma_mem;

procedure main(main_argc: bv32, Gamma_main_argc: bool, main_argv: bv64, Gamma_main_argv: bool, FP: bv64, Gamma_FP: bool, LR: bv64, Gamma_LR: bool, SP: bv64, Gamma_SP: bool) returns (main_argv_out: bv64, Gamma_main_argv_out: bool, main_result: bv32, Gamma_main_result: bool, FP_out: bv64, Gamma_FP_out: bool, LR_out: bv64, Gamma_LR_out: bool, SP_out: bv64, Gamma_SP_out: bool)
  modifies mem, Gamma_mem, stack, Gamma_stack;
  requires (memory_load8_le(mem, 1964bv64) == 1bv8);
  requires (memory_load8_le(mem, 1965bv64) == 0bv8);
  requires (memory_load8_le(mem, 1966bv64) == 2bv8);
  requires (memory_load8_le(mem, 1967bv64) == 0bv8);
  requires (memory_load8_le(mem, 69544bv64) == 200bv8);
  requires (memory_load8_le(mem, 69545bv64) == 13bv8);
  requires (memory_load8_le(mem, 69546bv64) == 1bv8);
  requires (memory_load8_le(mem, 69547bv64) == 0bv8);
  requires (memory_load8_le(mem, 69548bv64) == 0bv8);
  requires (memory_load8_le(mem, 69549bv64) == 0bv8);
  requires (memory_load8_le(mem, 69550bv64) == 0bv8);
  requires (memory_load8_le(mem, 69551bv64) == 0bv8);
  requires (memory_load8_le(mem, 69552bv64) == 0bv8);
  requires (memory_load8_le(mem, 69553bv64) == 0bv8);
  requires (memory_load8_le(mem, 69554bv64) == 0bv8);
  requires (memory_load8_le(mem, 69555bv64) == 0bv8);
  requires (memory_load8_le(mem, 69556bv64) == 0bv8);
  requires (memory_load8_le(mem, 69557bv64) == 0bv8);
  requires (memory_load8_le(mem, 69558bv64) == 0bv8);
  requires (memory_load8_le(mem, 69559bv64) == 0bv8);
  requires (memory_load8_le(mem, 69560bv64) == 0bv8);
  requires (memory_load8_le(mem, 69561bv64) == 0bv8);
  requires (memory_load8_le(mem, 69562bv64) == 0bv8);
  requires (memory_load8_le(mem, 69563bv64) == 0bv8);
  requires (memory_load8_le(mem, 69564bv64) == 0bv8);
  requires (memory_load8_le(mem, 69565bv64) == 0bv8);
  requires (memory_load8_le(mem, 69566bv64) == 0bv8);
  requires (memory_load8_le(mem, 69567bv64) == 0bv8);
  requires (memory_load8_le(mem, 69568bv64) == 56bv8);
  requires (memory_load8_le(mem, 69569bv64) == 16bv8);
  requires (memory_load8_le(mem, 69570bv64) == 1bv8);
  requires (memory_load8_le(mem, 69571bv64) == 0bv8);
  requires (memory_load8_le(mem, 69572bv64) == 0bv8);
  requires (memory_load8_le(mem, 69573bv64) == 0bv8);
  requires (memory_load8_le(mem, 69574bv64) == 0bv8);
  requires (memory_load8_le(mem, 69575bv64) == 0bv8);
  requires (memory_load8_le(mem, 69576bv64) == 0bv8);
  requires (memory_load8_le(mem, 69577bv64) == 0bv8);
  requires (memory_load8_le(mem, 69578bv64) == 0bv8);
  requires (memory_load8_le(mem, 69579bv64) == 0bv8);
  requires (memory_load8_le(mem, 69580bv64) == 0bv8);
  requires (memory_load8_le(mem, 69581bv64) == 0bv8);
  requires (memory_load8_le(mem, 69582bv64) == 0bv8);
  requires (memory_load8_le(mem, 69583bv64) == 0bv8);
  requires (memory_load8_le(mem, 69584bv64) == 52bv8);
  requires (memory_load8_le(mem, 69585bv64) == 16bv8);
  requires (memory_load8_le(mem, 69586bv64) == 1bv8);
  requires (memory_load8_le(mem, 69587bv64) == 0bv8);
  requires (memory_load8_le(mem, 69588bv64) == 0bv8);
  requires (memory_load8_le(mem, 69589bv64) == 0bv8);
  requires (memory_load8_le(mem, 69590bv64) == 0bv8);
  requires (memory_load8_le(mem, 69591bv64) == 0bv8);
  requires (memory_load8_le(mem, 69592bv64) == 84bv8);
  requires (memory_load8_le(mem, 69593bv64) == 7bv8);
  requires (memory_load8_le(mem, 69594bv64) == 0bv8);
  requires (memory_load8_le(mem, 69595bv64) == 0bv8);
  requires (memory_load8_le(mem, 69596bv64) == 0bv8);
  requires (memory_load8_le(mem, 69597bv64) == 0bv8);
  requires (memory_load8_le(mem, 69598bv64) == 0bv8);
  requires (memory_load8_le(mem, 69599bv64) == 0bv8);
  requires (memory_load8_le(mem, 69600bv64) == 0bv8);
  requires (memory_load8_le(mem, 69601bv64) == 0bv8);
  requires (memory_load8_le(mem, 69602bv64) == 0bv8);
  requires (memory_load8_le(mem, 69603bv64) == 0bv8);
  requires (memory_load8_le(mem, 69604bv64) == 0bv8);
  requires (memory_load8_le(mem, 69605bv64) == 0bv8);
  requires (memory_load8_le(mem, 69606bv64) == 0bv8);
  requires (memory_load8_le(mem, 69607bv64) == 0bv8);
  requires (memory_load8_le(mem, 69664bv64) == 0bv8);
  requires (memory_load8_le(mem, 69665bv64) == 0bv8);
  requires (memory_load8_le(mem, 69666bv64) == 0bv8);
  requires (memory_load8_le(mem, 69667bv64) == 0bv8);
  requires (memory_load8_le(mem, 69668bv64) == 0bv8);
  requires (memory_load8_le(mem, 69669bv64) == 0bv8);
  requires (memory_load8_le(mem, 69670bv64) == 0bv8);
  requires (memory_load8_le(mem, 69671bv64) == 0bv8);
  requires (memory_load8_le(mem, 69672bv64) == 40bv8);
  requires (memory_load8_le(mem, 69673bv64) == 16bv8);
  requires (memory_load8_le(mem, 69674bv64) == 1bv8);
  requires (memory_load8_le(mem, 69675bv64) == 0bv8);
  requires (memory_load8_le(mem, 69676bv64) == 0bv8);
  requires (memory_load8_le(mem, 69677bv64) == 0bv8);
  requires (memory_load8_le(mem, 69678bv64) == 0bv8);
  requires (memory_load8_le(mem, 69679bv64) == 0bv8);
{
  var Gamma_R0: bool;
  var Gamma_R1: bool;
  var Gamma_R10: bool;
  var Gamma_R29: bool;
  var Gamma_R30: bool;
  var Gamma_R31: bool;
  var Gamma_R8: bool;
  var Gamma_R9: bool;
  var R0: bv64;
  var R1: bv64;
  var R10: bv64;
  var R29: bv64;
  var R30: bv64;
  var R31: bv64;
  var R8: bv64;
  var R9: bv64;
  R0, Gamma_R0 := zero_extend32_32(main_argc), Gamma_main_argc;
  R1, Gamma_R1 := main_argv, Gamma_main_argv;
  R29, Gamma_R29 := FP, Gamma_FP;
  R30, Gamma_R30 := LR, Gamma_LR;
  R31, Gamma_R31 := SP, Gamma_SP;
  lmain:
    R31, Gamma_R31 := bvadd64(R31, 18446744073709551600bv64), Gamma_R31;
    R8, Gamma_R8 := 65536bv64, true;
    call rely();
    R8, Gamma_R8 := memory_load64_le(mem, bvadd64(R8, 4048bv64)), (gamma_load64(Gamma_mem, bvadd64(R8, 4048bv64)) || L(mem, bvadd64(R8, 4048bv64)));
    call rely();
    R9, Gamma_R9 := zero_extend32_32(memory_load32_le(mem, R8)), (gamma_load32(Gamma_mem, R8) || L(mem, R8));
    stack, Gamma_stack := memory_store32_le(stack, bvadd64(R31, 12bv64), R9[32:0]), gamma_store32(Gamma_stack, bvadd64(R31, 12bv64), Gamma_R9);
    R0, Gamma_R0 := 0bv64, true;
    stack, Gamma_stack := memory_store32_le(stack, bvadd64(R31, 12bv64), 0bv32), gamma_store32(Gamma_stack, bvadd64(R31, 12bv64), true);
    R10, Gamma_R10 := zero_extend32_32(memory_load32_le(stack, bvadd64(R31, 12bv64))), gamma_load32(Gamma_stack, bvadd64(R31, 12bv64));
    R9, Gamma_R9 := 65536bv64, true;
    call rely();
    R9, Gamma_R9 := memory_load64_le(mem, bvadd64(R9, 4032bv64)), (gamma_load64(Gamma_mem, bvadd64(R9, 4032bv64)) || L(mem, bvadd64(R9, 4032bv64)));
    call rely();
    assert (L(mem, R9) ==> Gamma_R10);
    mem, Gamma_mem := memory_store32_le(mem, R9, R10[32:0]), gamma_store32(Gamma_mem, R9, Gamma_R10);
    call rely();
    R8, Gamma_R8 := zero_extend32_32(memory_load32_le(mem, R8)), (gamma_load32(Gamma_mem, R8) || L(mem, R8));
    stack, Gamma_stack := memory_store32_le(stack, bvadd64(R31, 12bv64), R8[32:0]), gamma_store32(Gamma_stack, bvadd64(R31, 12bv64), Gamma_R8);
    R8, Gamma_R8 := zero_extend32_32(memory_load32_le(stack, bvadd64(R31, 12bv64))), gamma_load32(Gamma_stack, bvadd64(R31, 12bv64));
    call rely();
    assert (L(mem, R9) ==> Gamma_R8);
    mem, Gamma_mem := memory_store32_le(mem, R9, R8[32:0]), gamma_store32(Gamma_mem, R9, Gamma_R8);
    R31, Gamma_R31 := bvadd64(R31, 16bv64), Gamma_R31;
    main_argv_out, Gamma_main_argv_out := R1, Gamma_R1;
    main_result, Gamma_main_result := R0[32:0], Gamma_R0;
    FP_out, Gamma_FP_out := R29, Gamma_R29;
    LR_out, Gamma_LR_out := R30, Gamma_R30;
    SP_out, Gamma_SP_out := R31, Gamma_R31;
    return;
}
