var {:extern} Gamma_R0: bool;
var {:extern} Gamma_R10: bool;
var {:extern} Gamma_R11: bool;
var {:extern} Gamma_R8: bool;
var {:extern} Gamma_R9: bool;
var {:extern} Gamma_mem: [bv64]bool;
var {:extern} R0: bv64;
var {:extern} R10: bv64;
var {:extern} R11: bv64;
var {:extern} R8: bv64;
var {:extern} R9: bv64;
var {:extern} mem: [bv64]bv8;
const {:extern} $x_addr: bv64;
axiom ($x_addr == 69684bv64);
const {:extern} $y_addr: bv64;
axiom ($y_addr == 69688bv64);
function {:extern} L(memory: [bv64]bv8, index: bv64) returns (bool) {
  false
}

function {:extern} {:bvbuiltin "bvadd"} bvadd64(bv64, bv64) returns (bv64);
function {:extern} gamma_load32(gammaMap: [bv64]bool, index: bv64) returns (bool) {
  (gammaMap[bvadd64(index, 3bv64)] && (gammaMap[bvadd64(index, 2bv64)] && (gammaMap[bvadd64(index, 1bv64)] && gammaMap[index])))
}

function {:extern} gamma_store32(gammaMap: [bv64]bool, index: bv64, value: bool) returns ([bv64]bool) {
  gammaMap[index := value][bvadd64(index, 1bv64) := value][bvadd64(index, 2bv64) := value][bvadd64(index, 3bv64) := value]
}

function {:extern} memory_load64_le(memory: [bv64]bv8, index: bv64) returns (bv64) {
  (memory[bvadd64(index, 7bv64)] ++ (memory[bvadd64(index, 6bv64)] ++ (memory[bvadd64(index, 5bv64)] ++ (memory[bvadd64(index, 4bv64)] ++ (memory[bvadd64(index, 3bv64)] ++ (memory[bvadd64(index, 2bv64)] ++ (memory[bvadd64(index, 1bv64)] ++ memory[index])))))))
}

function {:extern} memory_load8_le(memory: [bv64]bv8, index: bv64) returns (bv8) {
  memory[index]
}

function {:extern} memory_store32_le(memory: [bv64]bv8, index: bv64, value: bv32) returns ([bv64]bv8) {
  memory[index := value[8:0]][bvadd64(index, 1bv64) := value[16:8]][bvadd64(index, 2bv64) := value[24:16]][bvadd64(index, 3bv64) := value[32:24]]
}

procedure {:extern} rely();
  modifies Gamma_mem, mem;
  ensures (mem == old(mem));
  ensures (Gamma_mem == old(Gamma_mem));
  free ensures (memory_load8_le(mem, 1872bv64) == 1bv8);
  free ensures (memory_load8_le(mem, 1873bv64) == 0bv8);
  free ensures (memory_load8_le(mem, 1874bv64) == 2bv8);
  free ensures (memory_load8_le(mem, 1875bv64) == 0bv8);
  free ensures (memory_load64_le(mem, 69064bv64) == 1808bv64);
  free ensures (memory_load64_le(mem, 69072bv64) == 1728bv64);
  free ensures (memory_load64_le(mem, 69592bv64) == 1812bv64);
  free ensures (memory_load64_le(mem, 69672bv64) == 69672bv64);

procedure {:extern} rely_transitive();
  modifies Gamma_mem, mem;
  ensures (mem == old(mem));
  ensures (Gamma_mem == old(Gamma_mem));

implementation {:extern} rely_transitive()
{
  call rely();
  call rely();
}

procedure {:extern} rely_reflexive();

procedure {:extern} guarantee_reflexive();
  modifies Gamma_mem, mem;

procedure main();
  modifies Gamma_R0, Gamma_R10, Gamma_R11, Gamma_R8, Gamma_R9, Gamma_mem, R0, R10, R11, R8, R9, mem;
  requires (gamma_load32(Gamma_mem, $x_addr) == true);
  requires (gamma_load32(Gamma_mem, $y_addr) == true);
  free requires (memory_load64_le(mem, 69664bv64) == 0bv64);
  free requires (memory_load64_le(mem, 69672bv64) == 69672bv64);
  free requires (memory_load8_le(mem, 1872bv64) == 1bv8);
  free requires (memory_load8_le(mem, 1873bv64) == 0bv8);
  free requires (memory_load8_le(mem, 1874bv64) == 2bv8);
  free requires (memory_load8_le(mem, 1875bv64) == 0bv8);
  free requires (memory_load64_le(mem, 69064bv64) == 1808bv64);
  free requires (memory_load64_le(mem, 69072bv64) == 1728bv64);
  free requires (memory_load64_le(mem, 69592bv64) == 1812bv64);
  free requires (memory_load64_le(mem, 69672bv64) == 69672bv64);
  free ensures (memory_load8_le(mem, 1872bv64) == 1bv8);
  free ensures (memory_load8_le(mem, 1873bv64) == 0bv8);
  free ensures (memory_load8_le(mem, 1874bv64) == 2bv8);
  free ensures (memory_load8_le(mem, 1875bv64) == 0bv8);
  free ensures (memory_load64_le(mem, 69064bv64) == 1808bv64);
  free ensures (memory_load64_le(mem, 69072bv64) == 1728bv64);
  free ensures (memory_load64_le(mem, 69592bv64) == 1812bv64);
  free ensures (memory_load64_le(mem, 69672bv64) == 69672bv64);

implementation main()
{
  lmain:
    assume {:captureState "lmain"} true;
    R0, Gamma_R0 := 0bv64, true;
    R8, Gamma_R8 := 69632bv64, true;
    R9, Gamma_R9 := 1bv64, true;
    R10, Gamma_R10 := 69632bv64, true;
    R11, Gamma_R11 := 2bv64, true;
    call rely();
    assert (L(mem, bvadd64(R8, 52bv64)) ==> Gamma_R9);
    mem, Gamma_mem := memory_store32_le(mem, bvadd64(R8, 52bv64), R9[32:0]), gamma_store32(Gamma_mem, bvadd64(R8, 52bv64), Gamma_R9);
    assume {:captureState "%000002f1"} true;
    call rely();
    assert (L(mem, bvadd64(R10, 56bv64)) ==> Gamma_R11);
    mem, Gamma_mem := memory_store32_le(mem, bvadd64(R10, 56bv64), R11[32:0]), gamma_store32(Gamma_mem, bvadd64(R10, 56bv64), Gamma_R11);
    assume {:captureState "%000002f9"} true;
    goto main_basil_return;
  main_basil_return:
    assume {:captureState "main_basil_return"} true;
    return;
}

