Procedure("1488:__cxa_finalize", in(), out(Parameter(Register(R0, bv64))), blocks(
)),
Procedure("1728:__do_global_dtors_aux", in(), out(Parameter(Register(R0, bv64))), blocks(
  Block("1728:l__do_global_dtors_aux",
    statements(
      LocalAssign(LocalVar(#3, bv64) := BinaryExpr("add", Register(R31, bv64), 18446744073709551584bv64))
      MemoryAssign(MemoryStore(Memory("mem", 64, 8)[LocalVar(#3, bv64)] := Register(R29, bv64)))
      MemoryAssign(MemoryStore(Memory("mem", 64, 8)[BinaryExpr("add", LocalVar(#3, bv64), 8bv64)] := Register(R30, bv64)))
      LocalAssign(Register(R31, bv64) := LocalVar(#3, bv64))
      LocalAssign(Register(R29, bv64) := Register(R31, bv64))
      MemoryAssign(MemoryStore(Memory("mem", 64, 8)[BinaryExpr("add", Register(R31, bv64), 16bv64)] := Register(R19, bv64)))
      LocalAssign(Register(R19, bv64) := 69632bv64)
      LocalAssign(Register(R0, bv64) := ZeroExtend(MemoryLoad(Memory("mem", 64, 8), [BinaryExpr("add", Register(R19, bv64), 48bv64)]), 56))
    ),
    jumps(
      GoTo("1788:l00000299", condition(BinaryExpr("!=", UnaryExpr("not", BinaryExpr("comp", Extract(Register(R0, bv64)[32:0]), 0bv32)), 0bv1)))
      GoTo("1752:l000002e5", condition())
    )
  )
  Block("1752:l000002e5",
    statements(
      LocalAssign(Register(R0, bv64) := 65536bv64)
      LocalAssign(Register(R0, bv64) := MemoryLoad(Memory("mem", 64, 8), [BinaryExpr("add", Register(R0, bv64), 4040bv64)]))
    ),
    jumps(
      GoTo("1776:l000002f3", condition(BinaryExpr("!=", BinaryExpr("comp", Register(R0, bv64), 0bv64), 0bv1)))
      GoTo("1764:l0000030c", condition())
    )
  )
  Block("1764:l0000030c",
    statements(
      LocalAssign(Register(R0, bv64) := 69632bv64)
      LocalAssign(Register(R0, bv64) := MemoryLoad(Memory("mem", 64, 8), [BinaryExpr("add", Register(R0, bv64), 40bv64)]))
      LocalAssign(Register(R30, bv64) := 1776bv64)
    ),
    jumps(
      DirectCall("1488:__cxa_finalize", condition())
    )
  )
  Block("1776:l000002f3",
    statements(
      LocalAssign(Register(R30, bv64) := 1780bv64)
    ),
    jumps(
      DirectCall("1616:deregister_tm_clones", condition())
    )
  )
  Block("1780:l000002ff",
    statements(
      LocalAssign(Register(R0, bv64) := 1bv64)
      MemoryAssign(MemoryStore(Memory("mem", 64, 8)[BinaryExpr("add", Register(R19, bv64), 48bv64)] := Extract(Register(R0, bv64)[8:0])))
    ),
    jumps(
      GoTo("1788:l00000299", condition())
    )
  )
  Block("1788:l00000299",
    statements(
      LocalAssign(Register(R19, bv64) := MemoryLoad(Memory("mem", 64, 8), [BinaryExpr("add", Register(R31, bv64), 16bv64)]))
      LocalAssign(Register(R29, bv64) := MemoryLoad(Memory("mem", 64, 8), [Register(R31, bv64)]))
      LocalAssign(Register(R30, bv64) := MemoryLoad(Memory("mem", 64, 8), [BinaryExpr("add", Register(R31, bv64), 8bv64)]))
      LocalAssign(Register(R31, bv64) := BinaryExpr("add", Register(R31, bv64), 32bv64))
    ),
    jumps(
      IndirectCall(Register(R30, bv64), condition())
    )
  )
)),
Procedure("1472:__libc_start_main", in(Parameter(Register(R0, bv64)), Parameter(Register(R1, bv64)), Parameter(Register(R2, bv64)), Parameter(Register(R3, bv64))), out(Parameter(Register(R2, bv64)), Parameter(Register(R3, bv64)), Parameter(Register(R0, bv64))), blocks(
  Block("1472:l__libc_start_main",
    statements(
      LocalAssign(Register(R16, bv64) := 69632bv64)
      LocalAssign(Register(R17, bv64) := MemoryLoad(Memory("mem", 64, 8), [Register(R16, bv64)]))
      LocalAssign(Register(R16, bv64) := Register(R16, bv64))
    ),
    jumps(
      IndirectCall(Register(R17, bv64), condition())
    )
  )
)),
Procedure("1836:_fini", in(), out(Parameter(Register(R0, bv64))), blocks(
  Block("1836:l_fini",
    statements(
      LocalAssign(LocalVar(#0, bv64) := BinaryExpr("add", Register(R31, bv64), 18446744073709551600bv64))
      MemoryAssign(MemoryStore(Memory("mem", 64, 8)[LocalVar(#0, bv64)] := Register(R29, bv64)))
      MemoryAssign(MemoryStore(Memory("mem", 64, 8)[BinaryExpr("add", LocalVar(#0, bv64), 8bv64)] := Register(R30, bv64)))
      LocalAssign(Register(R31, bv64) := LocalVar(#0, bv64))
      LocalAssign(Register(R29, bv64) := Register(R31, bv64))
      LocalAssign(Register(R29, bv64) := MemoryLoad(Memory("mem", 64, 8), [Register(R31, bv64)]))
      LocalAssign(Register(R30, bv64) := MemoryLoad(Memory("mem", 64, 8), [BinaryExpr("add", Register(R31, bv64), 8bv64)]))
      LocalAssign(Register(R31, bv64) := BinaryExpr("add", Register(R31, bv64), 16bv64))
    ),
    jumps(
      IndirectCall(Register(R30, bv64), condition())
    )
  )
)),
Procedure("1408:_init", in(), out(Parameter(Register(R0, bv64))), blocks(
  Block("1408:l_init",
    statements(
      LocalAssign(LocalVar(#5, bv64) := BinaryExpr("add", Register(R31, bv64), 18446744073709551600bv64))
      MemoryAssign(MemoryStore(Memory("mem", 64, 8)[LocalVar(#5, bv64)] := Register(R29, bv64)))
      MemoryAssign(MemoryStore(Memory("mem", 64, 8)[BinaryExpr("add", LocalVar(#5, bv64), 8bv64)] := Register(R30, bv64)))
      LocalAssign(Register(R31, bv64) := LocalVar(#5, bv64))
      LocalAssign(Register(R29, bv64) := Register(R31, bv64))
      LocalAssign(Register(R30, bv64) := 1424bv64)
    ),
    jumps(
      DirectCall("1588:call_weak_fn", condition())
    )
  )
  Block("1424:l000004e5",
    statements(
      LocalAssign(Register(R29, bv64) := MemoryLoad(Memory("mem", 64, 8), [Register(R31, bv64)]))
      LocalAssign(Register(R30, bv64) := MemoryLoad(Memory("mem", 64, 8), [BinaryExpr("add", Register(R31, bv64), 8bv64)]))
      LocalAssign(Register(R31, bv64) := BinaryExpr("add", Register(R31, bv64), 16bv64))
    ),
    jumps(
      IndirectCall(Register(R30, bv64), condition())
    )
  )
)),
Procedure("1536:_start", in(), out(Parameter(Register(R0, bv64))), blocks(
  Block("1536:l_start",
    statements(
      LocalAssign(Register(R29, bv64) := 0bv64)
      LocalAssign(Register(R30, bv64) := 0bv64)
      LocalAssign(Register(R5, bv64) := Register(R0, bv64))
      LocalAssign(Register(R1, bv64) := MemoryLoad(Memory("mem", 64, 8), [Register(R31, bv64)]))
      LocalAssign(Register(R2, bv64) := BinaryExpr("add", Register(R31, bv64), 8bv64))
      LocalAssign(Register(R6, bv64) := Register(R31, bv64))
      LocalAssign(Register(R0, bv64) := 65536bv64)
      LocalAssign(Register(R0, bv64) := MemoryLoad(Memory("mem", 64, 8), [BinaryExpr("add", Register(R0, bv64), 4056bv64)]))
      LocalAssign(Register(R3, bv64) := 0bv64)
      LocalAssign(Register(R4, bv64) := 0bv64)
      LocalAssign(Register(R30, bv64) := 1584bv64)
    ),
    jumps(
      DirectCall("1472:__libc_start_main", condition())
    )
  )
  Block("1584:l000001c3",
    statements(
      LocalAssign(Register(R30, bv64) := 1588bv64)
    ),
    jumps(
      DirectCall("1520:abort", condition())
    )
  )
  Block("?:l0000058f",
    statements(
    ),
    jumps(
      DirectCall("1588:call_weak_fn", condition())
    )
  )
)),
Procedure("1520:abort", in(), out(), blocks(
)),
Procedure("1588:call_weak_fn", in(), out(Parameter(Register(R0, bv64))), blocks(
  Block("1588:lcall_weak_fn",
    statements(
      LocalAssign(Register(R0, bv64) := 65536bv64)
      LocalAssign(Register(R0, bv64) := MemoryLoad(Memory("mem", 64, 8), [BinaryExpr("add", Register(R0, bv64), 4048bv64)]))
    ),
    jumps(
      GoTo("1604:l000001d9", condition(BinaryExpr("!=", BinaryExpr("comp", Register(R0, bv64), 0bv64), 0bv1)))
      GoTo("1600:l0000035c", condition())
    )
  )
  Block("1604:l000001d9",
    statements(
    ),
    jumps(
      IndirectCall(Register(R30, bv64), condition())
    )
  )
  Block("1600:l0000035c",
    statements(
    ),
    jumps(
      GoTo("1504:l__gmon_start__", condition())
    )
  )
  Block("1504:l__gmon_start__",
    statements(
      LocalAssign(Register(R16, bv64) := 69632bv64)
      LocalAssign(Register(R17, bv64) := MemoryLoad(Memory("mem", 64, 8), [BinaryExpr("add", Register(R16, bv64), 16bv64)]))
      LocalAssign(Register(R16, bv64) := BinaryExpr("add", Register(R16, bv64), 16bv64))
    ),
    jumps(
      IndirectCall(Register(R17, bv64), condition())
    )
  )
)),
Procedure("1616:deregister_tm_clones", in(), out(Parameter(Register(R0, bv64))), blocks(
  Block("1616:lderegister_tm_clones",
    statements(
      LocalAssign(Register(R0, bv64) := 69632bv64)
      LocalAssign(Register(R0, bv64) := BinaryExpr("add", Register(R0, bv64), 48bv64))
      LocalAssign(Register(R1, bv64) := 69632bv64)
      LocalAssign(Register(R1, bv64) := BinaryExpr("add", Register(R1, bv64), 48bv64))
      LocalAssign(LocalVar(#1, bv64) := UnaryExpr("not", Register(R0, bv64)))
      LocalAssign(LocalVar(#2, bv64) := BinaryExpr("add", Register(R1, bv64), UnaryExpr("not", Register(R0, bv64))))
      LocalAssign(LocalVar(VF, bv1) := UnaryExpr("not", BinaryExpr("comp", SignExtend(BinaryExpr("add", LocalVar(#2, bv64), 1bv64), 1), BinaryExpr("add", BinaryExpr("add", SignExtend(Register(R1, bv64), 1), SignExtend(LocalVar(#1, bv64), 1)), 1bv65))))
      LocalAssign(LocalVar(CF, bv1) := UnaryExpr("not", BinaryExpr("comp", ZeroExtend(BinaryExpr("add", LocalVar(#2, bv64), 1bv64), 1), BinaryExpr("add", BinaryExpr("add", ZeroExtend(Register(R1, bv64), 1), ZeroExtend(LocalVar(#1, bv64), 1)), 1bv65))))
      LocalAssign(LocalVar(ZF, bv1) := BinaryExpr("comp", BinaryExpr("add", LocalVar(#2, bv64), 1bv64), 0bv64))
      LocalAssign(LocalVar(NF, bv1) := Extract(BinaryExpr("add", LocalVar(#2, bv64), 1bv64)[64:63]))
    ),
    jumps(
      GoTo("1660:l0000021e", condition(BinaryExpr("!=", BinaryExpr("comp", LocalVar(ZF, bv1), 1bv1), 0bv1)))
      GoTo("1640:l0000033e", condition())
    )
  )
  Block("1640:l0000033e",
    statements(
      LocalAssign(Register(R1, bv64) := 65536bv64)
      LocalAssign(Register(R1, bv64) := MemoryLoad(Memory("mem", 64, 8), [BinaryExpr("add", Register(R1, bv64), 4032bv64)]))
    ),
    jumps(
      GoTo("1660:l0000021e", condition(BinaryExpr("!=", BinaryExpr("comp", Register(R1, bv64), 0bv64), 0bv1)))
      GoTo("1652:l00000351", condition())
    )
  )
  Block("1660:l0000021e",
    statements(
    ),
    jumps(
      IndirectCall(Register(R30, bv64), condition())
    )
  )
  Block("1652:l00000351",
    statements(
      LocalAssign(Register(R16, bv64) := Register(R1, bv64))
    ),
    jumps(
      IndirectCall(Register(R16, bv64), condition())
    )
  )
)),
Procedure("1808:frame_dummy", in(), out(Parameter(Register(R0, bv64))), blocks(
  Block("1808:lframe_dummy",
    statements(
    ),
    jumps(
      DirectCall("1664:register_tm_clones", condition())
    )
  )
)),
Procedure("1812:main", in(Parameter(Register(R0, bv64)), Parameter(Register(R1, bv64))), out(Parameter(Register(R1, bv64)), Parameter(Register(R0, bv64))), blocks(
  Block("1812:lmain",
    statements(
      LocalAssign(Register(R8, bv64) := 69632bv64)
      LocalAssign(Register(R8, bv64) := ZeroExtend(MemoryLoad(Memory("mem", 64, 8), [BinaryExpr("add", Register(R8, bv64), 52bv64)]), 32))
      LocalAssign(Register(R9, bv64) := 69632bv64)
      MemoryAssign(MemoryStore(Memory("mem", 64, 8)[BinaryExpr("add", Register(R9, bv64), 56bv64)] := Extract(Register(R8, bv64)[32:0])))
      LocalAssign(Register(R0, bv64) := 0bv64)
    ),
    jumps(
      IndirectCall(Register(R30, bv64), condition())
    )
  )
)),
Procedure("1664:register_tm_clones", in(), out(Parameter(Register(R0, bv64))), blocks(
  Block("1664:lregister_tm_clones",
    statements(
      LocalAssign(Register(R0, bv64) := 69632bv64)
      LocalAssign(Register(R0, bv64) := BinaryExpr("add", Register(R0, bv64), 48bv64))
      LocalAssign(Register(R1, bv64) := 69632bv64)
      LocalAssign(Register(R1, bv64) := BinaryExpr("add", Register(R1, bv64), 48bv64))
      LocalAssign(Register(R1, bv64) := BinaryExpr("add", BinaryExpr("add", Register(R1, bv64), UnaryExpr("not", Register(R0, bv64))), 1bv64))
      LocalAssign(Register(R2, bv64) := BinaryExpr("++", 0bv63, Extract(Register(R1, bv64)[64:63])))
      LocalAssign(Register(R1, bv64) := BinaryExpr("add", Register(R2, bv64), BinaryExpr("ashr", Register(R1, bv64), ZeroExtend(3bv3, 61))))
      LocalAssign(Register(R1, bv64) := SignExtend(Extract(Register(R1, bv64)[64:1]), 1))
    ),
    jumps(
      GoTo("1720:l0000025a", condition(BinaryExpr("!=", BinaryExpr("comp", Register(R1, bv64), 0bv64), 0bv1)))
      GoTo("1700:l00000320", condition())
    )
  )
  Block("1700:l00000320",
    statements(
      LocalAssign(Register(R2, bv64) := 65536bv64)
      LocalAssign(Register(R2, bv64) := MemoryLoad(Memory("mem", 64, 8), [BinaryExpr("add", Register(R2, bv64), 4064bv64)]))
    ),
    jumps(
      GoTo("1720:l0000025a", condition(BinaryExpr("!=", BinaryExpr("comp", Register(R2, bv64), 0bv64), 0bv1)))
      GoTo("1712:l00000333", condition())
    )
  )
  Block("1720:l0000025a",
    statements(
    ),
    jumps(
      IndirectCall(Register(R30, bv64), condition())
    )
  )
  Block("1712:l00000333",
    statements(
      LocalAssign(Register(R16, bv64) := Register(R2, bv64))
    ),
    jumps(
      IndirectCall(Register(R16, bv64), condition())
    )
  )
)),
