var {:extern} Gamma_R0: bool;
var {:extern} Gamma_R1: bool;
var {:extern} Gamma_mem: [bv64]bool;
var {:extern} R0: bv64;
var {:extern} R1: bv64;
var {:extern} mem: [bv64]bv8;
const {:extern} $arr_addr: bv64;
axiom ($arr_addr == 4325400bv64);
function {:extern} L(mem$in: [bv64]bv8, index: bv64) returns (bool) {
  (if ((index == bvadd64($arr_addr, 4bv64)) || (index == bvadd64($arr_addr, 0bv64))) then false else false)
}

function {:extern} {:bvbuiltin "bvadd"} bvadd64(bv64, bv64) returns (bv64);
function {:extern} gamma_load64(gammaMap: [bv64]bool, index: bv64) returns (bool) {
  (gammaMap[bvadd64(index, 7bv64)] && (gammaMap[bvadd64(index, 6bv64)] && (gammaMap[bvadd64(index, 5bv64)] && (gammaMap[bvadd64(index, 4bv64)] && (gammaMap[bvadd64(index, 3bv64)] && (gammaMap[bvadd64(index, 2bv64)] && (gammaMap[bvadd64(index, 1bv64)] && gammaMap[index])))))))
}

function {:extern} gamma_store32(gammaMap: [bv64]bool, index: bv64, value: bool) returns ([bv64]bool) {
  gammaMap[index := value][bvadd64(index, 1bv64) := value][bvadd64(index, 2bv64) := value][bvadd64(index, 3bv64) := value]
}

function {:extern} memory_load32_le(memory: [bv64]bv8, index: bv64) returns (bv32) {
  (memory[bvadd64(index, 3bv64)] ++ (memory[bvadd64(index, 2bv64)] ++ (memory[bvadd64(index, 1bv64)] ++ memory[index])))
}

function {:extern} memory_load64_le(memory: [bv64]bv8, index: bv64) returns (bv64) {
  (memory[bvadd64(index, 7bv64)] ++ (memory[bvadd64(index, 6bv64)] ++ (memory[bvadd64(index, 5bv64)] ++ (memory[bvadd64(index, 4bv64)] ++ (memory[bvadd64(index, 3bv64)] ++ (memory[bvadd64(index, 2bv64)] ++ (memory[bvadd64(index, 1bv64)] ++ memory[index])))))))
}

function {:extern} memory_store32_le(memory: [bv64]bv8, index: bv64, value: bv32) returns ([bv64]bv8) {
  memory[index := value[8:0]][bvadd64(index, 1bv64) := value[16:8]][bvadd64(index, 2bv64) := value[24:16]][bvadd64(index, 3bv64) := value[32:24]]
}

procedure {:extern} rely();
  modifies Gamma_mem, mem;
  ensures (forall i: bv64 :: (((mem[i] == old(mem[i])) ==> (Gamma_mem[i] == old(Gamma_mem[i])))));
  ensures (old(memory_load32_le(mem, bvadd64($arr_addr, 0bv64))) == memory_load32_le(mem, bvadd64($arr_addr, 0bv64)));
  free ensures (memory_load32_le(mem, 4196312bv64) == 131073bv32);

procedure {:extern} rely_transitive();
  modifies Gamma_mem, mem;
  ensures (old(memory_load32_le(mem, bvadd64($arr_addr, 0bv64))) == memory_load32_le(mem, bvadd64($arr_addr, 0bv64)));

implementation {:extern} rely_transitive()
{
  call rely();
  call rely();
}

procedure {:extern} rely_reflexive();

implementation {:extern} rely_reflexive()
{
  assert (memory_load32_le(mem, bvadd64($arr_addr, 0bv64)) == memory_load32_le(mem, bvadd64($arr_addr, 0bv64)));
}

procedure {:extern} guarantee_reflexive();
  modifies Gamma_mem, mem;

implementation {:extern} guarantee_reflexive()
{
  assert true;
}

procedure main();
  modifies Gamma_R0, Gamma_R1, Gamma_mem, R0, R1, mem;
  free requires (memory_load64_le(mem, 4325376bv64) == 0bv64);
  free requires (memory_load64_le(mem, 4325384bv64) == 0bv64);
  free requires (memory_load32_le(mem, 4196312bv64) == 131073bv32);
  free ensures (memory_load32_le(mem, 4196312bv64) == 131073bv32);

implementation main()
{
  var $load3: bv64;
  var Gamma_$load3: bool;
  $main$__0__$wtDzxxOjSJeWxzGBUpQYxA:
    assume {:captureState "$main$__0__$wtDzxxOjSJeWxzGBUpQYxA"} true;
    R1, Gamma_R1 := 4321280bv64, true;
    R0, Gamma_R0 := 0bv64, true;
    call rely();
    $load3, Gamma_$load3 := memory_load64_le(mem, bvadd64(R1, 4080bv64)), (gamma_load64(Gamma_mem, bvadd64(R1, 4080bv64)) || L(mem, bvadd64(R1, 4080bv64)));
    R1, Gamma_R1 := $load3, Gamma_$load3;
    call rely();
    assert (L(mem, R1) ==> true);
    mem, Gamma_mem := memory_store32_le(mem, R1, 0bv32), gamma_store32(Gamma_mem, R1, true);
    assume {:captureState "4195980$0"} true;
    goto main_basil_return;
  main_basil_return:
    assume {:captureState "main_basil_return"} true;
    return;
}

