var {:extern} Gamma_R0: bool;
var {:extern} Gamma_R16: bool;
var {:extern} Gamma_R17: bool;
var {:extern} Gamma_R29: bool;
var {:extern} Gamma_R30: bool;
var {:extern} Gamma_R31: bool;
var {:extern} Gamma_mem: [bv64]bool;
var {:extern} Gamma_stack: [bv64]bool;
var {:extern} R0: bv64;
var {:extern} R16: bv64;
var {:extern} R17: bv64;
var {:extern} R29: bv64;
var {:extern} R30: bv64;
var {:extern} R31: bv64;
var {:extern} mem: [bv64]bv8;
var {:extern} stack: [bv64]bv8;
const {:extern} $_IO_stdin_used_addr: bv64;
axiom ($_IO_stdin_used_addr == 1952bv64);
function {:extern} {:bvbuiltin "bvadd"} bvadd64(bv64, bv64) returns (bv64);
function {:extern} gamma_load64(gammaMap: [bv64]bool, index: bv64) returns (bool) {
  (gammaMap[bvadd64(index, 7bv64)] && (gammaMap[bvadd64(index, 6bv64)] && (gammaMap[bvadd64(index, 5bv64)] && (gammaMap[bvadd64(index, 4bv64)] && (gammaMap[bvadd64(index, 3bv64)] && (gammaMap[bvadd64(index, 2bv64)] && (gammaMap[bvadd64(index, 1bv64)] && gammaMap[index])))))))
}

function {:extern} gamma_store64(gammaMap: [bv64]bool, index: bv64, value: bool) returns ([bv64]bool) {
  gammaMap[index := value][bvadd64(index, 1bv64) := value][bvadd64(index, 2bv64) := value][bvadd64(index, 3bv64) := value][bvadd64(index, 4bv64) := value][bvadd64(index, 5bv64) := value][bvadd64(index, 6bv64) := value][bvadd64(index, 7bv64) := value]
}

function {:extern} memory_load64_le(memory: [bv64]bv8, index: bv64) returns (bv64) {
  (memory[bvadd64(index, 7bv64)] ++ (memory[bvadd64(index, 6bv64)] ++ (memory[bvadd64(index, 5bv64)] ++ (memory[bvadd64(index, 4bv64)] ++ (memory[bvadd64(index, 3bv64)] ++ (memory[bvadd64(index, 2bv64)] ++ (memory[bvadd64(index, 1bv64)] ++ memory[index])))))))
}

function {:extern} memory_load8_le(memory: [bv64]bv8, index: bv64) returns (bv8) {
  memory[index]
}

function {:extern} memory_store64_le(memory: [bv64]bv8, index: bv64, value: bv64) returns ([bv64]bv8) {
  memory[index := value[8:0]][bvadd64(index, 1bv64) := value[16:8]][bvadd64(index, 2bv64) := value[24:16]][bvadd64(index, 3bv64) := value[32:24]][bvadd64(index, 4bv64) := value[40:32]][bvadd64(index, 5bv64) := value[48:40]][bvadd64(index, 6bv64) := value[56:48]][bvadd64(index, 7bv64) := value[64:56]]
}

procedure {:extern} rely();
  modifies Gamma_mem, mem;
  ensures (mem == old(mem));
  ensures (Gamma_mem == old(Gamma_mem));
  free ensures (memory_load8_le(mem, 1952bv64) == 1bv8);
  free ensures (memory_load8_le(mem, 1953bv64) == 0bv8);
  free ensures (memory_load8_le(mem, 1954bv64) == 2bv8);
  free ensures (memory_load8_le(mem, 1955bv64) == 0bv8);
  free ensures (memory_load8_le(mem, 1956bv64) == 72bv8);
  free ensures (memory_load8_le(mem, 1957bv64) == 101bv8);
  free ensures (memory_load8_le(mem, 1958bv64) == 108bv8);
  free ensures (memory_load8_le(mem, 1959bv64) == 108bv8);
  free ensures (memory_load8_le(mem, 1960bv64) == 111bv8);
  free ensures (memory_load8_le(mem, 1961bv64) == 44bv8);
  free ensures (memory_load8_le(mem, 1962bv64) == 32bv8);
  free ensures (memory_load8_le(mem, 1963bv64) == 119bv8);
  free ensures (memory_load8_le(mem, 1964bv64) == 111bv8);
  free ensures (memory_load8_le(mem, 1965bv64) == 114bv8);
  free ensures (memory_load8_le(mem, 1966bv64) == 108bv8);
  free ensures (memory_load8_le(mem, 1967bv64) == 100bv8);
  free ensures (memory_load8_le(mem, 1968bv64) == 33bv8);
  free ensures (memory_load8_le(mem, 1969bv64) == 0bv8);
  free ensures (memory_load8_le(mem, 1970bv64) == 67bv8);
  free ensures (memory_load8_le(mem, 1971bv64) == 97bv8);
  free ensures (memory_load8_le(mem, 1972bv64) == 108bv8);
  free ensures (memory_load8_le(mem, 1973bv64) == 108bv8);
  free ensures (memory_load8_le(mem, 1974bv64) == 105bv8);
  free ensures (memory_load8_le(mem, 1975bv64) == 110bv8);
  free ensures (memory_load8_le(mem, 1976bv64) == 103bv8);
  free ensures (memory_load8_le(mem, 1977bv64) == 32bv8);
  free ensures (memory_load8_le(mem, 1978bv64) == 103bv8);
  free ensures (memory_load8_le(mem, 1979bv64) == 114bv8);
  free ensures (memory_load8_le(mem, 1980bv64) == 101bv8);
  free ensures (memory_load8_le(mem, 1981bv64) == 101bv8);
  free ensures (memory_load8_le(mem, 1982bv64) == 116bv8);
  free ensures (memory_load8_le(mem, 1983bv64) == 40bv8);
  free ensures (memory_load8_le(mem, 1984bv64) == 41bv8);
  free ensures (memory_load8_le(mem, 1985bv64) == 32bv8);
  free ensures (memory_load8_le(mem, 1986bv64) == 105bv8);
  free ensures (memory_load8_le(mem, 1987bv64) == 110bv8);
  free ensures (memory_load8_le(mem, 1988bv64) == 100bv8);
  free ensures (memory_load8_le(mem, 1989bv64) == 105bv8);
  free ensures (memory_load8_le(mem, 1990bv64) == 114bv8);
  free ensures (memory_load8_le(mem, 1991bv64) == 101bv8);
  free ensures (memory_load8_le(mem, 1992bv64) == 99bv8);
  free ensures (memory_load8_le(mem, 1993bv64) == 116bv8);
  free ensures (memory_load8_le(mem, 1994bv64) == 108bv8);
  free ensures (memory_load8_le(mem, 1995bv64) == 121bv8);
  free ensures (memory_load8_le(mem, 1996bv64) == 58bv8);
  free ensures (memory_load8_le(mem, 1997bv64) == 0bv8);
  free ensures (memory_load64_le(mem, 69064bv64) == 1872bv64);
  free ensures (memory_load64_le(mem, 69072bv64) == 1792bv64);
  free ensures (memory_load64_le(mem, 69592bv64) == 1888bv64);
  free ensures (memory_load64_le(mem, 69680bv64) == 69680bv64);

procedure {:extern} rely_transitive();
  modifies Gamma_mem, mem;
  ensures (mem == old(mem));
  ensures (Gamma_mem == old(Gamma_mem));

implementation {:extern} rely_transitive()
{
  call rely();
  call rely();
}

procedure {:extern} rely_reflexive();

procedure {:extern} guarantee_reflexive();
  modifies Gamma_mem, mem;

procedure main();
  modifies Gamma_R0, Gamma_R16, Gamma_R17, Gamma_R29, Gamma_R30, Gamma_R31, Gamma_stack, R0, R16, R17, R29, R30, R31, stack;
  free requires (memory_load64_le(mem, 69672bv64) == 0bv64);
  free requires (memory_load64_le(mem, 69680bv64) == 69680bv64);
  free requires (memory_load8_le(mem, 1952bv64) == 1bv8);
  free requires (memory_load8_le(mem, 1953bv64) == 0bv8);
  free requires (memory_load8_le(mem, 1954bv64) == 2bv8);
  free requires (memory_load8_le(mem, 1955bv64) == 0bv8);
  free requires (memory_load8_le(mem, 1956bv64) == 72bv8);
  free requires (memory_load8_le(mem, 1957bv64) == 101bv8);
  free requires (memory_load8_le(mem, 1958bv64) == 108bv8);
  free requires (memory_load8_le(mem, 1959bv64) == 108bv8);
  free requires (memory_load8_le(mem, 1960bv64) == 111bv8);
  free requires (memory_load8_le(mem, 1961bv64) == 44bv8);
  free requires (memory_load8_le(mem, 1962bv64) == 32bv8);
  free requires (memory_load8_le(mem, 1963bv64) == 119bv8);
  free requires (memory_load8_le(mem, 1964bv64) == 111bv8);
  free requires (memory_load8_le(mem, 1965bv64) == 114bv8);
  free requires (memory_load8_le(mem, 1966bv64) == 108bv8);
  free requires (memory_load8_le(mem, 1967bv64) == 100bv8);
  free requires (memory_load8_le(mem, 1968bv64) == 33bv8);
  free requires (memory_load8_le(mem, 1969bv64) == 0bv8);
  free requires (memory_load8_le(mem, 1970bv64) == 67bv8);
  free requires (memory_load8_le(mem, 1971bv64) == 97bv8);
  free requires (memory_load8_le(mem, 1972bv64) == 108bv8);
  free requires (memory_load8_le(mem, 1973bv64) == 108bv8);
  free requires (memory_load8_le(mem, 1974bv64) == 105bv8);
  free requires (memory_load8_le(mem, 1975bv64) == 110bv8);
  free requires (memory_load8_le(mem, 1976bv64) == 103bv8);
  free requires (memory_load8_le(mem, 1977bv64) == 32bv8);
  free requires (memory_load8_le(mem, 1978bv64) == 103bv8);
  free requires (memory_load8_le(mem, 1979bv64) == 114bv8);
  free requires (memory_load8_le(mem, 1980bv64) == 101bv8);
  free requires (memory_load8_le(mem, 1981bv64) == 101bv8);
  free requires (memory_load8_le(mem, 1982bv64) == 116bv8);
  free requires (memory_load8_le(mem, 1983bv64) == 40bv8);
  free requires (memory_load8_le(mem, 1984bv64) == 41bv8);
  free requires (memory_load8_le(mem, 1985bv64) == 32bv8);
  free requires (memory_load8_le(mem, 1986bv64) == 105bv8);
  free requires (memory_load8_le(mem, 1987bv64) == 110bv8);
  free requires (memory_load8_le(mem, 1988bv64) == 100bv8);
  free requires (memory_load8_le(mem, 1989bv64) == 105bv8);
  free requires (memory_load8_le(mem, 1990bv64) == 114bv8);
  free requires (memory_load8_le(mem, 1991bv64) == 101bv8);
  free requires (memory_load8_le(mem, 1992bv64) == 99bv8);
  free requires (memory_load8_le(mem, 1993bv64) == 116bv8);
  free requires (memory_load8_le(mem, 1994bv64) == 108bv8);
  free requires (memory_load8_le(mem, 1995bv64) == 121bv8);
  free requires (memory_load8_le(mem, 1996bv64) == 58bv8);
  free requires (memory_load8_le(mem, 1997bv64) == 0bv8);
  free requires (memory_load64_le(mem, 69064bv64) == 1872bv64);
  free requires (memory_load64_le(mem, 69072bv64) == 1792bv64);
  free requires (memory_load64_le(mem, 69592bv64) == 1888bv64);
  free requires (memory_load64_le(mem, 69680bv64) == 69680bv64);
  free ensures (Gamma_R29 == old(Gamma_R29));
  free ensures (Gamma_R31 == old(Gamma_R31));
  free ensures (R29 == old(R29));
  free ensures (R31 == old(R31));
  free ensures (memory_load8_le(mem, 1952bv64) == 1bv8);
  free ensures (memory_load8_le(mem, 1953bv64) == 0bv8);
  free ensures (memory_load8_le(mem, 1954bv64) == 2bv8);
  free ensures (memory_load8_le(mem, 1955bv64) == 0bv8);
  free ensures (memory_load8_le(mem, 1956bv64) == 72bv8);
  free ensures (memory_load8_le(mem, 1957bv64) == 101bv8);
  free ensures (memory_load8_le(mem, 1958bv64) == 108bv8);
  free ensures (memory_load8_le(mem, 1959bv64) == 108bv8);
  free ensures (memory_load8_le(mem, 1960bv64) == 111bv8);
  free ensures (memory_load8_le(mem, 1961bv64) == 44bv8);
  free ensures (memory_load8_le(mem, 1962bv64) == 32bv8);
  free ensures (memory_load8_le(mem, 1963bv64) == 119bv8);
  free ensures (memory_load8_le(mem, 1964bv64) == 111bv8);
  free ensures (memory_load8_le(mem, 1965bv64) == 114bv8);
  free ensures (memory_load8_le(mem, 1966bv64) == 108bv8);
  free ensures (memory_load8_le(mem, 1967bv64) == 100bv8);
  free ensures (memory_load8_le(mem, 1968bv64) == 33bv8);
  free ensures (memory_load8_le(mem, 1969bv64) == 0bv8);
  free ensures (memory_load8_le(mem, 1970bv64) == 67bv8);
  free ensures (memory_load8_le(mem, 1971bv64) == 97bv8);
  free ensures (memory_load8_le(mem, 1972bv64) == 108bv8);
  free ensures (memory_load8_le(mem, 1973bv64) == 108bv8);
  free ensures (memory_load8_le(mem, 1974bv64) == 105bv8);
  free ensures (memory_load8_le(mem, 1975bv64) == 110bv8);
  free ensures (memory_load8_le(mem, 1976bv64) == 103bv8);
  free ensures (memory_load8_le(mem, 1977bv64) == 32bv8);
  free ensures (memory_load8_le(mem, 1978bv64) == 103bv8);
  free ensures (memory_load8_le(mem, 1979bv64) == 114bv8);
  free ensures (memory_load8_le(mem, 1980bv64) == 101bv8);
  free ensures (memory_load8_le(mem, 1981bv64) == 101bv8);
  free ensures (memory_load8_le(mem, 1982bv64) == 116bv8);
  free ensures (memory_load8_le(mem, 1983bv64) == 40bv8);
  free ensures (memory_load8_le(mem, 1984bv64) == 41bv8);
  free ensures (memory_load8_le(mem, 1985bv64) == 32bv8);
  free ensures (memory_load8_le(mem, 1986bv64) == 105bv8);
  free ensures (memory_load8_le(mem, 1987bv64) == 110bv8);
  free ensures (memory_load8_le(mem, 1988bv64) == 100bv8);
  free ensures (memory_load8_le(mem, 1989bv64) == 105bv8);
  free ensures (memory_load8_le(mem, 1990bv64) == 114bv8);
  free ensures (memory_load8_le(mem, 1991bv64) == 101bv8);
  free ensures (memory_load8_le(mem, 1992bv64) == 99bv8);
  free ensures (memory_load8_le(mem, 1993bv64) == 116bv8);
  free ensures (memory_load8_le(mem, 1994bv64) == 108bv8);
  free ensures (memory_load8_le(mem, 1995bv64) == 121bv8);
  free ensures (memory_load8_le(mem, 1996bv64) == 58bv8);
  free ensures (memory_load8_le(mem, 1997bv64) == 0bv8);
  free ensures (memory_load64_le(mem, 69064bv64) == 1872bv64);
  free ensures (memory_load64_le(mem, 69072bv64) == 1792bv64);
  free ensures (memory_load64_le(mem, 69592bv64) == 1888bv64);
  free ensures (memory_load64_le(mem, 69680bv64) == 69680bv64);

implementation main()
{
  var #4: bv64;
  var Gamma_#4: bool;
  lmain:
    assume {:captureState "lmain"} true;
    #4, Gamma_#4 := bvadd64(R31, 18446744073709551600bv64), Gamma_R31;
    stack, Gamma_stack := memory_store64_le(stack, #4, R29), gamma_store64(Gamma_stack, #4, Gamma_R29);
    assume {:captureState "%000002fc"} true;
    stack, Gamma_stack := memory_store64_le(stack, bvadd64(#4, 8bv64), R30), gamma_store64(Gamma_stack, bvadd64(#4, 8bv64), Gamma_R30);
    assume {:captureState "%00000302"} true;
    R31, Gamma_R31 := #4, Gamma_#4;
    R29, Gamma_R29 := R31, Gamma_R31;
    R0, Gamma_R0 := 0bv64, true;
    R0, Gamma_R0 := bvadd64(R0, 1970bv64), Gamma_R0;
    R30, Gamma_R30 := 1908bv64, true;
    call puts();
    goto l00000320;
  l00000320:
    assume {:captureState "l00000320"} true;
    R0, Gamma_R0 := 0bv64, true;
    R0, Gamma_R0 := bvadd64(R0, 1956bv64), Gamma_R0;
    R30, Gamma_R30 := 1920bv64, true;
    call puts();
    goto l00000332;
  l00000332:
    assume {:captureState "l00000332"} true;
    R0, Gamma_R0 := 0bv64, true;
    R29, Gamma_R29 := memory_load64_le(stack, R31), gamma_load64(Gamma_stack, R31);
    R30, Gamma_R30 := memory_load64_le(stack, bvadd64(R31, 8bv64)), gamma_load64(Gamma_stack, bvadd64(R31, 8bv64));
    R31, Gamma_R31 := bvadd64(R31, 16bv64), Gamma_R31;
    goto main_basil_return;
  main_basil_return:
    assume {:captureState "main_basil_return"} true;
    return;
}

procedure puts();
  modifies Gamma_R16, Gamma_R17, R16, R17;
  free requires (memory_load8_le(mem, 1952bv64) == 1bv8);
  free requires (memory_load8_le(mem, 1953bv64) == 0bv8);
  free requires (memory_load8_le(mem, 1954bv64) == 2bv8);
  free requires (memory_load8_le(mem, 1955bv64) == 0bv8);
  free requires (memory_load8_le(mem, 1956bv64) == 72bv8);
  free requires (memory_load8_le(mem, 1957bv64) == 101bv8);
  free requires (memory_load8_le(mem, 1958bv64) == 108bv8);
  free requires (memory_load8_le(mem, 1959bv64) == 108bv8);
  free requires (memory_load8_le(mem, 1960bv64) == 111bv8);
  free requires (memory_load8_le(mem, 1961bv64) == 44bv8);
  free requires (memory_load8_le(mem, 1962bv64) == 32bv8);
  free requires (memory_load8_le(mem, 1963bv64) == 119bv8);
  free requires (memory_load8_le(mem, 1964bv64) == 111bv8);
  free requires (memory_load8_le(mem, 1965bv64) == 114bv8);
  free requires (memory_load8_le(mem, 1966bv64) == 108bv8);
  free requires (memory_load8_le(mem, 1967bv64) == 100bv8);
  free requires (memory_load8_le(mem, 1968bv64) == 33bv8);
  free requires (memory_load8_le(mem, 1969bv64) == 0bv8);
  free requires (memory_load8_le(mem, 1970bv64) == 67bv8);
  free requires (memory_load8_le(mem, 1971bv64) == 97bv8);
  free requires (memory_load8_le(mem, 1972bv64) == 108bv8);
  free requires (memory_load8_le(mem, 1973bv64) == 108bv8);
  free requires (memory_load8_le(mem, 1974bv64) == 105bv8);
  free requires (memory_load8_le(mem, 1975bv64) == 110bv8);
  free requires (memory_load8_le(mem, 1976bv64) == 103bv8);
  free requires (memory_load8_le(mem, 1977bv64) == 32bv8);
  free requires (memory_load8_le(mem, 1978bv64) == 103bv8);
  free requires (memory_load8_le(mem, 1979bv64) == 114bv8);
  free requires (memory_load8_le(mem, 1980bv64) == 101bv8);
  free requires (memory_load8_le(mem, 1981bv64) == 101bv8);
  free requires (memory_load8_le(mem, 1982bv64) == 116bv8);
  free requires (memory_load8_le(mem, 1983bv64) == 40bv8);
  free requires (memory_load8_le(mem, 1984bv64) == 41bv8);
  free requires (memory_load8_le(mem, 1985bv64) == 32bv8);
  free requires (memory_load8_le(mem, 1986bv64) == 105bv8);
  free requires (memory_load8_le(mem, 1987bv64) == 110bv8);
  free requires (memory_load8_le(mem, 1988bv64) == 100bv8);
  free requires (memory_load8_le(mem, 1989bv64) == 105bv8);
  free requires (memory_load8_le(mem, 1990bv64) == 114bv8);
  free requires (memory_load8_le(mem, 1991bv64) == 101bv8);
  free requires (memory_load8_le(mem, 1992bv64) == 99bv8);
  free requires (memory_load8_le(mem, 1993bv64) == 116bv8);
  free requires (memory_load8_le(mem, 1994bv64) == 108bv8);
  free requires (memory_load8_le(mem, 1995bv64) == 121bv8);
  free requires (memory_load8_le(mem, 1996bv64) == 58bv8);
  free requires (memory_load8_le(mem, 1997bv64) == 0bv8);
  free requires (memory_load64_le(mem, 69064bv64) == 1872bv64);
  free requires (memory_load64_le(mem, 69072bv64) == 1792bv64);
  free requires (memory_load64_le(mem, 69592bv64) == 1888bv64);
  free requires (memory_load64_le(mem, 69680bv64) == 69680bv64);
  free ensures (memory_load8_le(mem, 1952bv64) == 1bv8);
  free ensures (memory_load8_le(mem, 1953bv64) == 0bv8);
  free ensures (memory_load8_le(mem, 1954bv64) == 2bv8);
  free ensures (memory_load8_le(mem, 1955bv64) == 0bv8);
  free ensures (memory_load8_le(mem, 1956bv64) == 72bv8);
  free ensures (memory_load8_le(mem, 1957bv64) == 101bv8);
  free ensures (memory_load8_le(mem, 1958bv64) == 108bv8);
  free ensures (memory_load8_le(mem, 1959bv64) == 108bv8);
  free ensures (memory_load8_le(mem, 1960bv64) == 111bv8);
  free ensures (memory_load8_le(mem, 1961bv64) == 44bv8);
  free ensures (memory_load8_le(mem, 1962bv64) == 32bv8);
  free ensures (memory_load8_le(mem, 1963bv64) == 119bv8);
  free ensures (memory_load8_le(mem, 1964bv64) == 111bv8);
  free ensures (memory_load8_le(mem, 1965bv64) == 114bv8);
  free ensures (memory_load8_le(mem, 1966bv64) == 108bv8);
  free ensures (memory_load8_le(mem, 1967bv64) == 100bv8);
  free ensures (memory_load8_le(mem, 1968bv64) == 33bv8);
  free ensures (memory_load8_le(mem, 1969bv64) == 0bv8);
  free ensures (memory_load8_le(mem, 1970bv64) == 67bv8);
  free ensures (memory_load8_le(mem, 1971bv64) == 97bv8);
  free ensures (memory_load8_le(mem, 1972bv64) == 108bv8);
  free ensures (memory_load8_le(mem, 1973bv64) == 108bv8);
  free ensures (memory_load8_le(mem, 1974bv64) == 105bv8);
  free ensures (memory_load8_le(mem, 1975bv64) == 110bv8);
  free ensures (memory_load8_le(mem, 1976bv64) == 103bv8);
  free ensures (memory_load8_le(mem, 1977bv64) == 32bv8);
  free ensures (memory_load8_le(mem, 1978bv64) == 103bv8);
  free ensures (memory_load8_le(mem, 1979bv64) == 114bv8);
  free ensures (memory_load8_le(mem, 1980bv64) == 101bv8);
  free ensures (memory_load8_le(mem, 1981bv64) == 101bv8);
  free ensures (memory_load8_le(mem, 1982bv64) == 116bv8);
  free ensures (memory_load8_le(mem, 1983bv64) == 40bv8);
  free ensures (memory_load8_le(mem, 1984bv64) == 41bv8);
  free ensures (memory_load8_le(mem, 1985bv64) == 32bv8);
  free ensures (memory_load8_le(mem, 1986bv64) == 105bv8);
  free ensures (memory_load8_le(mem, 1987bv64) == 110bv8);
  free ensures (memory_load8_le(mem, 1988bv64) == 100bv8);
  free ensures (memory_load8_le(mem, 1989bv64) == 105bv8);
  free ensures (memory_load8_le(mem, 1990bv64) == 114bv8);
  free ensures (memory_load8_le(mem, 1991bv64) == 101bv8);
  free ensures (memory_load8_le(mem, 1992bv64) == 99bv8);
  free ensures (memory_load8_le(mem, 1993bv64) == 116bv8);
  free ensures (memory_load8_le(mem, 1994bv64) == 108bv8);
  free ensures (memory_load8_le(mem, 1995bv64) == 121bv8);
  free ensures (memory_load8_le(mem, 1996bv64) == 58bv8);
  free ensures (memory_load8_le(mem, 1997bv64) == 0bv8);
  free ensures (memory_load64_le(mem, 69064bv64) == 1872bv64);
  free ensures (memory_load64_le(mem, 69072bv64) == 1792bv64);
  free ensures (memory_load64_le(mem, 69592bv64) == 1888bv64);
  free ensures (memory_load64_le(mem, 69680bv64) == 69680bv64);

