Procedure("1488:__cxa_finalize", in(), out(Parameter(Register(R0, bv64))), blocks(
)),
Procedure("1728:__do_global_dtors_aux", in(), out(Parameter(Register(R0, bv64))), blocks(
  Block("1728:l__do_global_dtors_aux",
    statements(
      LocalAssign(LocalVar(#3, bv64) := BinaryExpr("add", Register(R31, bv64), 18446744073709551584bv64))
      MemoryAssign(MemoryStore(Memory("mem", 64, 8)[LocalVar(#3, bv64)] := Register(R29, bv64)))
      MemoryAssign(MemoryStore(Memory("mem", 64, 8)[BinaryExpr("add", LocalVar(#3, bv64), 8bv64)] := Register(R30, bv64)))
      LocalAssign(Register(R31, bv64) := LocalVar(#3, bv64))
      LocalAssign(Register(R29, bv64) := Register(R31, bv64))
      MemoryAssign(MemoryStore(Memory("mem", 64, 8)[BinaryExpr("add", Register(R31, bv64), 16bv64)] := Register(R19, bv64)))
      LocalAssign(Register(R19, bv64) := 69632bv64)
      LocalAssign(Register(R0, bv64) := ZeroExtend(MemoryLoad(Memory("mem", 64, 8), [BinaryExpr("add", Register(R19, bv64), 16bv64)]), 56))
    ),
    jumps(
      GoTo("1788:l000008fc", condition(BinaryExpr("!=", UnaryExpr("not", BinaryExpr("comp", Extract(Register(R0, bv64)[32:0]), 0bv32)), 0bv1)))
      GoTo("1752:l000009ad", condition())
    )
  )
  Block("1752:l000009ad",
    statements(
      LocalAssign(Register(R0, bv64) := 65536bv64)
      LocalAssign(Register(R0, bv64) := MemoryLoad(Memory("mem", 64, 8), [BinaryExpr("add", Register(R0, bv64), 4064bv64)]))
    ),
    jumps(
      GoTo("1776:l000009bb", condition(BinaryExpr("!=", BinaryExpr("comp", Register(R0, bv64), 0bv64), 0bv1)))
      GoTo("1764:l000009d4", condition())
    )
  )
  Block("1764:l000009d4",
    statements(
      LocalAssign(Register(R0, bv64) := 69632bv64)
      LocalAssign(Register(R0, bv64) := MemoryLoad(Memory("mem", 64, 8), [BinaryExpr("add", Register(R0, bv64), 8bv64)]))
      LocalAssign(Register(R30, bv64) := 1776bv64)
    ),
    jumps(
      DirectCall("1488:__cxa_finalize", condition())
    )
  )
  Block("1776:l000009bb",
    statements(
      LocalAssign(Register(R30, bv64) := 1780bv64)
    ),
    jumps(
      DirectCall("1616:deregister_tm_clones", condition())
    )
  )
  Block("1780:l000009c7",
    statements(
      LocalAssign(Register(R0, bv64) := 1bv64)
      MemoryAssign(MemoryStore(Memory("mem", 64, 8)[BinaryExpr("add", Register(R19, bv64), 16bv64)] := Extract(Register(R0, bv64)[8:0])))
    ),
    jumps(
      GoTo("1788:l000008fc", condition())
    )
  )
  Block("1788:l000008fc",
    statements(
      LocalAssign(Register(R19, bv64) := MemoryLoad(Memory("mem", 64, 8), [BinaryExpr("add", Register(R31, bv64), 16bv64)]))
      LocalAssign(Register(R29, bv64) := MemoryLoad(Memory("mem", 64, 8), [Register(R31, bv64)]))
      LocalAssign(Register(R30, bv64) := MemoryLoad(Memory("mem", 64, 8), [BinaryExpr("add", Register(R31, bv64), 8bv64)]))
      LocalAssign(Register(R31, bv64) := BinaryExpr("add", Register(R31, bv64), 32bv64))
    ),
    jumps(
      IndirectCall(Register(R30, bv64), condition())
    )
  )
)),
Procedure("1472:__libc_start_main", in(Parameter(Register(R0, bv64)), Parameter(Register(R1, bv64)), Parameter(Register(R2, bv64)), Parameter(Register(R3, bv64))), out(Parameter(Register(R2, bv64)), Parameter(Register(R3, bv64)), Parameter(Register(R0, bv64))), blocks(
  Block("1472:l__libc_start_main",
    statements(
      LocalAssign(Register(R16, bv64) := 65536bv64)
      LocalAssign(Register(R17, bv64) := MemoryLoad(Memory("mem", 64, 8), [BinaryExpr("add", Register(R16, bv64), 4016bv64)]))
      LocalAssign(Register(R16, bv64) := BinaryExpr("add", Register(R16, bv64), 4016bv64))
    ),
    jumps(
      IndirectCall(Register(R17, bv64), condition())
    )
  )
)),
Procedure("1884:_fini", in(), out(Parameter(Register(R0, bv64))), blocks(
  Block("1884:l_fini",
    statements(
      LocalAssign(LocalVar(#0, bv64) := BinaryExpr("add", Register(R31, bv64), 18446744073709551600bv64))
      MemoryAssign(MemoryStore(Memory("mem", 64, 8)[LocalVar(#0, bv64)] := Register(R29, bv64)))
      MemoryAssign(MemoryStore(Memory("mem", 64, 8)[BinaryExpr("add", LocalVar(#0, bv64), 8bv64)] := Register(R30, bv64)))
      LocalAssign(Register(R31, bv64) := LocalVar(#0, bv64))
      LocalAssign(Register(R29, bv64) := Register(R31, bv64))
      LocalAssign(Register(R29, bv64) := MemoryLoad(Memory("mem", 64, 8), [Register(R31, bv64)]))
      LocalAssign(Register(R30, bv64) := MemoryLoad(Memory("mem", 64, 8), [BinaryExpr("add", Register(R31, bv64), 8bv64)]))
      LocalAssign(Register(R31, bv64) := BinaryExpr("add", Register(R31, bv64), 16bv64))
    ),
    jumps(
      IndirectCall(Register(R30, bv64), condition())
    )
  )
)),
Procedure("1408:_init", in(), out(Parameter(Register(R0, bv64))), blocks(
  Block("1408:l_init",
    statements(
      LocalAssign(LocalVar(#6, bv64) := BinaryExpr("add", Register(R31, bv64), 18446744073709551600bv64))
      MemoryAssign(MemoryStore(Memory("mem", 64, 8)[LocalVar(#6, bv64)] := Register(R29, bv64)))
      MemoryAssign(MemoryStore(Memory("mem", 64, 8)[BinaryExpr("add", LocalVar(#6, bv64), 8bv64)] := Register(R30, bv64)))
      LocalAssign(Register(R31, bv64) := LocalVar(#6, bv64))
      LocalAssign(Register(R29, bv64) := Register(R31, bv64))
      LocalAssign(Register(R30, bv64) := 1424bv64)
    ),
    jumps(
      DirectCall("1588:call_weak_fn", condition())
    )
  )
  Block("1424:l00000bb9",
    statements(
      LocalAssign(Register(R29, bv64) := MemoryLoad(Memory("mem", 64, 8), [Register(R31, bv64)]))
      LocalAssign(Register(R30, bv64) := MemoryLoad(Memory("mem", 64, 8), [BinaryExpr("add", Register(R31, bv64), 8bv64)]))
      LocalAssign(Register(R31, bv64) := BinaryExpr("add", Register(R31, bv64), 16bv64))
    ),
    jumps(
      IndirectCall(Register(R30, bv64), condition())
    )
  )
)),
Procedure("1536:_start", in(), out(Parameter(Register(R0, bv64))), blocks(
  Block("1536:l_start",
    statements(
      LocalAssign(Register(R29, bv64) := 0bv64)
      LocalAssign(Register(R30, bv64) := 0bv64)
      LocalAssign(Register(R5, bv64) := Register(R0, bv64))
      LocalAssign(Register(R1, bv64) := MemoryLoad(Memory("mem", 64, 8), [Register(R31, bv64)]))
      LocalAssign(Register(R2, bv64) := BinaryExpr("add", Register(R31, bv64), 8bv64))
      LocalAssign(Register(R6, bv64) := Register(R31, bv64))
      LocalAssign(Register(R0, bv64) := 65536bv64)
      LocalAssign(Register(R0, bv64) := MemoryLoad(Memory("mem", 64, 8), [BinaryExpr("add", Register(R0, bv64), 4080bv64)]))
      LocalAssign(Register(R3, bv64) := 0bv64)
      LocalAssign(Register(R4, bv64) := 0bv64)
      LocalAssign(Register(R30, bv64) := 1584bv64)
    ),
    jumps(
      DirectCall("1472:__libc_start_main", condition())
    )
  )
  Block("1584:l00000826",
    statements(
      LocalAssign(Register(R30, bv64) := 1588bv64)
    ),
    jumps(
      DirectCall("1520:abort", condition())
    )
  )
  Block("?:l00000c4d",
    statements(
    ),
    jumps(
      DirectCall("1588:call_weak_fn", condition())
    )
  )
)),
Procedure("1520:abort", in(), out(), blocks(
)),
Procedure("1588:call_weak_fn", in(), out(Parameter(Register(R0, bv64))), blocks(
  Block("1588:lcall_weak_fn",
    statements(
      LocalAssign(Register(R0, bv64) := 65536bv64)
      LocalAssign(Register(R0, bv64) := MemoryLoad(Memory("mem", 64, 8), [BinaryExpr("add", Register(R0, bv64), 4072bv64)]))
    ),
    jumps(
      GoTo("1604:l0000083c", condition(BinaryExpr("!=", BinaryExpr("comp", Register(R0, bv64), 0bv64), 0bv1)))
      GoTo("1600:l00000a24", condition())
    )
  )
  Block("1604:l0000083c",
    statements(
    ),
    jumps(
      IndirectCall(Register(R30, bv64), condition())
    )
  )
  Block("1600:l00000a24",
    statements(
    ),
    jumps(
      GoTo("1504:l__gmon_start__", condition())
    )
  )
  Block("1504:l__gmon_start__",
    statements(
      LocalAssign(Register(R16, bv64) := 65536bv64)
      LocalAssign(Register(R17, bv64) := MemoryLoad(Memory("mem", 64, 8), [BinaryExpr("add", Register(R16, bv64), 4032bv64)]))
      LocalAssign(Register(R16, bv64) := BinaryExpr("add", Register(R16, bv64), 4032bv64))
    ),
    jumps(
      IndirectCall(Register(R17, bv64), condition())
    )
  )
)),
Procedure("1616:deregister_tm_clones", in(), out(Parameter(Register(R0, bv64))), blocks(
  Block("1616:lderegister_tm_clones",
    statements(
      LocalAssign(Register(R0, bv64) := 69632bv64)
      LocalAssign(Register(R0, bv64) := BinaryExpr("add", Register(R0, bv64), 16bv64))
      LocalAssign(Register(R1, bv64) := 69632bv64)
      LocalAssign(Register(R1, bv64) := BinaryExpr("add", Register(R1, bv64), 16bv64))
      LocalAssign(LocalVar(#1, bv64) := UnaryExpr("not", Register(R0, bv64)))
      LocalAssign(LocalVar(#2, bv64) := BinaryExpr("add", Register(R1, bv64), UnaryExpr("not", Register(R0, bv64))))
      LocalAssign(LocalVar(VF, bv1) := UnaryExpr("not", BinaryExpr("comp", SignExtend(BinaryExpr("add", LocalVar(#2, bv64), 1bv64), 1), BinaryExpr("add", BinaryExpr("add", SignExtend(Register(R1, bv64), 1), SignExtend(LocalVar(#1, bv64), 1)), 1bv65))))
      LocalAssign(LocalVar(CF, bv1) := UnaryExpr("not", BinaryExpr("comp", ZeroExtend(BinaryExpr("add", LocalVar(#2, bv64), 1bv64), 1), BinaryExpr("add", BinaryExpr("add", ZeroExtend(Register(R1, bv64), 1), ZeroExtend(LocalVar(#1, bv64), 1)), 1bv65))))
      LocalAssign(LocalVar(ZF, bv1) := BinaryExpr("comp", BinaryExpr("add", LocalVar(#2, bv64), 1bv64), 0bv64))
      LocalAssign(LocalVar(NF, bv1) := Extract(BinaryExpr("add", LocalVar(#2, bv64), 1bv64)[64:63]))
    ),
    jumps(
      GoTo("1660:l00000881", condition(BinaryExpr("!=", BinaryExpr("comp", LocalVar(ZF, bv1), 1bv1), 0bv1)))
      GoTo("1640:l00000a06", condition())
    )
  )
  Block("1640:l00000a06",
    statements(
      LocalAssign(Register(R1, bv64) := 65536bv64)
      LocalAssign(Register(R1, bv64) := MemoryLoad(Memory("mem", 64, 8), [BinaryExpr("add", Register(R1, bv64), 4056bv64)]))
    ),
    jumps(
      GoTo("1660:l00000881", condition(BinaryExpr("!=", BinaryExpr("comp", Register(R1, bv64), 0bv64), 0bv1)))
      GoTo("1652:l00000a19", condition())
    )
  )
  Block("1660:l00000881",
    statements(
    ),
    jumps(
      IndirectCall(Register(R30, bv64), condition())
    )
  )
  Block("1652:l00000a19",
    statements(
      LocalAssign(Register(R16, bv64) := Register(R1, bv64))
    ),
    jumps(
      IndirectCall(Register(R16, bv64), condition())
    )
  )
)),
Procedure("1808:frame_dummy", in(), out(Parameter(Register(R0, bv64))), blocks(
  Block("1808:lframe_dummy",
    statements(
    ),
    jumps(
      DirectCall("1664:register_tm_clones", condition())
    )
  )
)),
Procedure("1812:main", in(Parameter(Register(R0, bv64)), Parameter(Register(R1, bv64))), out(Parameter(Register(R1, bv64)), Parameter(Register(R0, bv64))), blocks(
  Block("1812:lmain",
    statements(
      LocalAssign(Register(R31, bv64) := BinaryExpr("add", Register(R31, bv64), 18446744073709551584bv64))
      MemoryAssign(MemoryStore(Memory("mem", 64, 8)[BinaryExpr("add", Register(R31, bv64), 12bv64)] := Extract(Register(R0, bv64)[32:0])))
      MemoryAssign(MemoryStore(Memory("mem", 64, 8)[Register(R31, bv64)] := Register(R1, bv64)))
      MemoryAssign(MemoryStore(Memory("mem", 64, 8)[BinaryExpr("add", Register(R31, bv64), 24bv64)] := 0bv32))
      LocalAssign(Register(R0, bv64) := ZeroExtend(MemoryLoad(Memory("mem", 64, 8), [BinaryExpr("add", Register(R31, bv64), 12bv64)]), 32))
      LocalAssign(LocalVar(#4, bv32) := BinaryExpr("add", Extract(Register(R0, bv64)[32:0]), 4294967295bv32))
      LocalAssign(LocalVar(VF, bv1) := UnaryExpr("not", BinaryExpr("comp", SignExtend(BinaryExpr("add", LocalVar(#4, bv32), 1bv32), 1), BinaryExpr("add", SignExtend(Extract(Register(R0, bv64)[32:0]), 1), 0bv33))))
      LocalAssign(LocalVar(CF, bv1) := UnaryExpr("not", BinaryExpr("comp", ZeroExtend(BinaryExpr("add", LocalVar(#4, bv32), 1bv32), 1), BinaryExpr("add", ZeroExtend(Extract(Register(R0, bv64)[32:0]), 1), 4294967296bv33))))
      LocalAssign(LocalVar(ZF, bv1) := BinaryExpr("comp", BinaryExpr("add", LocalVar(#4, bv32), 1bv32), 0bv32))
      LocalAssign(LocalVar(NF, bv1) := Extract(BinaryExpr("add", LocalVar(#4, bv32), 1bv32)[32:31]))
    ),
    jumps(
      GoTo("1852:l00000963", condition(BinaryExpr("!=", UnaryExpr("not", BinaryExpr("comp", LocalVar(ZF, bv1), 1bv1)), 0bv1)))
      GoTo("1840:l0000099c", condition())
    )
  )
  Block("1852:l00000963",
    statements(
      LocalAssign(Register(R0, bv64) := 2bv64)
      MemoryAssign(MemoryStore(Memory("mem", 64, 8)[BinaryExpr("add", Register(R31, bv64), 24bv64)] := Extract(Register(R0, bv64)[32:0])))
    ),
    jumps(
      GoTo("1860:l00000975", condition())
    )
  )
  Block("1840:l0000099c",
    statements(
      LocalAssign(Register(R0, bv64) := 1bv64)
      MemoryAssign(MemoryStore(Memory("mem", 64, 8)[BinaryExpr("add", Register(R31, bv64), 24bv64)] := Extract(Register(R0, bv64)[32:0])))
    ),
    jumps(
      GoTo("1860:l00000975", condition())
    )
  )
  Block("1860:l00000975",
    statements(
      LocalAssign(Register(R0, bv64) := ZeroExtend(MemoryLoad(Memory("mem", 64, 8), [BinaryExpr("add", Register(R31, bv64), 24bv64)]), 32))
      LocalAssign(Register(R0, bv64) := ZeroExtend(BinaryExpr("add", Extract(Register(R0, bv64)[32:0]), 1bv32), 32))
      MemoryAssign(MemoryStore(Memory("mem", 64, 8)[BinaryExpr("add", Register(R31, bv64), 28bv64)] := Extract(Register(R0, bv64)[32:0])))
      LocalAssign(Register(R0, bv64) := ZeroExtend(MemoryLoad(Memory("mem", 64, 8), [BinaryExpr("add", Register(R31, bv64), 28bv64)]), 32))
      LocalAssign(Register(R31, bv64) := BinaryExpr("add", Register(R31, bv64), 32bv64))
    ),
    jumps(
      IndirectCall(Register(R30, bv64), condition())
    )
  )
)),
Procedure("1664:register_tm_clones", in(), out(Parameter(Register(R0, bv64))), blocks(
  Block("1664:lregister_tm_clones",
    statements(
      LocalAssign(Register(R0, bv64) := 69632bv64)
      LocalAssign(Register(R0, bv64) := BinaryExpr("add", Register(R0, bv64), 16bv64))
      LocalAssign(Register(R1, bv64) := 69632bv64)
      LocalAssign(Register(R1, bv64) := BinaryExpr("add", Register(R1, bv64), 16bv64))
      LocalAssign(Register(R1, bv64) := BinaryExpr("add", BinaryExpr("add", Register(R1, bv64), UnaryExpr("not", Register(R0, bv64))), 1bv64))
      LocalAssign(Register(R2, bv64) := BinaryExpr("++", 0bv63, Extract(Register(R1, bv64)[64:63])))
      LocalAssign(Register(R1, bv64) := BinaryExpr("add", Register(R2, bv64), BinaryExpr("ashr", Register(R1, bv64), ZeroExtend(3bv3, 61))))
      LocalAssign(Register(R1, bv64) := SignExtend(Extract(Register(R1, bv64)[64:1]), 1))
    ),
    jumps(
      GoTo("1720:l000008bd", condition(BinaryExpr("!=", BinaryExpr("comp", Register(R1, bv64), 0bv64), 0bv1)))
      GoTo("1700:l000009e8", condition())
    )
  )
  Block("1700:l000009e8",
    statements(
      LocalAssign(Register(R2, bv64) := 65536bv64)
      LocalAssign(Register(R2, bv64) := MemoryLoad(Memory("mem", 64, 8), [BinaryExpr("add", Register(R2, bv64), 4088bv64)]))
    ),
    jumps(
      GoTo("1720:l000008bd", condition(BinaryExpr("!=", BinaryExpr("comp", Register(R2, bv64), 0bv64), 0bv1)))
      GoTo("1712:l000009fb", condition())
    )
  )
  Block("1720:l000008bd",
    statements(
    ),
    jumps(
      IndirectCall(Register(R30, bv64), condition())
    )
  )
  Block("1712:l000009fb",
    statements(
      LocalAssign(Register(R16, bv64) := Register(R2, bv64))
    ),
    jumps(
      IndirectCall(Register(R16, bv64), condition())
    )
  )
)),
