var {:extern} Gamma_mem: [bv64]bool;
var {:extern} Gamma_stack: [bv64]bool;
var {:extern} mem: [bv64]bv8;
var {:extern} stack: [bv64]bv8;
const {:extern} $_IO_stdin_used_addr: bv64;
axiom ($_IO_stdin_used_addr == 1936bv64);
function {:extern} {:bvbuiltin "bvadd"} bvadd64(bv64, bv64) returns (bv64);
function {:extern} {:bvbuiltin "bvlshr"} bvlshr32(bv32, bv32) returns (bv32);
function {:extern} {:bvbuiltin "bvmul"} bvmul64(bv64, bv64) returns (bv64);
function {:extern} {:bvbuiltin "bvsub"} bvsub64(bv64, bv64) returns (bv64);
function {:extern} {:bvbuiltin "bvule"} bvule64(bv64, bv64) returns (bool);
function {:extern} {:bvbuiltin "bvult"} bvult64(bv64, bv64) returns (bool);
function {:inline} byte_extract32_64(value: bv32, offset: bv64) returns (bv8) {
  bvlshr32(value,bvmul64(offset,8bv64)[32:0])[8:0]
}

function {:extern} gamma_load32(gammaMap: [bv64]bool, index: bv64) returns (bool) {
  (gammaMap[bvadd64(index, 3bv64)] && (gammaMap[bvadd64(index, 2bv64)] && (gammaMap[bvadd64(index, 1bv64)] && gammaMap[index])))
}

function {:extern} gamma_store32(gammaMap: [bv64]bool, index: bv64, value: bool) returns ([bv64]bool) {
  (lambda i: bv64 :: ((if in_bounds64_le(index, 4bv64, i) then value else gammaMap[i])))
}

function {:inline} in_bounds64_le(base: bv64, len: bv64, i: bv64) returns (bool) {
  (if bvule64(base, bvadd64(base, len)) then (bvule64(base, i) && bvult64(i, bvadd64(base, len))) else (bvule64(base, i) || bvult64(i, bvadd64(base, len))))
}

function {:extern} memory_load32_le(memory: [bv64]bv8, index: bv64) returns (bv32) {
  (memory[bvadd64(index, 3bv64)] ++ (memory[bvadd64(index, 2bv64)] ++ (memory[bvadd64(index, 1bv64)] ++ memory[index])))
}

function {:extern} memory_load64_le(memory: [bv64]bv8, index: bv64) returns (bv64) {
  (memory[bvadd64(index, 7bv64)] ++ (memory[bvadd64(index, 6bv64)] ++ (memory[bvadd64(index, 5bv64)] ++ (memory[bvadd64(index, 4bv64)] ++ (memory[bvadd64(index, 3bv64)] ++ (memory[bvadd64(index, 2bv64)] ++ (memory[bvadd64(index, 1bv64)] ++ memory[index])))))))
}

function {:extern} memory_load8_le(memory: [bv64]bv8, index: bv64) returns (bv8) {
  memory[index]
}

function {:extern} memory_store32_le(memory: [bv64]bv8, index: bv64, value: bv32) returns ([bv64]bv8) {
  (lambda i: bv64 :: ((if in_bounds64_le(index, 4bv64, i) then byte_extract32_64(value, bvsub64(i, index)) else memory[i])))
}

procedure {:extern} rely();
  modifies Gamma_mem, mem;
  ensures (mem == old(mem));
  ensures (Gamma_mem == old(Gamma_mem));
  free ensures (memory_load8_le(mem, 1936bv64) == 1bv8);
  free ensures (memory_load8_le(mem, 1937bv64) == 0bv8);
  free ensures (memory_load8_le(mem, 1938bv64) == 2bv8);
  free ensures (memory_load8_le(mem, 1939bv64) == 0bv8);
  free ensures (memory_load64_le(mem, 69064bv64) == 1808bv64);
  free ensures (memory_load64_le(mem, 69072bv64) == 1728bv64);
  free ensures (memory_load64_le(mem, 69592bv64) == 1812bv64);
  free ensures (memory_load64_le(mem, 69672bv64) == 69672bv64);

procedure {:extern} rely_transitive();
  modifies Gamma_mem, mem;
  ensures (mem == old(mem));
  ensures (Gamma_mem == old(Gamma_mem));

implementation {:extern} rely_transitive()
{
  call rely();
  call rely();
}

procedure {:extern} rely_reflexive();

procedure {:extern} guarantee_reflexive();
  modifies Gamma_mem, mem;

procedure main(R31_in: bv64, Gamma_R31_in: bool) returns (R31_out: bv64, Gamma_R31_out: bool, R8_out: bv64, Gamma_R8_out: bool);
  modifies Gamma_stack, stack;
  free requires (memory_load64_le(mem, 69664bv64) == 0bv64);
  free requires (memory_load64_le(mem, 69672bv64) == 69672bv64);
  free requires (memory_load8_le(mem, 1936bv64) == 1bv8);
  free requires (memory_load8_le(mem, 1937bv64) == 0bv8);
  free requires (memory_load8_le(mem, 1938bv64) == 2bv8);
  free requires (memory_load8_le(mem, 1939bv64) == 0bv8);
  free requires (memory_load64_le(mem, 69064bv64) == 1808bv64);
  free requires (memory_load64_le(mem, 69072bv64) == 1728bv64);
  free requires (memory_load64_le(mem, 69592bv64) == 1812bv64);
  free requires (memory_load64_le(mem, 69672bv64) == 69672bv64);
  free ensures (memory_load8_le(mem, 1936bv64) == 1bv8);
  free ensures (memory_load8_le(mem, 1937bv64) == 0bv8);
  free ensures (memory_load8_le(mem, 1938bv64) == 2bv8);
  free ensures (memory_load8_le(mem, 1939bv64) == 0bv8);
  free ensures (memory_load64_le(mem, 69064bv64) == 1808bv64);
  free ensures (memory_load64_le(mem, 69072bv64) == 1728bv64);
  free ensures (memory_load64_le(mem, 69592bv64) == 1812bv64);
  free ensures (memory_load64_le(mem, 69672bv64) == 69672bv64);

implementation main(R31_in: bv64, Gamma_R31_in: bool) returns (R31_out: bv64, Gamma_R31_out: bool, R8_out: bv64, Gamma_R8_out: bool)
{
  var Gamma_R8_15: bool;
  var Gamma_R8_17: bool;
  var Gamma_R8_2: bool;
  var Gamma_R8_20: bool;
  var Gamma_R8_22: bool;
  var Gamma_R8_8: bool;
  var Gamma_R8_9: bool;
  var R8_15: bv64;
  var R8_17: bv64;
  var R8_2: bv32;
  var R8_20: bv64;
  var R8_22: bv64;
  var R8_8: bv64;
  var R8_9: bv32;
  $main$__0__$3GlaOF1MR7aaQai1pc2v2g:
    stack, Gamma_stack := memory_store32_le(stack, bvadd64(R31_in, 18446744073709551612bv64), 1bv32), gamma_store32(Gamma_stack, bvadd64(R31_in, 18446744073709551612bv64), true);
    stack, Gamma_stack := memory_store32_le(stack, bvadd64(R31_in, 18446744073709551608bv64), 0bv32), gamma_store32(Gamma_stack, bvadd64(R31_in, 18446744073709551608bv64), true);
    R8_2, Gamma_R8_2 := memory_load32_le(stack, bvadd64(R31_in, 18446744073709551612bv64)), gamma_load32(Gamma_stack, bvadd64(R31_in, 18446744073709551612bv64));
    stack, Gamma_stack := memory_store32_le(stack, bvadd64(R31_in, 18446744073709551604bv64), R8_2), gamma_store32(Gamma_stack, bvadd64(R31_in, 18446744073709551604bv64), Gamma_R8_2);
    assert Gamma_R8_2;
    goto $main$__0__$3GlaOF1MR7aaQai1pc2v2g$__0, $main$__0__$3GlaOF1MR7aaQai1pc2v2g$__1;
  $main$__0__$3GlaOF1MR7aaQai1pc2v2g$__1:
    assume (R8_2 == 1bv32);
    goto $main$__0__$3GlaOF1MR7aaQai1pc2v2g$__1_phi_$main$__0__$3GlaOF1MR7aaQai1pc2v2g_goto_$main$__5__$24PniileSwWTb~gBPRo3qQ_phi_back_$main$__0__$3GlaOF1MR7aaQai1pc2v2g_goto_$main$__5__$24PniileSwWTb~gBPRo3qQ, $main$__0__$3GlaOF1MR7aaQai1pc2v2g$__1_phi_$main$__0__$3GlaOF1MR7aaQai1pc2v2g_goto_$main$__1__$4x~lmTLbT2auzSCUAlHDag_phi_back_$main$__0__$3GlaOF1MR7aaQai1pc2v2g_goto_$main$__1__$4x~lmTLbT2auzSCUAlHDag;
  $main$__0__$3GlaOF1MR7aaQai1pc2v2g$__1_phi_$main$__0__$3GlaOF1MR7aaQai1pc2v2g_goto_$main$__1__$4x~lmTLbT2auzSCUAlHDag_phi_back_$main$__0__$3GlaOF1MR7aaQai1pc2v2g_goto_$main$__1__$4x~lmTLbT2auzSCUAlHDag:
    R8_8, Gamma_R8_8 := 1bv64, true;
    assert Gamma_R8_8;
    goto $main$__0__$3GlaOF1MR7aaQai1pc2v2g_goto_$main$__1__$4x~lmTLbT2auzSCUAlHDag;
  $main$__0__$3GlaOF1MR7aaQai1pc2v2g$__1_phi_$main$__0__$3GlaOF1MR7aaQai1pc2v2g_goto_$main$__5__$24PniileSwWTb~gBPRo3qQ_phi_back_$main$__0__$3GlaOF1MR7aaQai1pc2v2g_goto_$main$__5__$24PniileSwWTb~gBPRo3qQ:
    R8_20, Gamma_R8_20 := 1bv64, true;
    assert Gamma_R8_20;
    goto $main$__0__$3GlaOF1MR7aaQai1pc2v2g_goto_$main$__5__$24PniileSwWTb~gBPRo3qQ;
  $main$__0__$3GlaOF1MR7aaQai1pc2v2g$__0:
    assume (!(R8_2 == 1bv32));
    goto $main$__0__$3GlaOF1MR7aaQai1pc2v2g$__0_phi_back_$main$__0__$3GlaOF1MR7aaQai1pc2v2g_goto_$main$__1__$4x~lmTLbT2auzSCUAlHDag, $main$__0__$3GlaOF1MR7aaQai1pc2v2g$__0_phi_back_$main$__0__$3GlaOF1MR7aaQai1pc2v2g_goto_$main$__5__$24PniileSwWTb~gBPRo3qQ;
  $main$__0__$3GlaOF1MR7aaQai1pc2v2g$__0_phi_back_$main$__0__$3GlaOF1MR7aaQai1pc2v2g_goto_$main$__5__$24PniileSwWTb~gBPRo3qQ:
    R8_20, Gamma_R8_20 := 0bv64, true;
    assert Gamma_R8_20;
    goto $main$__0__$3GlaOF1MR7aaQai1pc2v2g_goto_$main$__5__$24PniileSwWTb~gBPRo3qQ;
  $main$__0__$3GlaOF1MR7aaQai1pc2v2g_goto_$main$__5__$24PniileSwWTb~gBPRo3qQ:
    assume (R8_20[1:0] == 1bv1);
    goto $main$__5__$24PniileSwWTb~gBPRo3qQ;
  $main$__0__$3GlaOF1MR7aaQai1pc2v2g$__0_phi_back_$main$__0__$3GlaOF1MR7aaQai1pc2v2g_goto_$main$__1__$4x~lmTLbT2auzSCUAlHDag:
    R8_8, Gamma_R8_8 := 0bv64, true;
    assert Gamma_R8_8;
    goto $main$__0__$3GlaOF1MR7aaQai1pc2v2g_goto_$main$__1__$4x~lmTLbT2auzSCUAlHDag;
  $main$__0__$3GlaOF1MR7aaQai1pc2v2g_goto_$main$__1__$4x~lmTLbT2auzSCUAlHDag:
    assume (!(R8_8[1:0] == 1bv1));
    R8_9, Gamma_R8_9 := memory_load32_le(stack, bvadd64(R31_in, 18446744073709551604bv64)), gamma_load32(Gamma_stack, bvadd64(R31_in, 18446744073709551604bv64));
    assert Gamma_R8_9;
    goto $main$__2__$jyrJQYSIS2Ws80LCkGPZrA$__0, $main$__2__$jyrJQYSIS2Ws80LCkGPZrA$__1;
  $main$__2__$jyrJQYSIS2Ws80LCkGPZrA$__1:
    assume (!(R8_9 == 3bv32));
    goto $main$__2__$jyrJQYSIS2Ws80LCkGPZrA$__1_phi_$main$__2__$jyrJQYSIS2Ws80LCkGPZrA_goto_$main$__6__$M0Alxdx8S_6NyJoZnSXkvw_phi_back_$main$__2__$jyrJQYSIS2Ws80LCkGPZrA_goto_$main$__6__$M0Alxdx8S_6NyJoZnSXkvw, $main$__2__$jyrJQYSIS2Ws80LCkGPZrA$__1_phi_$main$__2__$jyrJQYSIS2Ws80LCkGPZrA_goto_$main$__3__$XW5NfPfUQ4KyEikucDTunQ_phi_back_$main$__2__$jyrJQYSIS2Ws80LCkGPZrA_goto_$main$__3__$XW5NfPfUQ4KyEikucDTunQ;
  $main$__2__$jyrJQYSIS2Ws80LCkGPZrA$__1_phi_$main$__2__$jyrJQYSIS2Ws80LCkGPZrA_goto_$main$__3__$XW5NfPfUQ4KyEikucDTunQ_phi_back_$main$__2__$jyrJQYSIS2Ws80LCkGPZrA_goto_$main$__3__$XW5NfPfUQ4KyEikucDTunQ:
    R8_15, Gamma_R8_15 := 1bv64, true;
    assert Gamma_R8_15;
    goto $main$__2__$jyrJQYSIS2Ws80LCkGPZrA_goto_$main$__3__$XW5NfPfUQ4KyEikucDTunQ;
  $main$__2__$jyrJQYSIS2Ws80LCkGPZrA$__1_phi_$main$__2__$jyrJQYSIS2Ws80LCkGPZrA_goto_$main$__6__$M0Alxdx8S_6NyJoZnSXkvw_phi_back_$main$__2__$jyrJQYSIS2Ws80LCkGPZrA_goto_$main$__6__$M0Alxdx8S_6NyJoZnSXkvw:
    R8_17, Gamma_R8_17 := 1bv64, true;
    assert Gamma_R8_17;
    goto $main$__2__$jyrJQYSIS2Ws80LCkGPZrA_goto_$main$__6__$M0Alxdx8S_6NyJoZnSXkvw;
  $main$__2__$jyrJQYSIS2Ws80LCkGPZrA$__0:
    assume (R8_9 == 3bv32);
    goto $main$__2__$jyrJQYSIS2Ws80LCkGPZrA$__0_phi_back_$main$__2__$jyrJQYSIS2Ws80LCkGPZrA_goto_$main$__3__$XW5NfPfUQ4KyEikucDTunQ, $main$__2__$jyrJQYSIS2Ws80LCkGPZrA$__0_phi_back_$main$__2__$jyrJQYSIS2Ws80LCkGPZrA_goto_$main$__6__$M0Alxdx8S_6NyJoZnSXkvw;
  $main$__2__$jyrJQYSIS2Ws80LCkGPZrA$__0_phi_back_$main$__2__$jyrJQYSIS2Ws80LCkGPZrA_goto_$main$__6__$M0Alxdx8S_6NyJoZnSXkvw:
    R8_17, Gamma_R8_17 := 0bv64, true;
    assert Gamma_R8_17;
    goto $main$__2__$jyrJQYSIS2Ws80LCkGPZrA_goto_$main$__6__$M0Alxdx8S_6NyJoZnSXkvw;
  $main$__2__$jyrJQYSIS2Ws80LCkGPZrA_goto_$main$__6__$M0Alxdx8S_6NyJoZnSXkvw:
    assume (R8_17[1:0] == 1bv1);
    stack, Gamma_stack := memory_store32_le(stack, bvadd64(R31_in, 18446744073709551608bv64), 5bv32), gamma_store32(Gamma_stack, bvadd64(R31_in, 18446744073709551608bv64), true);
    R8_22, Gamma_R8_22 := 5bv64, true;
    goto $main$__7__$Imv7ODlKQ3y~H7OMiSSR_w;
  $main$__2__$jyrJQYSIS2Ws80LCkGPZrA$__0_phi_back_$main$__2__$jyrJQYSIS2Ws80LCkGPZrA_goto_$main$__3__$XW5NfPfUQ4KyEikucDTunQ:
    R8_15, Gamma_R8_15 := 0bv64, true;
    assert Gamma_R8_15;
    goto $main$__2__$jyrJQYSIS2Ws80LCkGPZrA_goto_$main$__3__$XW5NfPfUQ4KyEikucDTunQ;
  $main$__2__$jyrJQYSIS2Ws80LCkGPZrA_goto_$main$__3__$XW5NfPfUQ4KyEikucDTunQ:
    assume (!(R8_15[1:0] == 1bv1));
    stack, Gamma_stack := memory_store32_le(stack, bvadd64(R31_in, 18446744073709551608bv64), 3bv32), gamma_store32(Gamma_stack, bvadd64(R31_in, 18446744073709551608bv64), true);
    goto $main$__5__$24PniileSwWTb~gBPRo3qQ;
  $main$__5__$24PniileSwWTb~gBPRo3qQ:
    stack, Gamma_stack := memory_store32_le(stack, bvadd64(R31_in, 18446744073709551608bv64), 1bv32), gamma_store32(Gamma_stack, bvadd64(R31_in, 18446744073709551608bv64), true);
    R8_22, Gamma_R8_22 := 1bv64, true;
    goto $main$__7__$Imv7ODlKQ3y~H7OMiSSR_w;
  $main$__7__$Imv7ODlKQ3y~H7OMiSSR_w:
    goto main_basil_return;
  main_basil_return:
    R31_out, R8_out := R31_in, R8_22;
    Gamma_R31_out, Gamma_R8_out := Gamma_R31_in, Gamma_R8_22;
    return;
}

